02-23 15:40:38.724  1919  1934 W JavaBinder: BinderProxy is being destroyed but the application did not call unlinkToDeath to unlink all of its death recipients beforehand.  Releasing leaked death recipient: com.android.server.input.InputManagerService$$ExternalSyntheticLambda7
02-23 15:40:38.724  1919  1934 I BpBinder: onLastStrongRef automatically unlinking death recipients: 
02-23 15:40:38.730  1919  1935 W System  : A resource failed to call HardwareBuffer.close. 
02-23 15:40:39.286  1919  2170 D fingersense_manager: Calling fingersense_classify_touch()
02-23 15:40:39.300   939  1604 I Scheduler: boostTimerCallback timer change to TimerState: Reset
02-23 15:40:39.300   939  1352 I Scheduler: idleTimerCallback timer change to TimerState: Reset
02-23 15:40:39.301   939  1344 I Scheduler: touchTimerCallback timer change to TimerState: Reset
02-23 15:40:39.501   939  1344 I Scheduler: touchTimerCallback timer change to TimerState: Expired
02-23 15:40:40.093   939  1352 I Scheduler: idleTimerCallback timer change to TimerState: Expired
02-23 15:40:40.093   939  1352 I Scheduler: idleTimerCallback call boostTimerCallback Expired
02-23 15:40:40.093   939  1352 I Scheduler: boostTimerCallback timer change to TimerState: Expiring
02-23 15:40:40.106   939  1352 I Scheduler: idleTimerCallback timer change to TimerState: Reset
02-23 15:40:40.140  2792  3061 I ConnCureController: checkDataWhenCallPending isCaredApp:false,isAllowed:true,isDataEnabled:true
02-23 15:40:40.140  2792  3061 E ConnCureController: checkDataWhileSlaveCall oversea version, return.
02-23 15:40:40.289  1919  2327 I ClipboardService: callingPackage:com.superpartybyai.app, uid =10298, isDefaultDeviceFocusedWindow =true, isVirtualDeviceFocusedWindow =false
02-23 15:40:40.540   939  1352 I Scheduler: idleTimerCallback timer change to TimerState: Expired
02-23 15:40:41.066  1919  2170 D fingersense_manager: Calling fingersense_classify_touch()
02-23 15:40:41.083   939  2350 I Scheduler: boostTimerCallback timer change to TimerState: Reset
02-23 15:40:41.084   939  1352 I Scheduler: idleTimerCallback timer change to TimerState: Reset
02-23 15:40:41.086   939  1344 I Scheduler: touchTimerCallback timer change to TimerState: Reset
02-23 15:40:41.503   939  1344 I Scheduler: touchTimerCallback timer change to TimerState: Expired
02-23 15:40:42.307  1919  1941 I ClipboardService: callingPackage:com.superpartybyai.app, uid =10298, isDefaultDeviceFocusedWindow =true, isVirtualDeviceFocusedWindow =false
02-23 15:40:42.527   939  1352 I Scheduler: idleTimerCallback timer change to TimerState: Expired
02-23 15:40:42.527   939  1352 I Scheduler: idleTimerCallback call boostTimerCallback Expired
02-23 15:40:42.527   939  1352 I Scheduler: boostTimerCallback timer change to TimerState: Expiring
02-23 15:40:43.075  4777  5035 I AWARENESS_D_P_InquiryProviderCallExecMethod: invoke begin, calling pkg name: com.hihonor.awareness
02-23 15:40:43.075  4777  5035 I AWARENESS_D_P_InquiryProviderCallExecMethod: invoke duration is 0
02-23 15:40:43.083 23394 23394 D BrainClient: BrainClient: call disconnect, caller is com.hihonor.assistant
02-23 15:40:43.137   939  1352 I Scheduler: idleTimerCallback timer change to TimerState: Reset
02-23 15:40:43.338   939  1352 I Scheduler: idleTimerCallback timer change to TimerState: Expired
02-23 15:40:44.136   939  1352 I Scheduler: idleTimerCallback timer change to TimerState: Reset
02-23 15:40:44.303   939  1345 I Scheduler: boostTimerCallback timer change to TimerState: Expired
02-23 15:40:44.337   939  1352 I Scheduler: idleTimerCallback timer change to TimerState: Expired
02-23 15:40:48.996  1919  1951 I EventHub: wake() called
02-23 15:40:52.717  2792 23786 I Booster_SarControlManager: processBandCallback, type=4, slotId=0, bundle_key1=0
02-23 15:40:52.718  2792  3061 I SwitchFastToSlow: handleSwitchFastToSlow mIsDoneSwitchToSlow = false, is2GAndCall = false, isBigPowerState = false, isGprsEdge = false
02-23 15:40:52.718  2792  3061 I SwitchFastToSlow: handleBigPowerCallback, end, slotId = 0, isBigPower=false
02-23 15:40:52.718  2792  3061 I Booster_SarControlManager: handleBigPowerCallback, enter, slotId=0, powerState=0, is_sub0_big_power=0, is_sub1_big_power=-1, isChange=true
02-23 15:40:52.727  2792  3061 I Booster_SarControlManager: handleControlSAR, hasFind=true, ruleData value: is_earpiece_on=0, is_speaker_phoneon=0, is_sub0_big_power=0, is_sub0_voice=0, is_sub1_voice=0, is_usb_ac_charge=0, is_voip_voice=0, is_wifi_ap_opened=1, is_wifi_connected=0, is_wifi_p2p_connected=0, sar_cell_reduce=7, sar_wifi_24GHz_reduce=16, sar_wifi_5GHz_reduce=16, sim_type=3, wifi_ap_band=1, wifi_band=1, wifi_p2p_band=9, wifi_station_band=9, 
02-23 15:40:54.224  2792 23786 I Booster_SarControlManager: processBandCallback, type=4, slotId=0, bundle_key1=1
02-23 15:40:54.225  2792  3061 I SwitchFastToSlow: handleSwitchFastToSlow mIsDoneSwitchToSlow = false, is2GAndCall = false, isBigPowerState = true, isGprsEdge = false
02-23 15:40:54.225  2792  3061 I SwitchFastToSlow: handleBigPowerCallback, end, slotId = 0, isBigPower=true
02-23 15:40:54.225  2792  3061 I Booster_SarControlManager: handleBigPowerCallback, enter, slotId=0, powerState=1, is_sub0_big_power=1, is_sub1_big_power=-1, isChange=true
02-23 15:40:54.230  2792  3061 I Booster_SarControlManager: handleControlSAR, hasFind=true, ruleData value: is_earpiece_on=0, is_speaker_phoneon=0, is_sub0_big_power=1, is_sub0_voice=0, is_sub1_voice=0, is_usb_ac_charge=0, is_voip_voice=0, is_wifi_ap_opened=1, is_wifi_connected=0, is_wifi_p2p_connected=0, sar_cell_reduce=7, sar_wifi_24GHz_reduce=16, sar_wifi_5GHz_reduce=16, sim_type=3, wifi_ap_band=1, wifi_band=1, wifi_p2p_band=9, wifi_station_band=9, 
02-23 15:40:57.221   939  1352 I Scheduler: idleTimerCallback timer change to TimerState: Reset
02-23 15:40:57.422   939  1352 I Scheduler: idleTimerCallback timer change to TimerState: Expired
02-23 15:40:58.220  2382  2382 D Choreographer: still have 492 traversal callbacks
02-23 15:40:58.231   939  1352 I Scheduler: idleTimerCallback timer change to TimerState: Reset
02-23 15:40:58.432   939  1352 I Scheduler: idleTimerCallback timer change to TimerState: Expired
02-23 15:41:00.086   939  1352 I Scheduler: idleTimerCallback timer change to TimerState: Reset
02-23 15:41:00.287   939  1352 I Scheduler: idleTimerCallback timer change to TimerState: Expired
02-23 15:41:03.241   939  1352 I Scheduler: idleTimerCallback timer change to TimerState: Reset
02-23 15:41:03.442   939  1352 I Scheduler: idleTimerCallback timer change to TimerState: Expired
02-23 15:41:04.254   939  1352 I Scheduler: idleTimerCallback timer change to TimerState: Reset
02-23 15:41:04.455   939  1352 I Scheduler: idleTimerCallback timer change to TimerState: Expired
02-23 15:41:05.268   939  1352 I Scheduler: idleTimerCallback timer change to TimerState: Reset
02-23 15:41:05.468   939  1352 I Scheduler: idleTimerCallback timer change to TimerState: Expired
02-23 15:41:10.300   939  1352 I Scheduler: idleTimerCallback timer change to TimerState: Reset
02-23 15:41:10.501   939  1352 I Scheduler: idleTimerCallback timer change to TimerState: Expired
02-23 15:41:11.292   939  1352 I Scheduler: idleTimerCallback timer change to TimerState: Reset
02-23 15:41:11.492   939  1352 I Scheduler: idleTimerCallback timer change to TimerState: Expired
02-23 15:41:16.953  1919  2170 D fingersense_manager: Calling fingersense_classify_touch()
02-23 15:41:16.977   939  1345 I Scheduler: boostTimerCallback timer change to TimerState: Reset
02-23 15:41:16.979   939  1352 I Scheduler: idleTimerCallback timer change to TimerState: Reset
02-23 15:41:16.980   939  1344 I Scheduler: touchTimerCallback timer change to TimerState: Reset
02-23 15:41:16.994  2822  2822 D Choreographer: still have 3 traversal callbacks
02-23 15:41:17.389   939  1344 I Scheduler: touchTimerCallback timer change to TimerState: Expired
02-23 15:41:17.683  1919  2170 D fingersense_manager: Calling fingersense_classify_touch()
02-23 15:41:17.699   939  1344 I Scheduler: touchTimerCallback timer change to TimerState: Reset
02-23 15:41:18.072   939  1344 I Scheduler: touchTimerCallback timer change to TimerState: Expired
02-23 15:41:18.152   939  1352 I Scheduler: idleTimerCallback timer change to TimerState: Expired
02-23 15:41:18.152   939  1352 I Scheduler: idleTimerCallback call boostTimerCallback Expired
02-23 15:41:18.152   939  1352 I Scheduler: boostTimerCallback timer change to TimerState: Expiring
02-23 15:41:18.232  1919  2170 D fingersense_manager: Calling fingersense_classify_touch()
02-23 15:41:18.246   939  2351 I Scheduler: boostTimerCallback timer change to TimerState: Reset
02-23 15:41:18.246   939  1352 I Scheduler: idleTimerCallback timer change to TimerState: Reset
02-23 15:41:18.247   939  1344 I Scheduler: touchTimerCallback timer change to TimerState: Reset
02-23 15:41:18.620   939  1344 I Scheduler: touchTimerCallback timer change to TimerState: Expired
02-23 15:41:18.715  1919  2170 D fingersense_manager: Calling fingersense_classify_touch()
02-23 15:41:18.730   939  1344 I Scheduler: touchTimerCallback timer change to TimerState: Reset
02-23 15:41:18.996  1919  1951 I EventHub: wake() called
02-23 15:41:19.052   939  1344 I Scheduler: touchTimerCallback timer change to TimerState: Expired
02-23 15:41:19.105   939  1352 I Scheduler: idleTimerCallback timer change to TimerState: Expired
02-23 15:41:19.105   939  1352 I Scheduler: idleTimerCallback call boostTimerCallback Expired
02-23 15:41:19.105   939  1352 I Scheduler: boostTimerCallback timer change to TimerState: Expiring
02-23 15:41:19.247  1919  2170 D fingersense_manager: Calling fingersense_classify_touch()
02-23 15:41:19.261   939  1604 I Scheduler: boostTimerCallback timer change to TimerState: Reset
02-23 15:41:19.261   939  1352 I Scheduler: idleTimerCallback timer change to TimerState: Reset
02-23 15:41:19.262   939  1344 I Scheduler: touchTimerCallback timer change to TimerState: Reset
02-23 15:41:19.537   939  1344 I Scheduler: touchTimerCallback timer change to TimerState: Expired
02-23 15:41:19.561   939  1352 I Scheduler: idleTimerCallback timer change to TimerState: Expired
02-23 15:41:19.562   939  1352 I Scheduler: idleTimerCallback call boostTimerCallback Expired
02-23 15:41:19.562   939  1352 I Scheduler: boostTimerCallback timer change to TimerState: Expiring
02-23 15:41:20.335   939  1352 I Scheduler: idleTimerCallback timer change to TimerState: Reset
02-23 15:41:20.536   939  1352 I Scheduler: idleTimerCallback timer change to TimerState: Expired
02-23 15:41:21.334   939  1352 I Scheduler: idleTimerCallback timer change to TimerState: Reset
02-23 15:41:21.535   939  1352 I Scheduler: idleTimerCallback timer change to TimerState: Expired
02-23 15:41:21.809  1919  2170 D fingersense_manager: Calling fingersense_classify_touch()
02-23 15:41:21.823   939  2351 I Scheduler: boostTimerCallback timer change to TimerState: Reset
02-23 15:41:21.823   939  1352 I Scheduler: idleTimerCallback timer change to TimerState: Reset
02-23 15:41:21.825   939  1344 I Scheduler: touchTimerCallback timer change to TimerState: Reset
02-23 15:41:22.162   939  1344 I Scheduler: touchTimerCallback timer change to TimerState: Expired
02-23 15:41:22.582   939  1352 I Scheduler: idleTimerCallback timer change to TimerState: Expired
02-23 15:41:22.582   939  1352 I Scheduler: idleTimerCallback call boostTimerCallback Expired
02-23 15:41:22.582   939  1352 I Scheduler: boostTimerCallback timer change to TimerState: Expiring
02-23 15:41:23.347   939  1352 I Scheduler: idleTimerCallback timer change to TimerState: Reset
02-23 15:41:23.547   939  1352 I Scheduler: idleTimerCallback timer change to TimerState: Expired
02-23 15:41:24.346   939  1352 I Scheduler: idleTimerCallback timer change to TimerState: Reset
02-23 15:41:24.547   939  1352 I Scheduler: idleTimerCallback timer change to TimerState: Expired
02-23 15:41:24.962   939  1345 I Scheduler: boostTimerCallback timer change to TimerState: Expired
02-23 15:41:25.362   939  1352 I Scheduler: idleTimerCallback timer change to TimerState: Reset
02-23 15:41:25.563   939  1352 I Scheduler: idleTimerCallback timer change to TimerState: Expired
02-23 15:41:26.366   939  1352 I Scheduler: idleTimerCallback timer change to TimerState: Reset
02-23 15:41:26.567   939  1352 I Scheduler: idleTimerCallback timer change to TimerState: Expired
02-23 15:41:33.411   939  1352 I Scheduler: idleTimerCallback timer change to TimerState: Reset
02-23 15:41:33.612   939  1352 I Scheduler: idleTimerCallback timer change to TimerState: Expired
02-23 15:41:34.421   939  1352 I Scheduler: idleTimerCallback timer change to TimerState: Reset
02-23 15:41:34.621   939  1352 I Scheduler: idleTimerCallback timer change to TimerState: Expired
02-23 15:41:38.430   939  1352 I Scheduler: idleTimerCallback timer change to TimerState: Reset
02-23 15:41:38.631   939  1352 I Scheduler: idleTimerCallback timer change to TimerState: Expired
02-23 15:41:39.439   939  1352 I Scheduler: idleTimerCallback timer change to TimerState: Reset
02-23 15:41:39.640   939  1352 I Scheduler: idleTimerCallback timer change to TimerState: Expired
