02-23 15:36:24.643 21248 21248 V ActivityThread: callActivityOnCreate
02-23 15:36:24.718  2792 14930 I HnContentRegService: getWhiteActivityConfig: callingApp com.whatsapp
02-23 15:36:24.722  1919  6468 D CoreBackPreview: Window{79bcf36 u0 com.whatsapp/com.whatsapp.Conversation}: Setting back callback OnBackInvokedCallbackInfo{mCallback=android.window.IOnBackInvokedCallback$Stub$Proxy@9968fa4, mPriority=0, mIsAnimationCallback=false}
02-23 15:36:24.723  2792 14930 I HnContentRegService: getBlackActivityConfig: callingApp com.whatsapp
02-23 15:36:24.726  2792 14930 I HnContentRegService: getBlackActivityConfig: no callingApp com.whatsapp
02-23 15:36:24.840  1919  1952 V WindowManager:     startWCT=WindowContainerTransaction { changes = {} hops = [] errorCallbackToken=null taskFragmentOrganizer=null }
02-23 15:36:24.867  1919  6468 I BLASTSyncEngine: transaction commit callback: 8110
02-23 15:36:28.915  1919  1953 I TransitionController: first create transition: TransitionRecord{e7307de id=-1 type=OPEN flags=0x0}, caller: com.android.server.wm.ActivityStarter.executeRequest:1793 com.android.server.wm.HwActivityStarter.executeRequest:352 com.android.server.wm.ActivityStarter.execute:1001 com.android.server.wm.HwActivityStarter.execute:683 com.android.server.wm.ActivityStartController.startHomeActivity:227 
02-23 15:36:28.915  1919  1953 I ActivityStarter: shouldShowFreeformWindow realCallingPackage = isRes= true rotation= 0 orientation = -1 isPortarait = false sourceRecord = null isMagicWin = false isForceRotation = false r.packageName = com.hihonor.android.launcher isAE= false sourceLaunchedFromPackage=  isInBlackList= false r.info = ActivityInfo{7a90e63 com.hihonor.android.launcher.unihome.UniHomeLauncher}
02-23 15:36:28.919  1919  1953 W HwActivityTaskManagerServiceEx: setResumedActivityUncheckLocked start call, from: ActivityRecord{55feb0c u0 com.whatsapp/.Conversation t24755 mVisible=true mOccludesParent=true mode=fullscreen boundsRect(0, 0 - 720, 1612)}, to: ActivityRecord{c423c3f u0 com.hihonor.android.launcher/.unihome.UniHomeLauncher t5 mVisible=false mOccludesParent=true mode=fullscreen boundsRect(0, 0 - 720, 1612)}
02-23 15:36:28.928  2822  2822 I ActivityThread: Performing restart of ActivityRecord{ec7fba3 token=android.os.BinderProxy@e4cd847 {com.hihonor.android.launcher/com.hihonor.android.launcher.unihome.UniHomeLauncher}} start=false callers:android.app.servertransaction.TransactionExecutor.performLifecycleSequence:264 android.app.servertransaction.TransactionExecutor.cycleToPath:219 android.app.servertransaction.TransactionExecutor.executeLifecycleState:191 android.app.servertransaction.TransactionExecutor.execute:106 android.app.ActivityThread$H.handleMessage:3078 android.os.Handler.dispatchMessage:117 android.os.Looper.loopOnce:210 android.os.Looper.loop:302 android.app.ActivityThread.main:9675 java.lang.reflect.Method.invoke:-2 
02-23 15:36:28.931  1919  2122 D HwActivityManagerServiceEx: getPackageNameForPid callingAppId: 1000
02-23 15:36:29.015  1919  2122 D HwActivityManagerServiceEx: getPackageNameForPid callingAppId: 1000
02-23 15:36:29.036  1919  2019 I BLASTSyncEngine: transaction commit callback: 8111
02-23 15:36:29.049  1919  1952 V WindowManager:     startWCT=WindowContainerTransaction { changes = {} hops = [] errorCallbackToken=null taskFragmentOrganizer=null }
02-23 15:36:29.063  1919  2718 I HwAudioService: now type = 0,reportForegroundAppType = 28,pkg = null,systemload = 0VOIP_OPTIMIZE_IN_GAMEMODEfalse
02-23 15:36:29.094  1919  2122 D HwActivityManagerServiceEx: getPackageNameForPid callingAppId: 1000
02-23 15:36:29.906  1919  2019 D HwActivityManagerServiceEx: getPackageNameForPid callingAppId: 1000
02-23 15:37:20.911  1919  2019 I PackageManager: setEnabledSetting pkg:com.android.vending, className:com.android.vending.AssetBrowserActivity, newState:1, flags:1, userId:0, CallingPid:24982, CallingUid:10140
02-23 15:37:21.528  1919  6470 I PackageManager: setEnabledSetting pkg:com.android.vending, className:com.google.android.finsky.activities.DebugActivity, newState:2, flags:1, userId:0, CallingPid:24982, CallingUid:10140
02-23 15:37:21.528  1919  2718 I PackageManager: setEnabledSetting pkg:com.android.vending, className:com.google.android.finsky.systemupdateactivity.SystemUpdateActivity, newState:2, flags:1, userId:0, CallingPid:24982, CallingUid:10140
02-23 15:37:21.528  1919  6466 I PackageManager: setEnabledSetting pkg:com.android.vending, className:com.google.android.finsky.hibernation.impl.UnhibernateActivity, newState:1, flags:1, userId:0, CallingPid:24982, CallingUid:10140
02-23 15:37:21.532  1919  2718 I PackageManager: setEnabledSetting pkg:com.android.vending, className:com.google.android.finsky.systemcomponentupdateui.common.SystemComponentUpdateActivity, newState:1, flags:1, userId:0, CallingPid:24982, CallingUid:10140
02-23 15:37:22.885  1919  1974 I WindowManager: setSurfaceControl null, caller = com.android.server.wm.WindowContainer.removeImmediately:874 com.android.server.wm.WindowState.removeImmediately:3014 com.android.server.wm.WindowState.removeIfPossible:3189 com.android.server.wm.WindowToken.removeAllWindowsIfPossible:293 com.android.server.wm.ActivityRecord.removeIfPossible:5459 com.android.server.wm.ActivityRecord.onRemovedFromDisplay:5547 com.android.server.wm.DisplayContent.removeAppToken:1835 com.android.server.wm.ActivityRecord.removeFromHistory:5133 com.android.server.wm.ActivityRecord.handleAppDied:5434 com.android.server.wm.WindowProcessController.handleAppDied:1524 
02-23 15:37:23.084  1919  1974 I WindowManager: setSurfaceControl null, caller = com.android.server.wm.ActivityRecord.setSurfaceControl:2183 com.android.server.wm.WindowContainer.removeImmediately:874 com.android.server.wm.WindowToken.removeImmediately:413 com.android.server.wm.ActivityRecord.removeImmediately:5453 com.android.server.wm.ActivityRecord.removeIfPossible:5460 com.android.server.wm.ActivityRecord.onRemovedFromDisplay:5547 com.android.server.wm.DisplayContent.removeAppToken:1835 com.android.server.wm.ActivityRecord.removeFromHistory:5133 com.android.server.wm.ActivityRecord.handleAppDied:5434 com.android.server.wm.WindowProcessController.handleAppDied:1524 
02-23 15:37:23.090  1919  1974 I WindowManager: setSurfaceControl null, caller = com.android.server.wm.TaskFragment.setSurfaceControl:3124 com.android.server.wm.Task.setSurfaceControl:5814 com.android.server.wm.WindowContainer.removeImmediately:874 com.android.server.wm.TaskFragment.removeImmediately:3444 com.android.server.wm.Task.removeImmediately:3739 com.android.server.wm.Task.removeIfPossible:1123 com.android.server.wm.Task.removeChild:2046 com.android.server.wm.Task.removeChild:1989 com.android.server.wm.WindowContainer.removeImmediately:887 com.android.server.wm.WindowToken.removeImmediately:413 
02-23 15:37:23.091  1919  1974 I removeFromHistory: ActivityRecord{3a6fb4d u0 com.superpartybyai.app/.MainActivity t-1 f} mVisible=false mOccludesParent=true mode=fullscreen boundsRect(0, 0 - 720, 1612)} reason appDied Callers=com.android.server.wm.ActivityRecord.handleAppDied:5434 com.android.server.wm.WindowProcessController.handleAppDied:1524 com.android.server.wm.ActivityTaskManagerService$LocalService.handleAppDied:7561 com.android.server.am.ActivityManagerService.handleAppDiedLocked:3728 com.android.server.am.ProcessList.removeProcessLocked:3427 com.android.server.am.ProcessList.killPackageProcessesLSP:3282 com.android.server.am.ActivityManagerService.forceStopPackageLocked:4823 com.android.server.am.ActivityManagerService$MainHandler.handleMessage:2093 
02-23 15:37:23.143  1919  1955 W ActivityManager: setHasOverlayUi called on unknown pid: 20011
02-23 15:37:23.191  1919  2020 D HwActivityManagerServiceEx: getPackageNameForPid callingAppId: 1000
02-23 15:37:23.193  1919  3089 D HwActivityManagerServiceEx: getPackageNameForPid callingAppId: 1000
02-23 15:37:23.194  1919  3089 D HwActivityManagerServiceEx: getPackageNameForPid callingAppId: 1000
02-23 15:37:23.542  1919  2003 W ContextImpl: Calling a method in the system process without a qualified user: android.app.ContextImpl.sendBroadcast:1351 com.android.server.pm.HwPackageManagerServiceExImpl.parseInstalledPkgInfo:5055 com.android.server.pm.InstallPackageHelper.parseInstalledPkgInfo:3665 com.android.server.pm.InstallPackageHelper.handlePackagePostInstall:3624 com.android.server.pm.PackageHandler.doHandleMessage:100 
02-23 15:37:23.640  1919  2151 I HwUninstalledAppManager: getScanInstallList, calling UserId:0, callingUid = 1000, callingPid =  1919
02-23 15:37:23.719  1919  2495 D PackageManager: PackageManagerNative getApplicationType callingAppId: 0
02-23 15:37:23.799  1919  2151 I HwUninstalledAppManager: getScanInstallList, calling UserId:0, callingUid = 1000, callingPid =  1919
02-23 15:37:23.857  2805  2936 W ContextImpl: Calling a method in the system process without a qualified user: android.app.ContextImpl.bindService:2124 android.content.ContextWrapper.bindService:861 com.hihonor.securityserver.d.a:23 com.hihonor.securityserver.e.b:6 com.hihonor.securityserver.e.a:1 
02-23 15:37:24.057  1919  1941 I ContentProviderHelper: Need to start process com.hihonor.dsdscardmanager for provider ContentProviderInfo{name=com.hihonor.dsdscardmanager.db.PriorityAppProvider className=com.hihonor.dsdscardmanager.database.provider.PriorityAppProvider}, callerApp: ProcessRecord{bdba9b0 2792:com.hihonor.systemserver/1000}
02-23 15:37:24.095  2792  3731 W ContextImpl: Calling a method in the system process without a qualified user: android.app.ContextImpl.bindService:2124 android.content.ContextWrapper.bindService:861 com.hihonor.systemserver.searchservice.connect.RemoteServiceConnection.open:137 com.hihonor.systemserver.searchservice.connect.NotifyServiceConnector.connect:48 com.hihonor.systemserver.searchservice.connect.NotifyServiceClient.checkConnection:55 
02-23 15:37:24.188  9202  9202 W ContextImpl: Calling a method in the system process without a qualified user: android.app.ContextImpl.startService:2035 android.content.ContextWrapper.startService:825 android.content.ContextWrapper.startService:825 com.android.settings.applications.BlackListReceiver.onReceive:104 android.app.ActivityThread.handleReceiver:5349 
02-23 15:37:24.292  1919  2495 I HwUninstalledAppManager: getScanInstallList, calling UserId:0, callingUid = 1000, callingPid =  23613
02-23 15:37:24.311  1919  2718 D HwActivityManagerServiceEx: getPackageNameForPid callingAppId: 1000
02-23 15:37:24.322  1919  1955 W ActivityManager: setHasOverlayUi called on unknown pid: 23501
02-23 15:37:24.351  2463  2463 W ContextImpl: Calling a method in the system process without a qualified user: android.app.ContextImpl.startService:2035 android.content.ContextWrapper.startService:825 android.content.ContextWrapper.startService:825 com.hihonor.antivirus.utils.AntiVirusTools.deleteVirusApk:1098 com.hihonor.antivirus.AntiVirusReceiver.onReceive:65 
02-23 15:37:24.614  2463  5859 W ContextImpl: Calling a method in the system process without a qualified user: android.app.ContextImpl.startService:2035 android.content.ContextWrapper.startService:825 com.hihonor.systemmanager.spacecleanner.receiver.SpaceCleanReceiver.doInBackground:266 java.lang.reflect.Method.invoke:-2 com.bumptech.glide.g.V:16 
02-23 15:37:24.615  2463 16603 W ContextImpl: Calling a method in the system process without a qualified user: android.app.ContextImpl.startService:2035 android.content.ContextWrapper.startService:825 com.hihonor.systemmanager.spacecleanner.receiver.SpaceCleanReceiver.doInBackground:266 java.lang.reflect.Method.invoke:-2 com.bumptech.glide.g.V:16 
02-23 15:37:24.616  2463  2463 W ContextImpl: Calling a method in the system process without a qualified user: android.app.ContextImpl.startService:2035 android.content.ContextWrapper.startService:825 android.content.ContextWrapper.startService:825 com.hihonor.antivirus.utils.AntiVirusTools.checkVirusForNewInstalledApk:1075 com.hihonor.antivirus.AntiVirusReceiver.onReceive:54 
02-23 15:37:24.633  2463  2463 W ContextImpl: Calling a method in the system process without a qualified user: android.app.ContextImpl.startService:2035 android.content.ContextWrapper.startService:825 com.hihonor.antivirus.AntiVirusService.handleInstalledApkCheck:250 com.hihonor.antivirus.AntiVirusService.onStartCommand:173 android.app.ActivityThread.handleServiceArgs:5735 
02-23 15:37:24.666  1919  3556 D HwActivityManagerServiceEx: getPackageNameForPid callingAppId: 1000
02-23 15:37:24.668  1919  4712 D HwActivityManagerServiceEx: getPackageNameForPid callingAppId: 1000
02-23 15:37:24.669  1919  4712 D HwActivityManagerServiceEx: getPackageNameForPid callingAppId: 1000
02-23 15:37:24.720  9202  9202 W ContextImpl: Calling a method in the system process without a qualified user: android.app.ContextImpl.startService:2035 android.content.ContextWrapper.startService:825 android.content.ContextWrapper.startService:825 com.android.settings.applications.BlackListReceiver.onReceive:104 android.app.ActivityThread.handleReceiver:5349 
02-23 15:37:24.753  9202  9202 W ContextImpl: Calling a method in the system process without a qualified user: android.app.ContextImpl.startService:2035 android.content.ContextWrapper.startService:825 android.content.ContextWrapper.startService:825 com.android.settings.applications.BlackListReceiver.onReceive:104 android.app.ActivityThread.handleReceiver:5349 
02-23 15:37:25.231  1919  2718 I UsageStatsService: queryEvents beginTime:1771853702339 endTime:1771853845221 callingPackage:com.google.android.gms flags:15
02-23 15:37:25.326 25242 25307 W ModemPowerProfile: getAverageBatteryDrainMaH called with unexpected key: 0x0, drain:SLEEP,RAT:DEFAULT
02-23 15:37:25.326 25242 25307 W ModemPowerProfile: getAverageBatteryDrainMaH called with unexpected key: 0x10000000, drain:IDLE,RAT:DEFAULT
02-23 15:37:25.326 25242 25307 W ModemPowerProfile: getAverageBatteryDrainMaH called with unexpected key: 0x20000000, drain:RX,RAT:DEFAULT
02-23 15:37:25.326 25242 25307 W ModemPowerProfile: getAverageBatteryDrainMaH called with unexpected key: 0x30000000, drain:TX,level:0,RAT:DEFAULT
02-23 15:37:25.326 25242 25307 W ModemPowerProfile: getAverageBatteryDrainMaH called with unexpected key: 0x31000000, drain:TX,level:1,RAT:DEFAULT
02-23 15:37:25.326 25242 25307 W ModemPowerProfile: getAverageBatteryDrainMaH called with unexpected key: 0x32000000, drain:TX,level:2,RAT:DEFAULT
02-23 15:37:25.326 25242 25307 W ModemPowerProfile: getAverageBatteryDrainMaH called with unexpected key: 0x33000000, drain:TX,level:3,RAT:DEFAULT
02-23 15:37:25.326 25242 25307 W ModemPowerProfile: getAverageBatteryDrainMaH called with unexpected key: 0x34000000, drain:TX,level:4,RAT:DEFAULT
02-23 15:37:25.335 25242 25242 W ContextImpl: Calling a method in the system process without a qualified user: android.app.ContextImpl.startService:2035 android.content.ContextWrapper.startService:825 com.hihonor.antivirus.AntivirusPluginEx.init:69 com.hihonor.securitycenter.antivirus.plugin.AntivirusPluginHelper.init:44 com.hihonor.securitycenter.antivirus.AntivirusModule.startAntivirusService:21 
02-23 15:37:25.335 25274 25274 W ContextImpl: Calling a method in the system process without a qualified user: android.app.ContextImpl.startService:2035 android.content.ContextWrapper.startService:825 com.hihonor.antivirus.AntivirusPluginEx.init:69 com.hihonor.securitycenter.antivirus.plugin.AntivirusPluginHelper.init:44 com.hihonor.securitycenter.antivirus.AntivirusModule.startAntivirusService:21 
02-23 15:37:25.354 25274 25274 W ContextImpl: Calling a method in the system process without a qualified user: android.app.ContextImpl.startService:2035 android.content.ContextWrapper.startService:825 com.hihonor.securitycentersdk.SecurityCenterContext.startHwSecService:10 com.hihonor.securitycentersdk.SecurityCenterContext.startServices:0 com.hihonor.securitycentersdk.SecurityCenterContext.inject:7 
02-23 15:37:25.354 25242 25242 W ContextImpl: Calling a method in the system process without a qualified user: android.app.ContextImpl.startService:2035 android.content.ContextWrapper.startService:825 com.hihonor.securitycentersdk.SecurityCenterContext.startHwSecService:10 com.hihonor.securitycentersdk.SecurityCenterContext.startServices:0 com.hihonor.securitycentersdk.SecurityCenterContext.inject:7 
02-23 15:37:25.373  1919  2495 I UsageStatsService: queryEvents beginTime:1771853845221 endTime:1771853845368 callingPackage:com.google.android.gms flags:15
02-23 15:37:25.422 25274 25332 W ContextImpl: Calling a method in the system process without a qualified user: android.app.ContextImpl.bindService:2124 com.hihonor.antivirus.features.plugin.PluginAntivirusEngineManager.bindPluginService:108 com.hihonor.antivirus.features.plugin.PluginAntivirusEngineManager.getPluginEngineBinder:66 com.hihonor.antivirus.features.engine.TrustLookAntivirusEngine.checkPluginAntivirusEngine:272 com.hihonor.antivirus.features.engine.TrustLookAntivirusEngine.<init>:40 
02-23 15:37:25.736  1919  3573 D HwActivityManagerServiceEx: getPackageNameForPid callingAppId: 1000
02-23 15:37:25.738  1919  2322 D HwActivityManagerServiceEx: getPackageNameForPid callingAppId: 1000
02-23 15:37:25.740  1919  2496 D HwActivityManagerServiceEx: getPackageNameForPid callingAppId: 1000
02-23 15:37:26.109  1919  2495 D HwActivityManagerServiceEx: getPackageNameForPid callingAppId: 1000
02-23 15:37:26.111  1919  3558 D HwActivityManagerServiceEx: getPackageNameForPid callingAppId: 1000
02-23 15:37:26.579  1919  2718 W ActivityTaskManager: callingPackage for (uid=2000, pid=25136) has no WPC
02-23 15:37:26.590  1919  2718 I TransitionController: first create transition: TransitionRecord{9ee9a74 id=-1 type=OPEN flags=0x0}, caller: com.android.server.wm.ActivityStarter.executeRequest:1793 com.android.server.wm.HwActivityStarter.executeRequest:352 com.android.server.wm.ActivityStarter.execute:1001 com.android.server.wm.HwActivityStarter.execute:683 com.android.server.wm.ActivityTaskManagerService.startActivityAsUser:1565 
02-23 15:37:26.590  1919  2718 I ActivityStarter: shouldShowFreeformWindow realCallingPackage = isRes= true rotation= 0 orientation = -1 isPortarait = false sourceRecord = null isMagicWin = false isForceRotation = false r.packageName = com.superpartybyai.app isAE= false sourceLaunchedFromPackage=  isInBlackList= false r.info = ActivityInfo{354a9c8 com.superpartybyai.app.MainActivity}
02-23 15:37:26.657  1919  3558 D CoreBackPreview: Window{26a14f8 u0 Splash Screen com.superpartybyai.app}: Setting back callback OnBackInvokedCallbackInfo{mCallback=android.window.IOnBackInvokedCallback$Stub$Proxy@ee433d3, mPriority=0, mIsAnimationCallback=false}
02-23 15:37:26.694  1919  1956 D TaskOrganizerController: onTaskAppeared add task: Task{75f4b9d #24758 type=standard I=com.superpartybyai.app/.MainActivity} called by :com.android.server.wm.Task.sendTaskAppeared:5728 com.android.server.wm.Task.setDeferTaskAppear:5697 com.android.server.wm.Transition.commitVisibleActivities:2358 com.android.server.wm.Transition.onTransactionReady:1917 com.android.server.wm.BLASTSyncEngine$SyncGroup.finishNow:388 com.android.server.wm.BLASTSyncEngine$SyncGroup.tryFinish:258 com.android.server.wm.BLASTSyncEngine$SyncGroup.-$$Nest$mtryFinish:0 com.android.server.wm.BLASTSyncEngine.onSurfacePlacement:736 
02-23 15:37:26.708  1919  1952 V WindowManager:     startWCT=WindowContainerTransaction { changes = {} hops = [] errorCallbackToken=null taskFragmentOrganizer=null }
02-23 15:37:26.754  1919  3558 I BLASTSyncEngine: transaction commit callback: 8112
02-23 15:37:26.849  1919  2122 D HwActivityManagerServiceEx: getPackageNameForPid callingAppId: 1000
02-23 15:37:26.851  1919  2122 D HwActivityManagerServiceEx: getPackageNameForPid callingAppId: 1000
02-23 15:37:26.886  1919  2495 D HwActivityManagerServiceEx: getPackageNameForPid callingAppId: 1000
02-23 15:37:26.888  1919  2322 D HwActivityManagerServiceEx: getPackageNameForPid callingAppId: 1000
02-23 15:37:26.907  1919  2322 E WindowManager: check permission error, current package is com.superpartybyai.app , it is not systemApp, callers is com.hihonor.android.view.IHwWindowManager$Stub.onTransact:1227 android.os.Binder.execTransactInternal:1366 android.os.Binder.execTransact:1310 <bottom of call stack> <bottom of call stack> <bottom of call stack> <bottom of call stack> <bottom of call stack> <bottom of call stack> <bottom of call stack> 
02-23 15:37:26.932  2664  2993 W ContextImpl: Calling a method in the system process without a qualified user: android.app.ContextImpl.sendBroadcast:1366 android.content.ContextWrapper.sendBroadcast:509 com.hihonor.iaware.userhabit.recog.NRTAppTypeRecogManager.reportAppTypeUpdate:901 com.hihonor.iaware.userhabit.recog.NRTAppTypeRecogManager.addAppType:515 com.hihonor.iaware.userhabit.recog.NRTAppTypeRecogManager.recoAppType:199 
02-23 15:37:26.942  1919  2718 I HwAudioService: now type = 28,reportForegroundAppType = -1,pkg = null,systemload = 28VOIP_OPTIMIZE_IN_GAMEMODEfalse
02-23 15:37:27.784 25410 25410 V ActivityThread: callActivityOnCreate
02-23 15:37:29.560  1919  2122 D HwActivityManagerServiceEx: getPackageNameForPid callingAppId: 1000
02-23 15:37:29.561  1919  2122 D HwActivityManagerServiceEx: getPackageNameForPid callingAppId: 1000
02-23 15:37:29.871  1919  2019 D CoreBackPreview: Window{bdb87f5 u0 com.superpartybyai.app/com.superpartybyai.app.MainActivity}: Setting back callback OnBackInvokedCallbackInfo{mCallback=android.window.IOnBackInvokedCallback$Stub$Proxy@c1b3951, mPriority=0, mIsAnimationCallback=false}
02-23 15:37:29.878  1919  2122 D HwActivityManagerServiceEx: getPackageNameForPid callingAppId: 1000
02-23 15:37:29.903 25410 25410 W ViewTreeObserver: onPreDraw return false io.flutter.embedding.android.FlutterActivityAndFragmentDelegate$2@70815f8
02-23 15:37:30.175 25410 25410 W ViewTreeObserver: onPreDraw return false io.flutter.embedding.android.FlutterActivityAndFragmentDelegate$2@70815f8
02-23 15:37:30.211 25410 25410 W ViewTreeObserver: onPreDraw return false io.flutter.embedding.android.FlutterActivityAndFragmentDelegate$2@70815f8
02-23 15:37:30.226 25410 25410 W ViewTreeObserver: onPreDraw return false io.flutter.embedding.android.FlutterActivityAndFragmentDelegate$2@70815f8
02-23 15:37:30.243 25410 25410 W ViewTreeObserver: onPreDraw return false io.flutter.embedding.android.FlutterActivityAndFragmentDelegate$2@70815f8
02-23 15:37:30.259 25410 25410 W ViewTreeObserver: onPreDraw return false io.flutter.embedding.android.FlutterActivityAndFragmentDelegate$2@70815f8
02-23 15:37:30.276 25410 25410 W ViewTreeObserver: onPreDraw return false io.flutter.embedding.android.FlutterActivityAndFragmentDelegate$2@70815f8
02-23 15:37:30.292 25410 25410 W ViewTreeObserver: onPreDraw return false io.flutter.embedding.android.FlutterActivityAndFragmentDelegate$2@70815f8
02-23 15:37:30.309 25410 25410 W ViewTreeObserver: onPreDraw return false io.flutter.embedding.android.FlutterActivityAndFragmentDelegate$2@70815f8
02-23 15:37:30.326 25410 25410 W ViewTreeObserver: onPreDraw return false io.flutter.embedding.android.FlutterActivityAndFragmentDelegate$2@70815f8
02-23 15:37:30.342 25410 25410 W ViewTreeObserver: onPreDraw return false io.flutter.embedding.android.FlutterActivityAndFragmentDelegate$2@70815f8
02-23 15:37:30.359 25410 25410 W ViewTreeObserver: onPreDraw return false io.flutter.embedding.android.FlutterActivityAndFragmentDelegate$2@70815f8
02-23 15:37:30.376 25410 25410 W ViewTreeObserver: onPreDraw return false io.flutter.embedding.android.FlutterActivityAndFragmentDelegate$2@70815f8
02-23 15:37:30.392 25410 25410 W ViewTreeObserver: onPreDraw return false io.flutter.embedding.android.FlutterActivityAndFragmentDelegate$2@70815f8
02-23 15:37:30.409 25410 25410 W ViewTreeObserver: onPreDraw return false io.flutter.embedding.android.FlutterActivityAndFragmentDelegate$2@70815f8
02-23 15:37:30.425 25410 25410 W ViewTreeObserver: onPreDraw return false io.flutter.embedding.android.FlutterActivityAndFragmentDelegate$2@70815f8
02-23 15:37:30.442 25410 25410 W ViewTreeObserver: onPreDraw return false io.flutter.embedding.android.FlutterActivityAndFragmentDelegate$2@70815f8
02-23 15:37:30.459 25410 25410 W ViewTreeObserver: onPreDraw return false io.flutter.embedding.android.FlutterActivityAndFragmentDelegate$2@70815f8
02-23 15:37:30.475 25410 25410 W ViewTreeObserver: onPreDraw return false io.flutter.embedding.android.FlutterActivityAndFragmentDelegate$2@70815f8
02-23 15:37:30.492 25410 25410 W ViewTreeObserver: onPreDraw return false io.flutter.embedding.android.FlutterActivityAndFragmentDelegate$2@70815f8
02-23 15:37:30.508 25410 25410 W ViewTreeObserver: onPreDraw return false io.flutter.embedding.android.FlutterActivityAndFragmentDelegate$2@70815f8
02-23 15:37:30.525 25410 25410 W ViewTreeObserver: onPreDraw return false io.flutter.embedding.android.FlutterActivityAndFragmentDelegate$2@70815f8
02-23 15:37:30.542 25410 25410 W ViewTreeObserver: onPreDraw return false io.flutter.embedding.android.FlutterActivityAndFragmentDelegate$2@70815f8
02-23 15:37:30.559 25410 25410 W ViewTreeObserver: onPreDraw return false io.flutter.embedding.android.FlutterActivityAndFragmentDelegate$2@70815f8
02-23 15:37:30.576 25410 25410 W ViewTreeObserver: onPreDraw return false io.flutter.embedding.android.FlutterActivityAndFragmentDelegate$2@70815f8
02-23 15:37:30.592 25410 25410 W ViewTreeObserver: onPreDraw return false io.flutter.embedding.android.FlutterActivityAndFragmentDelegate$2@70815f8
02-23 15:37:30.608 25410 25410 W ViewTreeObserver: onPreDraw return false io.flutter.embedding.android.FlutterActivityAndFragmentDelegate$2@70815f8
02-23 15:37:30.625 25410 25410 W ViewTreeObserver: onPreDraw return false io.flutter.embedding.android.FlutterActivityAndFragmentDelegate$2@70815f8
02-23 15:37:30.642 25410 25410 W ViewTreeObserver: onPreDraw return false io.flutter.embedding.android.FlutterActivityAndFragmentDelegate$2@70815f8
02-23 15:37:30.658 25410 25410 W ViewTreeObserver: onPreDraw return false io.flutter.embedding.android.FlutterActivityAndFragmentDelegate$2@70815f8
02-23 15:37:30.675 25410 25410 W ViewTreeObserver: onPreDraw return false io.flutter.embedding.android.FlutterActivityAndFragmentDelegate$2@70815f8
02-23 15:37:30.692 25410 25410 W ViewTreeObserver: onPreDraw return false io.flutter.embedding.android.FlutterActivityAndFragmentDelegate$2@70815f8
02-23 15:37:30.708 25410 25410 W ViewTreeObserver: onPreDraw return false io.flutter.embedding.android.FlutterActivityAndFragmentDelegate$2@70815f8
02-23 15:37:30.725 25410 25410 W ViewTreeObserver: onPreDraw return false io.flutter.embedding.android.FlutterActivityAndFragmentDelegate$2@70815f8
02-23 15:37:30.760 25410 25410 W ViewTreeObserver: onPreDraw return false io.flutter.embedding.android.FlutterActivityAndFragmentDelegate$2@70815f8
02-23 15:37:30.775 25410 25410 W ViewTreeObserver: onPreDraw return false io.flutter.embedding.android.FlutterActivityAndFragmentDelegate$2@70815f8
02-23 15:37:31.088  1919  2019 I PackageManager: setEnabledSetting pkg:com.android.vending, className:com.google.android.finsky.wearsupport.WearSupportService, newState:2, flags:1, userId:0, CallingPid:24982, CallingUid:10140
02-23 15:37:31.089  1919  2019 I PackageManager: setEnabledSetting pkg:com.android.vending, className:com.google.android.finsky.wearsupport.WearChangeListenerService, newState:2, flags:1, userId:0, CallingPid:24982, CallingUid:10140
02-23 15:37:31.746  1919  1942 D HwActivityManagerServiceEx: getPackageNameForPid callingAppId: 1000
02-23 15:37:31.747  1919  2327 D HwActivityManagerServiceEx: getPackageNameForPid callingAppId: 1000
02-23 15:37:31.748  1919  2327 D HwActivityManagerServiceEx: getPackageNameForPid callingAppId: 1000
02-23 15:37:32.995 25410 25410 W ViewTreeObserver: onPreDraw return false io.flutter.embedding.android.FlutterActivityAndFragmentDelegate$2@70815f8
02-23 15:37:33.274 25410 25410 I VRI[MainActivity]: setLayoutParams: not fullscreen caller = android.view.WindowManagerGlobal.updateViewLayout:521 android.view.WindowManagerImpl.updateViewLayout:184 android.app.Activity.onWindowAttributesChanged:4408 android.view.Window.dispatchWindowAttributesChanged:1375 com.android.internal.policy.PhoneWindow.dispatchWindowAttributesChanged:3355 com.android.internal.policy.HwPhoneWindow.updateLayoutParamsColor:302 com.android.internal.policy.PhoneWindow.setNavigationBarColor:4183 io.flutter.plugin.platform.PlatformPlugin.setSystemChromeSystemUIOverlayStyle:503 io.flutter.plugin.platform.PlatformPlugin.access$700:36 io.flutter.plugin.platform.PlatformPlugin$1.setSystemUiOverlayStyle:123 
02-23 15:37:33.361  1919  2322 I WindowManager: getHwWindowInformation callingUid = 0
02-23 15:37:33.406  1919  2322 D HnPermissionUtil: callingPackage is empty for uid: 0
02-23 15:37:33.508  1919  2322 D CoreBackPreview: Window{26a14f8 u0 Splash Screen com.superpartybyai.app EXITING}: Setting back callback null
02-23 15:37:33.542  1919  3095 D HwActivityManagerServiceEx: getPackageNameForPid callingAppId: 1000
02-23 15:37:33.560  1919  1956 I WindowManager: setSurfaceControl null, caller = com.android.server.wm.WindowContainer.removeImmediately:874 com.android.server.wm.WindowState.removeImmediately:3014 com.android.server.wm.WindowState.destroySurface:4311 com.android.server.wm.WindowState.onExitAnimationDone:5952 com.android.server.wm.WindowStateAnimator.onAnimationFinished:250 com.android.server.wm.WindowState.onAnimationFinished:6241 com.android.server.wm.WindowContainer$$ExternalSyntheticLambda4.onAnimationFinished:0 com.android.server.wm.SurfaceAnimator.lambda$getFinishedCallback$0:166 com.android.server.wm.SurfaceAnimator.$r8$lambda$eYT7rjaBOE8bCIRq043wVzQ_RTM:0 com.android.server.wm.SurfaceAnimator$$ExternalSyntheticLambda1.run:0 
02-23 15:37:40.913 25410 25410 W HwApsManager: HwApsManagerService, registerCallback, start !
02-23 15:37:40.914  1919  3095 I HwApsManagerConfig: registerCallbackLocked success, pkgName:com.superpartybyai.app, callback_count:48
02-23 15:37:40.914  1919  3095 I HwApsManagerConfig: doCallbackAtFirstRegisterLocked, start ! pkgName:com.superpartybyai.app
02-23 15:37:43.825   633   659 D keystore2: system/security/keystore2/src/database.rs:1476 - caller_name:"com.superpartybyai.app" in with_transaction
02-23 15:37:44.822   633   659 D keystore2: system/security/keystore2/src/database.rs:1476 - caller_name:"com.superpartybyai.app" in with_transaction
02-23 15:37:44.861   633   659 D keystore2: system/security/keystore2/src/database.rs:1476 - caller_name:"com.superpartybyai.app" in with_transaction
02-23 15:37:44.868   633 25677 D keystore2: system/security/keystore2/src/database.rs:1476 - caller_name:"/system/bin/keystore2" in with_transaction
02-23 15:37:45.066   633   659 D keystore2: system/security/keystore2/src/database.rs:1476 - caller_name:"com.superpartybyai.app" in with_transaction
02-23 15:37:45.074   633 25677 D keystore2: system/security/keystore2/src/database.rs:1476 - caller_name:"/system/bin/keystore2" in with_transaction
02-23 15:37:53.744  1919  4714 D HwActivityManagerServiceEx: getPackageNameForPid callingAppId: 1000
02-23 15:37:53.754  1919  3568 D HwActivityManagerServiceEx: getPackageNameForPid callingAppId: 1000
02-23 15:37:53.754  1919  3568 D HwActivityManagerServiceEx: getPackageNameForPid callingAppId: 1000
02-23 15:37:53.755  1919  3568 D HwActivityManagerServiceEx: getPackageNameForPid callingAppId: 1000
02-23 15:38:14.774  1919  1942 I ClipboardService: callingPackage:com.superpartybyai.app, uid =10298, isDefaultDeviceFocusedWindow =true, isVirtualDeviceFocusedWindow =false
02-23 15:38:26.161  1919  2716 I ClipboardService: callingPackage:com.superpartybyai.app, uid =10298, isDefaultDeviceFocusedWindow =true, isVirtualDeviceFocusedWindow =false
02-23 15:38:27.879  1919  2716 I ClipboardService: callingPackage:com.superpartybyai.app, uid =10298, isDefaultDeviceFocusedWindow =true, isVirtualDeviceFocusedWindow =false
02-23 15:38:29.924  1919  2716 I ClipboardService: callingPackage:com.superpartybyai.app, uid =10298, isDefaultDeviceFocusedWindow =true, isVirtualDeviceFocusedWindow =false
02-23 15:38:32.070  1919  6470 D HwActivityManagerServiceEx: getPackageNameForPid callingAppId: 1000
02-23 15:38:32.073  1919  4714 D HwActivityManagerServiceEx: getPackageNameForPid callingAppId: 1000
02-23 15:38:32.074  1919  4714 D HwActivityManagerServiceEx: getPackageNameForPid callingAppId: 1000
02-23 15:38:32.129  1919  2019 I WindowManager: setSurfaceControl null, caller = com.android.server.wm.WindowContainer.removeImmediately:874 com.android.server.wm.WindowState.removeImmediately:3014 com.android.server.wm.WindowState.removeIfPossible:3189 com.android.server.wm.WindowState$DeathRecipient.binderDied:3836 android.os.IBinder$DeathRecipient.binderDied:329 android.os.BinderProxy.sendDeathNotice:749 <bottom of call stack> <bottom of call stack> <bottom of call stack> <bottom of call stack> 
02-23 15:38:32.144  1919  1955 W ActivityManager: setHasOverlayUi called on unknown pid: 23348
02-23 15:38:33.850  1919  1953 I TransitionController: first create transition: TransitionRecord{375928b id=-1 type=OPEN flags=0x0}, caller: com.android.server.wm.ActivityStarter.executeRequest:1793 com.android.server.wm.HwActivityStarter.executeRequest:352 com.android.server.wm.ActivityStarter.execute:1001 com.android.server.wm.HwActivityStarter.execute:683 com.android.server.wm.ActivityStartController.startHomeActivity:227 
02-23 15:38:33.851  1919  1953 I ActivityStarter: shouldShowFreeformWindow realCallingPackage = isRes= true rotation= 0 orientation = -1 isPortarait = false sourceRecord = null isMagicWin = false isForceRotation = false r.packageName = com.hihonor.android.launcher isAE= false sourceLaunchedFromPackage=  isInBlackList= false r.info = ActivityInfo{496d77c com.hihonor.android.launcher.unihome.UniHomeLauncher}
02-23 15:38:33.856  1919  1953 W HwActivityTaskManagerServiceEx: setResumedActivityUncheckLocked start call, from: ActivityRecord{480986 u0 com.superpartybyai.app/.MainActivity t24758 mVisible=true mOccludesParent=true mode=fullscreen boundsRect(0, 0 - 720, 1612)}, to: ActivityRecord{c423c3f u0 com.hihonor.android.launcher/.unihome.UniHomeLauncher t5 mVisible=false mOccludesParent=true mode=fullscreen boundsRect(0, 0 - 720, 1612)}
02-23 15:38:33.871  1919  2122 D HwActivityManagerServiceEx: getPackageNameForPid callingAppId: 1000
02-23 15:38:33.873  2822  2822 I ActivityThread: Performing restart of ActivityRecord{ec7fba3 token=android.os.BinderProxy@e4cd847 {com.hihonor.android.launcher/com.hihonor.android.launcher.unihome.UniHomeLauncher}} start=false callers:android.app.servertransaction.TransactionExecutor.performLifecycleSequence:264 android.app.servertransaction.TransactionExecutor.cycleToPath:219 android.app.servertransaction.TransactionExecutor.executeLifecycleState:191 android.app.servertransaction.TransactionExecutor.execute:106 android.app.ActivityThread$H.handleMessage:3078 android.os.Handler.dispatchMessage:117 android.os.Looper.loopOnce:210 android.os.Looper.loop:302 android.app.ActivityThread.main:9675 java.lang.reflect.Method.invoke:-2 
02-23 15:38:33.965  1919  2122 D HwActivityManagerServiceEx: getPackageNameForPid callingAppId: 1000
02-23 15:38:33.973  1919  2495 I HwAudioService: now type = -1,reportForegroundAppType = 28,pkg = null,systemload = -1VOIP_OPTIMIZE_IN_GAMEMODEfalse
02-23 15:38:33.985  1919  2122 D HwActivityManagerServiceEx: getPackageNameForPid callingAppId: 1000
02-23 15:38:34.006  1919  1952 V WindowManager:     startWCT=WindowContainerTransaction { changes = {} hops = [] errorCallbackToken=null taskFragmentOrganizer=null }
02-23 15:38:34.016  1919  2019 I BLASTSyncEngine: transaction commit callback: 8113
02-23 15:38:34.918  1919  2719 D HwActivityManagerServiceEx: getPackageNameForPid callingAppId: 1000
02-23 15:38:37.271  1919  2019 E WindowManager: check permission error, current package is android.uid.contacts:10050 , it is not systemApp, callers is com.hihonor.android.view.IHwWindowManager$Stub.onTransact:1227 android.os.Binder.execTransactInternal:1366 android.os.Binder.execTransact:1310 <bottom of call stack> <bottom of call stack> <bottom of call stack> <bottom of call stack> <bottom of call stack> <bottom of call stack> <bottom of call stack> 
02-23 15:38:37.503  1919  2019 I ContentProviderHelper: Need to start process android.process.acore for provider ContentProviderInfo{name=call_log className=com.android.providers.contacts.CallLogProvider}, callerApp: ProcessRecord{810be1c 25773:com.hihonor.contacts/u0a50}
02-23 15:38:37.524  1919  1975 I ActivityManager: Start proc 25794:android.process.acore/u0a25 for content provider {com.android.providers.contacts/com.android.providers.contacts.CallLogProvider}
02-23 15:38:37.577  1919  2019 E WindowManager: check permission error, current package is android.uid.shared:10025 , it is not systemApp, callers is com.hihonor.android.view.IHwWindowManager$Stub.onTransact:1227 android.os.Binder.execTransactInternal:1366 android.os.Binder.execTransact:1310 <bottom of call stack> <bottom of call stack> <bottom of call stack> <bottom of call stack> <bottom of call stack> <bottom of call stack> <bottom of call stack> 
02-23 15:38:40.063  1919  3557 D HwActivityManagerServiceEx: getPackageNameForPid callingAppId: 1000
02-23 15:38:40.063  1919  3557 D HwActivityManagerServiceEx: getPackageNameForPid callingAppId: 1000
02-23 15:39:00.962  1919  1919 W ContextImpl: Calling a method in the system process without a qualified user: android.app.ContextImpl.sendBroadcast:1351 com.android.server.GcmFixer.HeartbeatReceiver.onReceive:31 android.app.LoadedApk$ReceiverDispatcher$Args$ReceiverRunnable.run:1996 android.os.Handler.handleCallback:996 android.os.Handler.dispatchMessage:110 
02-23 15:39:00.963  1919  1919 W ContextImpl: Calling a method in the system process without a qualified user: android.app.ContextImpl.sendBroadcast:1351 com.android.server.GcmFixer.HeartbeatReceiver.onReceive:32 android.app.LoadedApk$ReceiverDispatcher$Args$ReceiverRunnable.run:1996 android.os.Handler.handleCallback:996 android.os.Handler.dispatchMessage:110 
02-23 15:39:11.009  1919  2019 D HwActivityManagerServiceEx: getPackageNameForPid callingAppId: 1000
02-23 15:39:11.011  1919  2020 D HwActivityManagerServiceEx: getPackageNameForPid callingAppId: 1000
02-23 15:39:11.012  1919  4703 D HwActivityManagerServiceEx: getPackageNameForPid callingAppId: 1000
02-23 15:39:17.386  1919  2122 D HwActivityManagerServiceEx: getPackageNameForPid callingAppId: 1000
02-23 15:39:17.392  1919  2122 D HwActivityManagerServiceEx: getPackageNameForPid callingAppId: 1000
02-23 15:39:17.885  1919  2019 I WindowManager: getHwWindowInformation callingUid = 0
02-23 15:39:19.567  1919  2122 D HwActivityManagerServiceEx: getPackageNameForPid callingAppId: 1000
02-23 15:39:19.619  1919  2122 D HwActivityManagerServiceEx: getPackageNameForPid callingAppId: 1000
02-23 15:39:20.867  2818  2818 W SettingsEx: SettingsEx.Systemex.getString deprecated use Settings.System.getString instead, callers = com.android.internal.telephony.gsm.HwCustGsmServiceStateManagerImpl.isMccForShowNetname:224 com.android.internal.telephony.gsm.HwCustGsmServiceStateManagerImpl.isShowNetnameByMcc:215 com.android.internal.telephony.gsm.HwCustGsmServiceStateManagerImpl.setOnsDisplayCustomization:165 
02-23 15:39:20.887  1919  2434 W ContextImpl: Calling a method in the system process without a qualified user: android.app.ContextImpl.sendBroadcastMultiplePermissions:1401 android.content.Context.sendBroadcastMultiplePermissions:2477 com.android.server.TelephonyRegistry.broadcastServiceStateChanged:3639 com.android.server.TelephonyRegistry.notifyServiceStateForPhoneId:1790 com.android.internal.telephony.ITelephonyRegistry$Stub.onTransact:534 
02-23 15:39:20.891  1919  2434 W ContextImpl: Calling a method in the system process without a qualified user: android.app.ContextImpl.sendBroadcastMultiplePermissions:1434 com.android.server.TelephonyRegistry.broadcastServiceStateChanged:3644 com.android.server.TelephonyRegistry.notifyServiceStateForPhoneId:1790 com.android.internal.telephony.ITelephonyRegistry$Stub.onTransact:534 android.os.Binder.execTransactInternal:1371 
02-23 15:39:20.894  1919  2434 W ContextImpl: Calling a method in the system process without a qualified user: android.app.ContextImpl.sendBroadcastMultiplePermissions:1434 com.android.server.TelephonyRegistry.broadcastServiceStateChanged:3653 com.android.server.TelephonyRegistry.notifyServiceStateForPhoneId:1790 com.android.internal.telephony.ITelephonyRegistry$Stub.onTransact:534 android.os.Binder.execTransactInternal:1371 
02-23 15:39:20.909  1919  2434 W ContextImpl: Calling a method in the system process without a qualified user: android.app.ContextImpl.sendBroadcastMultiplePermissions:1434 com.android.server.TelephonyRegistry.broadcastServiceStateChanged:3659 com.android.server.TelephonyRegistry.notifyServiceStateForPhoneId:1790 com.android.internal.telephony.ITelephonyRegistry$Stub.onTransact:534 android.os.Binder.execTransactInternal:1371 
02-23 15:39:21.439  1919  4703 D HwActivityManagerServiceEx: getPackageNameForPid callingAppId: 1000
02-23 15:39:21.443  1919  2434 D HwActivityManagerServiceEx: getPackageNameForPid callingAppId: 1000
02-23 15:39:21.444  1919  2434 D HwActivityManagerServiceEx: getPackageNameForPid callingAppId: 1000
02-23 15:39:28.723  1919  3093 D HwActivityManagerServiceEx: getPackageNameForPid callingAppId: 1000
02-23 15:39:28.724  1919  3093 D HwActivityManagerServiceEx: getPackageNameForPid callingAppId: 1000
02-23 15:39:29.010  1919  3557 D HwActivityManagerServiceEx: getPackageNameForPid callingAppId: 1000
02-23 15:39:29.010  1919  3557 D HwActivityManagerServiceEx: getPackageNameForPid callingAppId: 1000
02-23 15:39:29.011  1919  3557 D HwActivityManagerServiceEx: getPackageNameForPid callingAppId: 1000
02-23 15:39:29.125  1919  2495 I PackageManager: setEnabledSetting pkg:com.google.android.googlequicksearchbox, className:com.google.android.apps.search.googleapp.saves.savefeature.sharereceiver.SavesShareReceiver, newState:1, flags:1, userId:0, CallingPid:25933, CallingUid:10143
02-23 15:39:29.126  1919  2495 I PackageManager: setEnabledSetting pkg:com.google.android.googlequicksearchbox, className:com.google.android.apps.search.googleapp.saves.savefeature.sharereceiver.SavesShareReceiverWithImageType, newState:1, flags:1, userId:0, CallingPid:25933, CallingUid:10143
02-23 15:39:52.803  1919  2434 I TransitionController: first create transition: TransitionRecord{d689306 id=-1 type=OPEN flags=0x0}, caller: com.android.server.wm.ActivityStarter.executeRequest:1793 com.android.server.wm.HwActivityStarter.executeRequest:352 com.android.server.wm.ActivityStarter.execute:1001 com.android.server.wm.HwActivityStarter.execute:683 com.android.server.wm.ActivityTaskManagerService.startActivityAsUser:1565 
02-23 15:39:52.803  1919  2434 I ActivityStarter: shouldShowFreeformWindow realCallingPackage =com.hihonor.android.launcher isRes= true rotation= 0 orientation = -1 isPortarait = false sourceRecord = ActivityRecord{c423c3f u0 com.hihonor.android.launcher/.unihome.UniHomeLauncher t5 mVisible=true mOccludesParent=true mode=fullscreen boundsRect(0, 0 - 720, 1612)} isMagicWin = false isForceRotation = false r.packageName = com.superpartybyai.app isAE= false sourceLaunchedFromPackage= null isInBlackList= false r.info = ActivityInfo{fb70deb com.superpartybyai.app.MainActivity}
02-23 15:39:52.852 25410 25410 I ActivityThread: Performing restart of ActivityRecord{99d8256 token=android.os.BinderProxy@2670471 {com.superpartybyai.app/com.superpartybyai.app.MainActivity}} start=false callers:android.app.servertransaction.TransactionExecutor.performLifecycleSequence:264 android.app.servertransaction.TransactionExecutor.cycleToPath:219 android.app.servertransaction.TransactionExecutor.cycleToPath:201 android.app.servertransaction.TransactionExecutor.executeCallbacks:149 android.app.servertransaction.TransactionExecutor.execute:104 android.app.ActivityThread$H.handleMessage:3078 android.os.Handler.dispatchMessage:117 android.os.Looper.loopOnce:210 android.os.Looper.loop:302 android.app.ActivityThread.main:9675 
02-23 15:39:52.885  1919  1952 V WindowManager:     startWCT=WindowContainerTransaction { changes = {} hops = [] errorCallbackToken=null taskFragmentOrganizer=null }
02-23 15:39:52.887  1919  2122 D HwActivityManagerServiceEx: getPackageNameForPid callingAppId: 1000
02-23 15:39:52.890  1919  2719 I BLASTSyncEngine: transaction commit callback: 8114
02-23 15:39:52.904  1919  2122 D HwActivityManagerServiceEx: getPackageNameForPid callingAppId: 1000
02-23 15:39:52.905  1919  2020 I HwAudioService: now type = 28,reportForegroundAppType = -1,pkg = null,systemload = 28VOIP_OPTIMIZE_IN_GAMEMODEfalse
02-23 15:39:52.923  1919  2122 D HwActivityManagerServiceEx: getPackageNameForPid callingAppId: 1000
02-23 15:39:53.252  1919  2327 D HwActivityManagerServiceEx: getPackageNameForPid callingAppId: 1000
02-23 15:39:53.273  1919  2019 I ClipboardService: callingPackage:com.superpartybyai.app, uid =10298, isDefaultDeviceFocusedWindow =true, isVirtualDeviceFocusedWindow =false
02-23 15:39:53.390  1919  1956 I WindowManager: setSurfaceControl null, caller = com.android.server.wm.WindowContainer.removeImmediately:874 com.android.server.wm.WindowState.removeImmediately:3014 com.android.server.wm.WindowState.destroySurface:4311 com.android.server.wm.WindowState.onExitAnimationDone:5952 com.android.server.wm.WindowStateAnimator.onAnimationFinished:250 com.android.server.wm.WindowState.onAnimationFinished:6241 com.android.server.wm.WindowContainer$$ExternalSyntheticLambda4.onAnimationFinished:0 com.android.server.wm.SurfaceAnimator.lambda$getFinishedCallback$0:166 com.android.server.wm.SurfaceAnimator.$r8$lambda$eYT7rjaBOE8bCIRq043wVzQ_RTM:0 com.android.server.wm.SurfaceAnimator$$ExternalSyntheticLambda1.run:0 
02-23 15:39:54.932  1919  2327 I ContentProviderHelper: Need to start process com.google.android.apps.messaging for provider ContentProviderInfo{name=com.google.android.apps.messaging.shared.datamodel.provider.sharedstorage.SharedStorageProvider className=com.google.android.apps.messaging.shared.datamodel.provider.sharedstorage.SharedStorageProvider}, callerApp: ProcessRecord{7dc5c35 18331:com.google.android.apps.messaging:rcs/u0a139}
02-23 15:39:56.229  1919  4703 I PackageManager: setEnabledSetting pkg:com.google.android.apps.messaging, className:com.google.android.ims.binding.SystemBindingService, newState:1, flags:1, userId:0, CallingPid:25998, CallingUid:10139
02-23 15:39:56.272  1919  4703 I PackageManager: setEnabledSetting pkg:com.google.android.apps.messaging, className:com.google.android.apps.messaging.auto.MessagingTemplateScreenServiceModule, newState:1, flags:1, userId:0, CallingPid:25998, CallingUid:10139
02-23 15:39:59.353  1919  2019 I PackageManager: setEnabledSetting pkg:com.facebook.appmanager, className:com.facebook.oxygen.appmanager.helium.trampoline.HeliumSandboxedService, newState:1, flags:1, userId:0, CallingPid:26057, CallingUid:10182
02-23 15:39:59.354  1919  2019 I PackageManager: setEnabledSetting pkg:com.facebook.appmanager, className:com.facebook.oxygen.appmanager.helium.trampoline.HeliumSandboxedService0, newState:1, flags:1, userId:0, CallingPid:26057, CallingUid:10182
02-23 15:39:59.355  1919  2019 I PackageManager: setEnabledSetting pkg:com.facebook.appmanager, className:com.facebook.oxygen.appmanager.helium.trampoline.HeliumSandboxedService1, newState:1, flags:1, userId:0, CallingPid:26057, CallingUid:10182
02-23 15:39:59.403  1919  6471 I PackageManager: setEnabledSetting pkg:com.facebook.appmanager, className:com.facebook.oxygen.appmanager.webinstall.WebInstallAppLinkActivityV2, newState:1, flags:1, userId:0, CallingPid:26057, CallingUid:10182
02-23 15:39:59.410  1919  2019 I PackageManager: setEnabledSetting pkg:com.facebook.appmanager, className:com.facebook.oxygen.appmanager.webinstall.WebInstallAppLinkActivityV2, newState:1, flags:1, userId:0, CallingPid:26057, CallingUid:10182
02-23 15:39:59.415  1919  2019 I PackageManager: setEnabledSetting pkg:com.facebook.appmanager, className:com.facebook.oxygen.appmanager.webinstall.WebInstallAppLinkIgliteActivity, newState:1, flags:1, userId:0, CallingPid:26057, CallingUid:10182
02-23 15:39:59.418  1919  2019 I PackageManager: setEnabledSetting pkg:com.facebook.appmanager, className:com.facebook.oxygen.appmanager.webinstall.WebInstallAppLinkIgliteActivity, newState:2, flags:1, userId:0, CallingPid:26057, CallingUid:10182
02-23 15:39:59.420  1919  2019 I PackageManager: setEnabledSetting pkg:com.facebook.appmanager, className:com.facebook.oxygen.appmanager.webinstall.WebInstallAppLinkWhatsAppActivity, newState:2, flags:1, userId:0, CallingPid:26057, CallingUid:10182
02-23 15:39:59.424  1919  2019 I PackageManager: setEnabledSetting pkg:com.facebook.appmanager, className:com.facebook.oxygen.appmanager.webinstall.WebInstallAppLinkFbliteActivity, newState:1, flags:1, userId:0, CallingPid:26057, CallingUid:10182
02-23 15:39:59.428  1919  2019 I PackageManager: setEnabledSetting pkg:com.facebook.appmanager, className:com.facebook.oxygen.appmanager.webinstall.WebInstallAppLinkFB4AActivity, newState:2, flags:1, userId:0, CallingPid:26057, CallingUid:10182
02-23 15:39:59.433  1919  2019 I PackageManager: setEnabledSetting pkg:com.facebook.appmanager, className:com.facebook.oxygen.appmanager.webinstall.WebInstallAppLinkMetaAIActivity, newState:1, flags:1, userId:0, CallingPid:26057, CallingUid:10182
02-23 15:39:59.474  1919  2019 I PackageManager: setEnabledSetting pkg:com.facebook.appmanager, className:com.facebook.oxygen.appmanager.webinstall.WebInstallAppLinkMetaAIActivity, newState:2, flags:1, userId:0, CallingPid:26057, CallingUid:10182
