03-05 05:20:11.993 I/ActivityManager( 1919): Flag disabled. Ignoring finishAttachApplication from uid: 10192. pid: 13052
03-05 05:20:12.147 I/ContentProviderHelper( 1919): Need to start process com.android.providers.calendar for provider ContentProviderInfo{name=com.android.calendar className=com.android.providers.calendar.CalendarProvider2}, callerApp: ProcessRecord{65fa8a1 13037:com.google.android.calendar/u0a144}
03-05 05:20:12.147 V/ActivityManager( 1919): startProcess: name=com.android.providers.calendar app=null knownToBeDead=false thread=null pid=-1 preloadStatus=-1
03-05 05:20:12.149 D/CompatibilityChangeReporter( 1919): Compat change id reported: 135634846; UID 10027; state: DISABLED
03-05 05:20:12.149 D/CompatibilityChangeReporter( 1919): Compat change id reported: 177438394; UID 10027; state: DISABLED
03-05 05:20:12.149 D/CompatibilityChangeReporter( 1919): Compat change id reported: 135772972; UID 10027; state: DISABLED
03-05 05:20:12.149 D/CompatibilityChangeReporter( 1919): Compat change id reported: 135754954; UID 10027; state: ENABLED
03-05 05:20:12.150 D/CompatibilityChangeReporter( 1919): Compat change id reported: 143937733; UID 10027; state: ENABLED
03-05 05:20:12.173 I/ActivityManager( 1919): Start proc 13112:com.android.providers.calendar/u0a27 for content provider {com.android.providers.calendar/com.android.providers.calendar.CalendarProvider2}
03-05 05:20:12.173 E/ProcessInfoCollector( 1919): getProcessInfo: failed to find this proc.
03-05 05:20:12.248 D/ActivityThread(13112): Attach thread to application
03-05 05:20:12.253 D/CompatibilityChangeReporter( 1919): Compat change id reported: 168419799; UID 10027; state: DISABLED
03-05 05:20:12.253 D/CompatibilityChangeReporter( 1919): Compat change id reported: 273564678; UID 10027; state: DISABLED
03-05 05:20:12.256 D/HwWindowManagerServiceEx( 1919): recompute display mode
03-05 05:20:12.256 D/HwWindowManagerServiceEx( 1919): recompute display mode
03-05 05:20:12.262 D/CompatibilityChangeReporter( 1919): Compat change id reported: 265195908; UID 10027; state: ENABLED
03-05 05:20:12.266 E/WindowManager( 1919): Process Permission error! uid:10027
03-05 05:20:12.266 E/WindowManager( 1919): check permission error, current package is android.uid.calendar:10027 , it is not systemApp, callers is com.hihonor.android.view.IHwWindowManager$Stub.onTransact:1227 android.os.Binder.execTransactInternal:1366 android.os.Binder.execTransact:1310 <bottom of call stack> <bottom of call stack> <bottom of call stack> <bottom of call stack> <bottom of call stack> <bottom of call stack> <bottom of call stack> 
03-05 05:20:12.268 I/ActivityThread(13112): Init compatible state: true
03-05 05:20:12.277 D/CompatibilityChangeReporter( 1919): Compat change id reported: 170503758; UID 10027; state: ENABLED
03-05 05:20:12.437 D/CompatibilityChangeReporter( 1919): Compat change id reported: 201794303; UID 10144; state: ENABLED
03-05 05:20:12.439 D/CompatibilityChangeReporter( 1919): Compat change id reported: 207133734; UID 10144; state: ENABLED
03-05 05:20:12.491 I/PackageManager( 1919): setEnabledSetting pkg:com.google.android.calendar, className:com.google.android.apps.calendar.appsearch.impl.metrics.RemoteMetricsBroadcastReceiver, newState:1, flags:1, userId:0, CallingPid:13037, CallingUid:10144
03-05 05:20:12.515 D/CompatibilityChangeReporter( 1919): Compat change id reported: 161252188; UID 10043; state: DISABLED
03-05 05:20:12.723 I/PackageManager( 1919): setEnabledSetting pkg:com.google.android.calendar, className:com.google.calendar.v2a.shared.sync.impl.android.PlatformSyncShell$SyncAdapterService, newState:1, flags:1, userId:0, CallingPid:13037, CallingUid:10144
03-05 05:20:12.724 I/PackageManager( 1919): setEnabledSetting pkg:com.google.android.calendar, className:com.google.calendar.v2a.shared.sync.impl.android.accounts.AccountsBroadcastReceiver, newState:1, flags:1, userId:0, CallingPid:13037, CallingUid:10144
03-05 05:20:12.780 D/CompatibilityChangeReporter( 1919): Compat change id reported: 253665015; UID 10144; state: ENABLED
03-05 05:20:12.781 D/CompatibilityChangeReporter( 1919): Compat change id reported: 194532703; UID 10144; state: ENABLED
03-05 05:20:12.808 D/CompatibilityChangeReporter( 1919): Compat change id reported: 161145287; UID 10027; state: DISABLED
03-05 05:20:12.817 D/ActivityManager( 1919): sync unfroze 32262 com.google.process.gservices for 7
03-05 05:20:12.830 I/PackageManager( 1919): setEnabledSetting pkg:com.android.providers.calendar, className:androidx.work.impl.background.systemjob.SystemJobService, newState:1, flags:1, userId:0, CallingPid:13112, CallingUid:10027
03-05 05:20:12.833 I/AlarmManager( 1919): remove alarm reason:0 alarms:[Alarm{a9292ac type 1 origWhen 1772748330984 whenElapsed 1404690030 PendingIntent{b3b685f: PendingIntentRecord{fb7152e com.google.android.calendar broadcastIntent}} com.google.android.calendar procName com.google.android.calendar}]
03-05 05:20:12.834 I/HnAlarmManagerService( 1919): SHB_ELAPSED, alarm: 5dbe278, pkg=com.google.android.calendar, whenElapsed=1404394752, shbElapsed= 0
03-05 05:20:12.853 I/ActivityThread(13037): finishPreloaded preloadStatus 0
03-05 05:20:12.854 I/ActivityManager( 1919): Flag disabled. Ignoring finishAttachApplication from uid: 10144. pid: 13037
03-05 05:20:12.964 D/CompatibilityChangeReporter( 1919): Compat change id reported: 271850009; UID 10144; state: ENABLED
03-05 05:20:12.990 E/ProcessInfoCollector( 1919): getProcessInfo: proc should not less than zero.
03-05 05:20:12.990 I/PowerManagerService( 1919): wakeLock.mDisabled:false, mDeviceIdleMode:false, mProcState:0
03-05 05:20:12.991 I/PowerManagerService( 1919): wakeLock.mDisabled:false, mDeviceIdleMode:false, mProcState:0
03-05 05:20:12.991 W/ProcBatteryStats( 1919): timer is running , not start, name: com.google.android.calendar, uid: 10144, tag: *job*/@androidx.work.systemjobscheduler@com.google.android.calendar/androidx.work.impl.background.systemjob.SystemJobService#3529
03-05 05:20:12.992 I/HwPowerManagerServiceEx( 1919): no need to notifyScreenState, not registered
03-05 05:20:12.992 I/HwPowerManagerServiceEx( 1919): no need to notifyScreenState, not registered
03-05 05:20:12.996 W/ProcBatteryStats( 1919): timer is not running , not stop, name: com.google.android.calendar, uid: 10144, tag: *job*/@androidx.work.systemjobscheduler@com.google.android.calendar/androidx.work.impl.background.systemjob.SystemJobService#3529
03-05 05:20:12.997 I/HwPowerManagerServiceEx( 1919): no need to notifyScreenState, not registered
03-05 05:20:12.997 I/HwPowerManagerServiceEx( 1919): no need to notifyScreenState, not registered
03-05 05:20:12.997 W/JobScheduler( 1919): Job didn't exist in JobStore: a77983d {androidx.work.systemjobscheduler} #u0a144/3529 @androidx.work.systemjobscheduler@com.google.android.calendar/androidx.work.impl.background.systemjob.SystemJobService
03-05 05:20:13.005 I/ActivityThread(13112): finishPreloaded preloadStatus 0
03-05 05:20:13.005 I/ActivityManager( 1919): Flag disabled. Ignoring finishAttachApplication from uid: 10027. pid: 13112
03-05 05:20:13.029 V/ActivityManager( 1919): startProcess: name=com.hihonor.searchservice app=null knownToBeDead=true thread=null pid=-1 preloadStatus=-1
03-05 05:20:13.030 D/CompatibilityChangeReporter( 1919): Compat change id reported: 135634846; UID 1000; state: DISABLED
03-05 05:20:13.030 D/CompatibilityChangeReporter( 1919): Compat change id reported: 177438394; UID 1000; state: DISABLED
03-05 05:20:13.031 D/CompatibilityChangeReporter( 1919): Compat change id reported: 135772972; UID 1000; state: DISABLED
03-05 05:20:13.031 D/CompatibilityChangeReporter( 1919): Compat change id reported: 135754954; UID 1000; state: ENABLED
03-05 05:20:13.036 W/ProcBatteryStats( 1919): timer is not running , not stop, name: com.google.android.calendar, uid: 10144, tag: *job*/@androidx.work.systemjobscheduler@com.google.android.calendar/androidx.work.impl.background.systemjob.SystemJobService#3529
03-05 05:20:13.037 I/HwPowerManagerServiceEx( 1919): no need to notifyScreenState, not registered
03-05 05:20:13.050 I/ActivityManager( 1919): Start proc 13206:com.hihonor.searchservice/1000 for service {com.hihonor.searchservice/com.hihonor.searchservice.server.SearchService}
03-05 05:20:13.051 E/ProcessInfoCollector( 1919): getProcessInfo: failed to find this proc.
03-05 05:20:13.102 D/ActivityThread(13206): Attach thread to application
03-05 05:20:13.107 D/CompatibilityChangeReporter( 1919): Compat change id reported: 168419799; UID 1000; state: DISABLED
03-05 05:20:13.108 D/CompatibilityChangeReporter( 1919): Compat change id reported: 273564678; UID 1000; state: DISABLED
03-05 05:20:13.110 D/HwWindowManagerServiceEx( 1919): recompute display mode
03-05 05:20:13.110 D/HwWindowManagerServiceEx( 1919): recompute display mode
03-05 05:20:13.112 D/CompatibilityChangeReporter( 1919): Compat change id reported: 261072174; UID 10027; state: DISABLED
03-05 05:20:13.132 I/ActivityThread(13206): Init compatible state: false
03-05 05:20:13.168 I/PowerManagerService( 1919): wakeLock.mDisabled:false, mDeviceIdleMode:false, mProcState:0
03-05 05:20:13.168 I/HwPowerManagerServiceEx( 1919): no need to notifyScreenState, not registered
03-05 05:20:13.169 W/BatteryExternalStatsWorker( 1919): error reading Bluetooth stats: 11
03-05 05:20:13.197 I/HwPowerManagerServiceEx( 1919): no need to notifyScreenState, not registered
03-05 05:20:13.279 I/AppEyeFwkBlock( 1919): do monitor
03-05 05:20:13.398 I/ActivityManager( 1919): sendIntentSender target:PendingIntentRecord{8747b92 android broadcastIntent}, intent:flg=0x4 hwFlg=0x110
03-05 05:20:13.400 I/PowerManagerService( 1919): wakeLock.mDisabled:false, mDeviceIdleMode:false, mProcState:0
03-05 05:20:13.401 I/HwPowerManagerServiceEx( 1919): no need to notifyScreenState, not registered
03-05 05:20:13.411 I/PowerManagerService( 1919): wakeLock.mDisabled:false, mDeviceIdleMode:false, mProcState:0
03-05 05:20:13.411 I/HwPowerManagerServiceEx( 1919): no need to notifyScreenState, not registered
03-05 05:20:13.422 I/HwPowerManagerServiceEx( 1919): no need to notifyScreenState, not registered
03-05 05:20:13.434 D/CompatibilityChangeReporter( 1919): Compat change id reported: 171306433; UID 1000; state: ENABLED
03-05 05:20:13.434 D/CompatibilityChangeReporter( 1919): Compat change id reported: 218533173; UID 1000; state: ENABLED
03-05 05:20:13.435 I/HnAlarmManagerService( 1919): SHB_ELAPSED, alarm: 2ba2277, pkg=android, whenElapsed=1337182479, shbElapsed= 0
03-05 05:20:13.492 I/AlarmManager( 1919): remove alarm reason:1 alarms:[Alarm{2ba2277 type 0 origWhen 1772680823433 whenElapsed 1337182479 PendingIntent{3c1311: PendingIntentRecord{7897c76 android broadcastIntent}} android procName com.hihonor.android.pushagent.HiPushService}]
03-05 05:20:13.505 I/HnAlarmManagerService( 1919): SHB_ELAPSED, alarm: 83dcf4d, pkg=android, whenElapsed=1337352548, shbElapsed= 0
03-05 05:20:13.600 I/HwPowerManagerServiceEx( 1919): no need to notifyScreenState, not registered
03-05 05:20:13.603 I/HwFingersSnapshooter[GestureCollectionMotion]( 1919): reset mIsCollectionFinished:true, mIsMoreCollectionsFinished:true, isNeedUpdate:false, mCollectionService:null, mMoreCollectionsService:null
03-05 05:20:13.621 I/HwPowerManagerServiceEx( 1919): no need to notifyScreenState, not registered
03-05 05:20:13.647 D/CompatibilityChangeReporter( 1919): Compat change id reported: 197654537; UID 10146; state: ENABLED
03-05 05:20:13.649 D/CompatibilityChangeReporter( 1919): Compat change id reported: 197654537; UID 10143; state: ENABLED
03-05 05:20:13.656 D/HwWindowManagerServiceEx( 1919): recompute display mode
03-05 05:20:13.656 D/HwWindowManagerServiceEx( 1919): recompute display mode
03-05 05:20:13.657 D/HwWindowManagerServiceEx( 1919): recompute display mode
03-05 05:20:13.657 D/HwWindowManagerServiceEx( 1919): recompute display mode
03-05 05:20:13.671 I/HwWindowManagerServiceEx( 1919): handleGestureActionForBlur category: enter_recent
03-05 05:20:13.671 I/HwWindowManagerServiceEx( 1919): handleGestureActionForMiniWondow category: enter_recent
03-05 05:20:13.676 I/DE J DES( 1919): [effect] [MOTION_NOTIFICATION] extra:enter_recent
03-05 05:20:13.676 I/DE J DES( 1919): [effect] setScene(38, 23
03-05 05:20:13.677 I/HwActivityTaskManagerServiceEx( 1919): update recent status, enter_recent.
03-05 05:20:13.692 I/HwPowerManagerServiceEx( 1919): no need to notifyScreenState, not registered
03-05 05:20:13.759 I/HwWindowManagerServiceEx( 1919): handleGestureActionForBlur category: enter_recent
03-05 05:20:13.759 I/HwWindowManagerServiceEx( 1919): handleGestureActionForMiniWondow category: enter_recent
03-05 05:20:13.761 I/DE J DES( 1919): [effect] [MOTION_NOTIFICATION] extra:enter_recent
03-05 05:20:13.761 I/DE J DES( 1919): [effect] setScene(38, 23
03-05 05:20:13.762 I/HwActivityTaskManagerServiceEx( 1919): update recent status, enter_recent.
03-05 05:20:13.804 I/ShortcutService( 1919): packageShortcutsChanged package:com.google.android.calendar, userId:0, 1 shortcuts changed, null shortcuts removed
03-05 05:20:14.026 I/HwTaskEx( 1919): isSupportPkgAdjustMinWidth mActivityRecord = com.google.android.youtube
03-05 05:20:14.026 I/HwMultiWindowManager( 1919): isAdjustMin = false
03-05 05:20:14.026 D/HwMultiWindowManager( 1919): adjustMin = 568 - Rect(76, 344 - 644, 1267) - 261.9111
03-05 05:20:14.043 I/HwBrightnessPgSceneDetection( 1919): isHealthEyeWhenFlod() sIsContainsFoldPkgfalse
03-05 05:20:14.043 I/HwBrightnessPgSceneDetection( 1919): isHealthEyeWhenFlod() sIsContainsFoldPkgfalse
03-05 05:20:14.055 D/HwWindowManagerServiceEx( 1919): recompute display mode
03-05 05:20:14.056 I/WindowManager( 1919): handleTopActivityLaunchingInDifferentOrientation background visible activity to cover config
03-05 05:20:14.056 I/HwBrightnessPgSceneDetection( 1919): isHealthEyeWhenFlod() sIsContainsFoldPkgfalse
03-05 05:20:14.172 D/CompatibilityChangeReporter( 1919): Compat change id reported: 161252188; UID 10146; state: DISABLED
03-05 05:20:14.217 I/ActivityThread(13206): finishPreloaded preloadStatus 0
03-05 05:20:14.218 I/ActivityManager( 1919): Flag disabled. Ignoring finishAttachApplication from uid: 1000. pid: 13206
03-05 05:20:14.835 I/HwPowerManagerServiceEx( 1919): no need to notifyScreenState, not registered
03-05 05:20:14.923 I/HwPowerManagerServiceEx( 1919): no need to notifyScreenState, not registered
03-05 05:20:15.032 I/HwPowerManagerServiceEx( 1919): no need to notifyScreenState, not registered
03-05 05:20:15.140 I/HwPowerManagerServiceEx( 1919): no need to notifyScreenState, not registered
03-05 05:20:15.148 I/HwFingersSnapshooter[GestureCollectionMotion]( 1919): reset mIsCollectionFinished:true, mIsMoreCollectionsFinished:true, isNeedUpdate:false, mCollectionService:null, mMoreCollectionsService:null
03-05 05:20:15.717 I/AppCleanParamEx( 2463): mIsSingleCleanTask:false
03-05 05:20:15.724 I/HwWindowManagerServiceEx( 1919): handleGestureActionForBlur category: exit_recent
03-05 05:20:15.724 I/HwWindowManagerServiceEx( 1919): handleGestureActionForMiniWondow category: exit_recent
03-05 05:20:15.726 I/DE J DES( 1919): [effect] [MOTION_NOTIFICATION] extra:exit_recent
03-05 05:20:15.727 D/HnViewRootImplEx( 2822): isNeedToHideStatusBar: splitscreenstate=0
03-05 05:20:15.729 I/HwTaskEx( 1919): isSupportPkgAdjustMinWidth mActivityRecord = com.google.android.youtube
03-05 05:20:15.729 I/HwMultiWindowManager( 1919): isAdjustMin = false
03-05 05:20:15.729 D/HwMultiWindowManager( 1919): adjustMin = 568 - Rect(76, 344 - 644, 1267) - 261.9111
03-05 05:20:15.755 D/HwWindowManagerServiceEx( 1919): recompute display mode
03-05 05:20:15.756 I/WindowManager( 1919): handleTopActivityLaunchingInDifferentOrientation background visible activity to cover config
03-05 05:20:15.760 I/HwBrightnessPgSceneDetection( 1919): isHealthEyeWhenFlod() sIsContainsFoldPkgfalse
03-05 05:20:15.761 I/HwBrightnessPgSceneDetection( 1919): isHealthEyeWhenFlod() sIsContainsFoldPkgfalse
03-05 05:20:15.761 I/HwBrightnessPgSceneDetection( 1919): isHealthEyeWhenFlod() sIsContainsFoldPkgfalse
03-05 05:20:15.780 D/ActivityManager( 1919):  the process com.hihonor.contacts adj >= 900
03-05 05:20:15.797 D/ActivityManager( 1919): sync unfroze 29851 com.whatsapp for 6
03-05 05:20:15.798 I/ActivityManager( 1919): Killing 11461:com.android.calllogbackup/u0a25 (adj 985): empty #17
03-05 05:20:15.798 I/WindowManager( 1919): removeWindowToken: displayid:0 binder:Token{81136d9 ActivityRecord{4abd9dd u0 ro.ing.mobile.banking.android.activity/.main.MainActivity t25855 f} mVisible=false mOccludesParent=true mode=fullscreen boundsRect(0, 0 - 720, 1612)}} token:ActivityRecord{4abd9dd u0 ro.ing.mobile.banking.android.activity/.main.MainActivity t25855 f} mVisible=false mOccludesParent=true mode=fullscreen boundsRect(0, 0 - 720, 1612)}
03-05 05:20:15.799 I/ActivityTaskManager( 1919): destroy for ActivityRecord{4abd9dd u0 ro.ing.mobile.banking.android.activity/.main.MainActivity t25855 f} mVisible=false mOccludesParent=true mode=fullscreen boundsRect(0, 0 - 720, 1612)}, mLetterbox: null
03-05 05:20:15.800 I/WindowManager( 1919): removeWindowToken: displayid:0 binder:Token{81136d9 ActivityRecord{4abd9dd u0 ro.ing.mobile.banking.android.activity/.main.MainActivity t25855 f} mVisible=false mOccludesParent=true mode=fullscreen boundsRect(0, 0 - 720, 1612)}} token:null
03-05 05:20:15.822 I/ActivityManager( 1919): Killing 29851:com.whatsapp/u0a208 (adj 0): remove task
03-05 05:20:15.831 I/CollectDataProc( 1919): [activity restore]  com.android.calllogbackup [killed reason] empty
03-05 05:20:15.835 I/WindowManager( 1919): setSurfaceControl null, caller = com.android.server.wm.ActivityRecord.setSurfaceControl:2183 com.android.server.wm.WindowContainer.removeImmediately:874 com.android.server.wm.WindowToken.removeImmediately:413 com.android.server.wm.ActivityRecord.removeImmediately:5453 com.android.server.wm.ActivityRecord.removeIfPossible:5460 com.android.server.wm.ActivityRecord.onRemovedFromDisplay:5547 com.android.server.wm.DisplayContent.removeAppToken:1835 com.android.server.wm.ActivityRecord.removeFromHistory:5133 com.android.server.wm.ActivityRecord.destroyImmediately:5068 com.android.server.wm.ActivityRecord.destroyIfPossible:4934 
03-05 05:20:15.877 I/CollectDataProc( 1919): [activity restore]  com.whatsapp [killed reason] remove task
03-05 05:20:15.878 I/WindowManager( 1919): setSurfaceControl null, caller = com.android.server.wm.TaskFragment.setSurfaceControl:3124 com.android.server.wm.Task.setSurfaceControl:5814 com.android.server.wm.WindowContainer.removeImmediately:874 com.android.server.wm.TaskFragment.removeImmediately:3444 com.android.server.wm.Task.removeImmediately:3739 com.android.server.wm.Task.removeIfPossible:1123 com.android.server.wm.Task.removeChild:2046 com.android.server.wm.Task.removeChild:1989 com.android.server.wm.WindowContainer.removeImmediately:887 com.android.server.wm.WindowToken.removeImmediately:413 
03-05 05:20:15.880 I/removeFromHistory( 1919): ActivityRecord{4abd9dd u0 ro.ing.mobile.banking.android.activity/.main.MainActivity t-1 f} mVisible=false mOccludesParent=true mode=fullscreen boundsRect(0, 0 - 720, 1612)} reason finish-imm:remove-task hadNoApp Callers=com.android.server.wm.ActivityRecord.destroyImmediately:5068 com.android.server.wm.ActivityRecord.destroyIfPossible:4934 com.android.server.wm.Task.removeActivities:2132 com.android.server.wm.ActivityTaskSupervisor.removeTask:1968 com.android.server.wm.ActivityTaskSupervisor.removeTask:1898 com.android.server.wm.ActivityTaskManagerService.removeTask:2430 com.android.server.wm.HwActivityTaskManagerServiceEx.removeTaskLocked:8301 com.android.server.wm.HwActivityTaskManagerServiceEx.removeTask:8234 
03-05 05:20:15.883 D/HwWindowManagerServiceEx( 1919): recompute display mode
03-05 05:20:15.884 D/HwWindowManagerServiceEx( 1919): recompute display mode
03-05 05:20:15.890 I/ShellTaskOrganizer( 2382): onTaskVanished: 25855, listener: FullscreenTaskListener:TASK_LISTENER_TYPE_FULLSCREEN
03-05 05:20:15.890 I/FullscreenTaskListener( 2382): onTaskVanished taskId=25855
03-05 05:20:15.896 D/ActivityManager( 1919): sync unfroze 5149 com.superpartybyai.app for 6
03-05 05:20:15.953 I/ActivityManager( 1919): Killing 5149:com.superpartybyai.app/u0a327 (adj 0): remove task
03-05 05:20:15.969 I/CollectDataProc( 1919): [activity restore]  com.superpartybyai.app [killed reason] remove task
03-05 05:20:15.986 I/ActivityManager( 1919): Dying app: ProcessRecord{804b625 11461:com.android.calllogbackup/u0a25}, pid: 11461, isNeedClearup: true, isFromBinderDied:true
03-05 05:20:15.987 W/HwAudioServiceEx( 1919): SoundEffectState bundle get reserved is invalid
03-05 05:20:15.989 I/HwPowerManagerService( 1919): appdie release wakelock, pid = 11461, uid = 10025
03-05 05:20:16.013 I/DE J DES( 1919): [effect] setScene(72, 17
03-05 05:20:16.013 I/ActivityManager( 1919): Killing 7658:com.facebook.appmanager/u0a182 (adj 985): empty #17
03-05 05:20:16.016 I/CollectDataProc( 1919): [activity restore]  com.facebook.appmanager [killed reason] empty
03-05 05:20:16.017 I/DE J DES( 1919): [effect] Pg pkg:com.hihonor.android.launcher#com.google.android.youtube
03-05 05:20:16.018 D/HwActivityManagerServiceEx( 1919): getPackageNameForPid callingAppId: 1000
03-05 05:20:16.019 I/ActivityManager( 1919): Killing 12020:com.google.android.gms.unstable/u0a43 (adj 985): empty #18
03-05 05:20:16.021 I/ActivityManager( 1919): Killing 11985:com.android.vending:background/u0a140 (adj 995): empty #19
03-05 05:20:16.021 D/HwActivityManagerServiceEx( 1919): getPackageNameForPid callingAppId: 1000
03-05 05:20:16.022 I/ActivityManager( 1919): Killing 11917:com.google.android.apps.wellbeing/u0a142 (adj 995): empty #20
03-05 05:20:16.023 D/HwActivityManagerServiceEx( 1919): getPackageNameForPid callingAppId: 1000
03-05 05:20:16.024 I/ActivityManager( 1919): Killing 11331:android.process.acore/u0a25 (adj 999): empty #21
03-05 05:20:16.024 I/CollectDataProc( 1919): [activity restore]  com.google.android.apps.wellbeing [killed reason] empty
03-05 05:20:16.027 I/CollectDataProc( 1919): [activity restore]  com.android.providers.contacts [killed reason] empty
03-05 05:20:16.045 D/ActivityManager( 1919):  the process com.google.android.gm adj >= 900
03-05 05:20:16.046 D/ActivityManager( 1919):  the process com.google.android.webview:sandboxed_process0:org.chromium.content.app.SandboxedProcessService0:0 adj >= 900
03-05 05:20:16.046 I/UsageStatsService( 1919): reportEvent : component= ComponentInfo{ro.ing.mobile.banking.android.activity/ro.ing.mobile.banking.android.activity.main.MainActivity} eventType= 24
03-05 05:20:16.048 I/HwBrightnessPgSceneDetection( 1919): isHealthEyeWhenFlod() sIsContainsFoldPkgfalse
03-05 05:20:16.050 D/ActivityManager( 1919):  the process com.google.android.googlequicksearchbox:search adj >= 900
03-05 05:20:16.051 W/UsageStatsService( 1919): Unexpected activity event reported! (ro.ing.mobile.banking.android.activity/ro.ing.mobile.banking.android.activity.main.MainActivity event : 23 instanceId : 135345881)
03-05 05:20:16.160 I/ActivityManager( 1919): Killing 11894:com.google.android.projection.gearhead:provider/u0a132 (adj 975): empty #17
03-05 05:20:16.406 I/ActivityManager( 1919): Dying app: ProcessRecord{99a80e4 11917:com.google.android.apps.wellbeing/u0a142}, pid: 11917, isNeedClearup: true, isFromBinderDied:true
03-05 05:20:16.414 W/HwAudioServiceEx( 1919): SoundEffectState bundle get reserved is invalid
03-05 05:20:16.414 I/HwPowerManagerService( 1919): appdie release wakelock, pid = 11917, uid = 10142
03-05 05:20:16.420 I/ActivityManager( 1919): Dying app: ProcessRecord{ff8c01a 12020:com.google.android.gms.unstable/u0a43}, pid: 12020, isNeedClearup: true, isFromBinderDied:true
03-05 05:20:16.423 W/HwAudioServiceEx( 1919): SoundEffectState bundle get reserved is invalid
03-05 05:20:16.423 I/HwPowerManagerService( 1919): appdie release wakelock, pid = 12020, uid = 10043
03-05 05:20:16.425 D/AutofillSession( 1919): handling death of Token{bc86b97 ActivityRecord{e9abfd8 u0 com.whatsapp/.home.ui.HomeActivity t25846 f} mVisible=false mOccludesParent=true mode=fullscreen boundsRect(0, 0 - 720, 1612)}} when saving=false
03-05 05:20:16.432 D/DisplayManagerService( 1919): Drop pending events for gone uid 10142
03-05 05:20:16.450 D/AutofillSession( 1919): handling death of Token{f5a308e ActivityRecord{e6cb253 u0 com.whatsapp/.Conversation t25846 f} mVisible=false mOccludesParent=true mode=fullscreen boundsRect(0, 0 - 720, 1612)}} when saving=false
03-05 05:20:16.451 I/WindowManager( 1919): WIN DEATH: Window{c34169b u0 com.whatsapp/com.whatsapp.home.ui.HomeActivity}
03-05 05:20:16.453 I/WindowManager( 1919): cancelAnimation
03-05 05:20:16.455 D/HwActivityManagerServiceEx( 1919): getPackageNameForPid callingAppId: 1000
03-05 05:20:16.455 I/WindowManager( 1919): mActivityRecord.cancelAnimation
03-05 05:20:16.458 D/HwActivityManagerServiceEx( 1919): getPackageNameForPid callingAppId: 1000
03-05 05:20:16.467 D/HwActivityManagerServiceEx( 1919): getPackageNameForPid callingAppId: 1000
03-05 05:20:16.469 D/HwActivityManagerServiceEx( 1919): getPackageNameForPid callingAppId: 1000
03-05 05:20:16.470 D/HwActivityManagerServiceEx( 1919): getPackageNameForPid callingAppId: 1000
03-05 05:20:16.475 D/HwActivityManagerServiceEx( 1919): getPackageNameForPid callingAppId: 1000
03-05 05:20:16.482 I/WindowManager( 1919): setSurfaceControl null, caller = com.android.server.wm.WindowContainer.removeImmediately:874 com.android.server.wm.WindowState.removeImmediately:3014 com.android.server.wm.WindowState.removeIfPossible:3189 com.android.server.wm.WindowState$DeathRecipient.binderDied:3836 android.os.IBinder$DeathRecipient.binderDied:329 android.os.BinderProxy.sendDeathNotice:749 <bottom of call stack> <bottom of call stack> <bottom of call stack> <bottom of call stack> 
03-05 05:20:16.483 I/HnAwareStartSurfaceController( 1919): activityRecord: ActivityRecord{c423c3f u0 com.hihonor.android.launcher/.unihome.UniHomeLauncher t5 mVisible=true mOccludesParent=true mode=fullscreen boundsRect(0, 0 - 720, 1612)} mCurrentAppStartingSurface: null
03-05 05:20:16.487 I/HwAudioServiceEx( 1919): HwAudioHandlerEx receive unknown msg
03-05 05:20:16.491 I/HwBrightnessPgSceneDetection( 1919): isHealthEyeWhenFlod() sIsContainsFoldPkgfalse
03-05 05:20:16.492 I/WindowManager( 1919): WIN DEATH: Window{2c6c445 u0 com.whatsapp/com.whatsapp.Conversation}
03-05 05:20:16.493 I/WindowManager( 1919): cancelAnimation
03-05 05:20:16.493 I/WindowManager( 1919): mActivityRecord.cancelAnimation
03-05 05:20:16.495 I/WindowManager( 1919): setSurfaceControl null, caller = com.android.server.wm.WindowContainer.removeImmediately:874 com.android.server.wm.WindowState.removeImmediately:3014 com.android.server.wm.WindowState.removeIfPossible:3189 com.android.server.wm.WindowState$DeathRecipient.binderDied:3836 android.os.IBinder$DeathRecipient.binderDied:329 android.os.BinderProxy.sendDeathNotice:749 <bottom of call stack> <bottom of call stack> <bottom of call stack> <bottom of call stack> 
03-05 05:20:16.496 I/HnAwareStartSurfaceController( 1919): activityRecord: ActivityRecord{c423c3f u0 com.hihonor.android.launcher/.unihome.UniHomeLauncher t5 mVisible=true mOccludesParent=true mode=fullscreen boundsRect(0, 0 - 720, 1612)} mCurrentAppStartingSurface: null
03-05 05:20:16.511 I/WindowManager( 1919): addWindowToken: displayid:0 binder:android.os.Binder@f5beaba token:WindowToken{183cd6b type=2005 android.os.Binder@f5beaba}
03-05 05:20:16.519 I/WindowManager( 1919): WIN DEATH: Window{3fa264c u0 com.superpartybyai.app/com.superpartybyai.app.MainActivity}
03-05 05:20:16.519 I/WindowManager( 1919): cancelAnimation
03-05 05:20:16.519 I/WindowManager( 1919): mActivityRecord.cancelAnimation
03-05 05:20:16.522 I/WindowManager( 1919): setSurfaceControl null, caller = com.android.server.wm.WindowContainer.removeImmediately:874 com.android.server.wm.WindowState.removeImmediately:3014 com.android.server.wm.WindowState.removeIfPossible:3189 com.android.server.wm.WindowState$DeathRecipient.binderDied:3836 android.os.IBinder$DeathRecipient.binderDied:329 android.os.BinderProxy.sendDeathNotice:749 <bottom of call stack> <bottom of call stack> <bottom of call stack> <bottom of call stack> 
03-05 05:20:16.523 I/HnAwareStartSurfaceController( 1919): activityRecord: ActivityRecord{c423c3f u0 com.hihonor.android.launcher/.unihome.UniHomeLauncher t5 mVisible=true mOccludesParent=true mode=fullscreen boundsRect(0, 0 - 720, 1612)} mCurrentAppStartingSurface: null
03-05 05:20:16.539 I/ActivityManager( 1919): Dying app: ProcessRecord{b2b25fa 11894:com.google.android.projection.gearhead:provider/u0a132}, pid: 11894, isNeedClearup: true, isFromBinderDied:true
03-05 05:20:16.540 I/HwPowerManagerService( 1919): appdie release wakelock, pid = 11894, uid = 10132
03-05 05:20:16.540 W/HwAudioServiceEx( 1919): SoundEffectState bundle get reserved is invalid
03-05 05:20:16.543 D/HwActivityManagerServiceEx( 1919): getPackageNameForPid callingAppId: 1000
03-05 05:20:16.548 I/ActivityManager( 1919): Dying app: ProcessRecord{a9667b8 11331:android.process.acore/u0a25}, pid: 11331, isNeedClearup: true, isFromBinderDied:true
03-05 05:20:16.548 D/HwActivityManagerServiceEx( 1919): getPackageNameForPid callingAppId: 1000
03-05 05:20:16.548 I/HwPowerManagerService( 1919): appdie release wakelock, pid = 11331, uid = 10025
03-05 05:20:16.549 I/ActivityManager( 1919): Killing 11310:com.hihonor.contacts/u0a50 (adj 905): depends on provider com.android.providers.contacts/.ContactsProvider2 in dying proc android.process.acore (adj -10000)
03-05 05:20:16.549 D/DisplayManagerService( 1919): Drop pending events for gone uid 10132
03-05 05:20:16.550 D/HwActivityManagerServiceEx( 1919): getPackageNameForPid callingAppId: 1000
03-05 05:20:16.553 I/ResourcesManager( 2382): rebaseKeyForDisplay : 0, temp = {0.0 ?mcc0mnc ?localeList ?layoutDir sw360dp w360dp h734dp 320dpi nrml long ?ldr ?wideColorGamut port ?uimode ?night -touch ?keyb/?/? ?nav/? winConfig={ mBounds=Rect(0, 0 - 720, 1612) mAppBounds=null mMaxBounds=Rect(0, 0 - 0, 0) mDisplayRotation=undefined mWindowingMode=undefined mDisplayWindowingMode=undefined mActivityType=undefined mAlwaysOnTop=undefined mRotation=undefined} changeUserFlag:0 changeUiModeFlag:0 fullScreenVideoFlag:0 splitScreenState:-1 landScapeFreeformFlag:1 hoverMode:0 ?fontWeightAdjustment}
03-05 05:20:16.556 W/HwAudioServiceEx( 1919): SoundEffectState bundle get reserved is invalid
03-05 05:20:16.557 I/CollectDataProc( 1919): [activity restore]  com.hihonor.contacts [killed reason] ignore
03-05 05:20:16.563 D/DisplayManagerService( 1919): Drop pending events for gone uid 10025
03-05 05:20:16.567 I/ActivityManager( 1919): Dying app: ProcessRecord{805809d 11985:com.android.vending:background/u0a140}, pid: 11985, isNeedClearup: true, isFromBinderDied:true
03-05 05:20:16.569 I/HwPowerManagerService( 1919): appdie release wakelock, pid = 11985, uid = 10140
03-05 05:20:16.573 W/HwAudioServiceEx( 1919): SoundEffectState bundle get reserved is invalid
03-05 05:20:16.574 D/HwActivityManagerServiceEx( 1919): getPackageNameForPid callingAppId: 1000
03-05 05:20:16.577 D/HwActivityManagerServiceEx( 1919): getPackageNameForPid callingAppId: 1000
03-05 05:20:16.577 D/DisplayManagerService( 1919): Drop pending events for gone uid 10140
03-05 05:20:16.577 D/HwActivityManagerServiceEx( 1919): getPackageNameForPid callingAppId: 1000
03-05 05:20:16.579 I/HwBrightnessPgSceneDetection( 1919): isHealthEyeWhenFlod() sIsContainsFoldPkgfalse
03-05 05:20:16.579 I/HwBrightnessPgSceneDetection( 1919): isHealthEyeWhenFlod() sIsContainsFoldPkgfalse
03-05 05:20:16.579 I/ActivityManager( 1919): Dying app: ProcessRecord{564a44d 29851:com.whatsapp/u0a208}, pid: 29851, isNeedClearup: true, isFromBinderDied:true
03-05 05:20:16.581 W/HwAudioServiceEx( 1919): SoundEffectState bundle get reserved is invalid
03-05 05:20:16.585 I/HwPowerManagerService( 1919): appdie release wakelock, pid = 29851, uid = 10208
03-05 05:20:16.586 D/HwActivityManagerServiceEx( 1919): getPackageNameForPid callingAppId: 1000
03-05 05:20:16.587 W/ActivityManager( 1919): Scheduling restart of crashed service com.whatsapp/.messageservice.messaging.MessageService in 1594ms for start-requested
03-05 05:20:16.587 D/HwActivityManagerServiceEx( 1919): getPackageNameForPid callingAppId: 1000
03-05 05:20:16.591 D/HwActivityManagerServiceEx( 1919): getPackageNameForPid callingAppId: 1000
03-05 05:20:16.592 D/DisplayManagerService( 1919): Drop pending events for gone uid 10208
03-05 05:20:16.596 I/WindowManager( 1919): removeWindowToken: displayid:0 binder:Token{f5a308e ActivityRecord{e6cb253 u0 com.whatsapp/.Conversation t25846 f} mVisible=false mOccludesParent=true mode=fullscreen boundsRect(0, 0 - 720, 1612)}} token:ActivityRecord{e6cb253 u0 com.whatsapp/.Conversation t25846 f} mVisible=false mOccludesParent=true mode=fullscreen boundsRect(0, 0 - 720, 1612)}
03-05 05:20:16.596 I/ActivityTaskManager( 1919): destroy for ActivityRecord{e6cb253 u0 com.whatsapp/.Conversation t25846 f} mVisible=false mOccludesParent=true mode=fullscreen boundsRect(0, 0 - 720, 1612)}, mLetterbox: null
03-05 05:20:16.597 I/WindowManager( 1919): removeWindowToken: displayid:0 binder:Token{f5a308e ActivityRecord{e6cb253 u0 com.whatsapp/.Conversation t25846 f} mVisible=false mOccludesParent=true mode=fullscreen boundsRect(0, 0 - 720, 1612)}} token:null
03-05 05:20:16.597 I/WindowManager( 1919): setSurfaceControl null, caller = com.android.server.wm.ActivityRecord.setSurfaceControl:2183 com.android.server.wm.WindowContainer.removeImmediately:874 com.android.server.wm.WindowToken.removeImmediately:413 com.android.server.wm.ActivityRecord.removeImmediately:5453 com.android.server.wm.ActivityRecord.removeIfPossible:5460 com.android.server.wm.ActivityRecord.onRemovedFromDisplay:5547 com.android.server.wm.DisplayContent.removeAppToken:1835 com.android.server.wm.ActivityRecord.removeFromHistory:5133 com.android.server.wm.ActivityRecord.handleAppDied:5434 com.android.server.wm.WindowProcessController.handleAppDied:1524 
03-05 05:20:16.598 I/UsageStatsService( 1919): reportEvent : component= ComponentInfo{com.whatsapp/com.whatsapp.Conversation} eventType= 24
03-05 05:20:16.601 I/removeFromHistory( 1919): ActivityRecord{e6cb253 u0 com.whatsapp/.Conversation t-1 f} mVisible=false mOccludesParent=true mode=fullscreen boundsRect(0, 0 - 720, 1612)} reason appDied Callers=com.android.server.wm.ActivityRecord.handleAppDied:5434 com.android.server.wm.WindowProcessController.handleAppDied:1524 com.android.server.wm.ActivityTaskManagerService$LocalService.handleAppDied:7561 com.android.server.am.ActivityManagerService.handleAppDiedLocked:3728 com.android.server.am.ActivityManagerService.appDiedLocked:3843 com.android.server.am.ActivityManagerService$AppDeathRecipient.binderDied:1747 android.os.IBinder$DeathRecipient.binderDied:329 android.os.BinderProxy.sendDeathNotice:749 
03-05 05:20:16.601 I/WindowManager( 1919): removeWindowToken: displayid:0 binder:Token{bc86b97 ActivityRecord{e9abfd8 u0 com.whatsapp/.home.ui.HomeActivity t25846 f} mVisible=false mOccludesParent=true mode=fullscreen boundsRect(0, 0 - 720, 1612)}} token:ActivityRecord{e9abfd8 u0 com.whatsapp/.home.ui.HomeActivity t25846 f} mVisible=false mOccludesParent=true mode=fullscreen boundsRect(0, 0 - 720, 1612)}
03-05 05:20:16.601 I/ActivityTaskManager( 1919): destroy for ActivityRecord{e9abfd8 u0 com.whatsapp/.home.ui.HomeActivity t25846 f} mVisible=false mOccludesParent=true mode=fullscreen boundsRect(0, 0 - 720, 1612)}, mLetterbox: null
03-05 05:20:16.601 I/WindowManager( 1919): removeWindowToken: displayid:0 binder:Token{bc86b97 ActivityRecord{e9abfd8 u0 com.whatsapp/.home.ui.HomeActivity t25846 f} mVisible=false mOccludesParent=true mode=fullscreen boundsRect(0, 0 - 720, 1612)}} token:null
03-05 05:20:16.602 I/WindowManager( 1919): setSurfaceControl null, caller = com.android.server.wm.ActivityRecord.setSurfaceControl:2183 com.android.server.wm.WindowContainer.removeImmediately:874 com.android.server.wm.WindowToken.removeImmediately:413 com.android.server.wm.ActivityRecord.removeImmediately:5453 com.android.server.wm.ActivityRecord.removeIfPossible:5460 com.android.server.wm.ActivityRecord.onRemovedFromDisplay:5547 com.android.server.wm.DisplayContent.removeAppToken:1835 com.android.server.wm.ActivityRecord.removeFromHistory:5133 com.android.server.wm.ActivityRecord.handleAppDied:5434 com.android.server.wm.WindowProcessController.handleAppDied:1524 
03-05 05:20:16.603 W/UsageStatsService( 1919): Unexpected activity event reported! (com.whatsapp/com.whatsapp.Conversation event : 23 instanceId : 257568910)
03-05 05:20:16.611 I/WindowManager( 1919): setSurfaceControl null, caller = com.android.server.wm.TaskFragment.setSurfaceControl:3124 com.android.server.wm.Task.setSurfaceControl:5814 com.android.server.wm.WindowContainer.removeImmediately:874 com.android.server.wm.TaskFragment.removeImmediately:3444 com.android.server.wm.Task.removeImmediately:3739 com.android.server.wm.Task.removeIfPossible:1123 com.android.server.wm.Task.removeChild:2046 com.android.server.wm.Task.removeChild:1989 com.android.server.wm.WindowContainer.removeImmediately:887 com.android.server.wm.WindowToken.removeImmediately:413 
03-05 05:20:16.615 I/removeFromHistory( 1919): ActivityRecord{e9abfd8 u0 com.whatsapp/.home.ui.HomeActivity t-1 f} mVisible=false mOccludesParent=true mode=fullscreen boundsRect(0, 0 - 720, 1612)} reason appDied Callers=com.android.server.wm.ActivityRecord.handleAppDied:5434 com.android.server.wm.WindowProcessController.handleAppDied:1524 com.android.server.wm.ActivityTaskManagerService$LocalService.handleAppDied:7561 com.android.server.am.ActivityManagerService.handleAppDiedLocked:3728 com.android.server.am.ActivityManagerService.appDiedLocked:3843 com.android.server.am.ActivityManagerService$AppDeathRecipient.binderDied:1747 android.os.IBinder$DeathRecipient.binderDied:329 android.os.BinderProxy.sendDeathNotice:749 
03-05 05:20:16.618 I/ShellTaskOrganizer( 2382): onTaskVanished: 25846, listener: FullscreenTaskListener:TASK_LISTENER_TYPE_FULLSCREEN
03-05 05:20:16.618 I/FullscreenTaskListener( 2382): onTaskVanished taskId=25846
03-05 05:20:16.619 I/ActivityManager( 1919): Dying app: ProcessRecord{fb18c4d 5149:com.superpartybyai.app/u0a327}, pid: 5149, isNeedClearup: true, isFromBinderDied:true
03-05 05:20:16.619 W/HwAudioServiceEx( 1919): SoundEffectState bundle get reserved is invalid
03-05 05:20:16.619 I/HwPowerManagerService( 1919): appdie release wakelock, pid = 5149, uid = 10327
03-05 05:20:16.626 W/ActivityManager( 1919): Scheduling restart of crashed service com.superpartybyai.app/com.twilio.twilio_voice.service.TVConnectionService in 11555ms for start-requested
03-05 05:20:16.633 I/WindowManager( 1919): removeWindowToken: displayid:0 binder:Token{65f81c8 ActivityRecord{6803dc u0 com.superpartybyai.app/.MainActivity t25870 f} mVisible=false mOccludesParent=true mode=fullscreen boundsRect(0, 0 - 720, 1612)}} token:ActivityRecord{6803dc u0 com.superpartybyai.app/.MainActivity t25870 f} mVisible=false mOccludesParent=true mode=fullscreen boundsRect(0, 0 - 720, 1612)}
03-05 05:20:16.633 I/ActivityTaskManager( 1919): destroy for ActivityRecord{6803dc u0 com.superpartybyai.app/.MainActivity t25870 f} mVisible=false mOccludesParent=true mode=fullscreen boundsRect(0, 0 - 720, 1612)}, mLetterbox: null
03-05 05:20:16.633 D/DisplayManagerService( 1919): Drop pending events for gone uid 10327
03-05 05:20:16.633 I/WindowManager( 1919): removeWindowToken: displayid:0 binder:Token{65f81c8 ActivityRecord{6803dc u0 com.superpartybyai.app/.MainActivity t25870 f} mVisible=false mOccludesParent=true mode=fullscreen boundsRect(0, 0 - 720, 1612)}} token:null
03-05 05:20:16.634 I/WindowManager( 1919): setSurfaceControl null, caller = com.android.server.wm.ActivityRecord.setSurfaceControl:2183 com.android.server.wm.WindowContainer.removeImmediately:874 com.android.server.wm.WindowToken.removeImmediately:413 com.android.server.wm.ActivityRecord.removeImmediately:5453 com.android.server.wm.ActivityRecord.removeIfPossible:5460 com.android.server.wm.ActivityRecord.onRemovedFromDisplay:5547 com.android.server.wm.DisplayContent.removeAppToken:1835 com.android.server.wm.ActivityRecord.removeFromHistory:5133 com.android.server.wm.ActivityRecord.handleAppDied:5434 com.android.server.wm.WindowProcessController.handleAppDied:1524 
03-05 05:20:16.639 I/WindowManager( 1919): setSurfaceControl null, caller = com.android.server.wm.TaskFragment.setSurfaceControl:3124 com.android.server.wm.Task.setSurfaceControl:5814 com.android.server.wm.WindowContainer.removeImmediately:874 com.android.server.wm.TaskFragment.removeImmediately:3444 com.android.server.wm.Task.removeImmediately:3739 com.android.server.wm.Task.removeIfPossible:1123 com.android.server.wm.Task.removeChild:2046 com.android.server.wm.Task.removeChild:1989 com.android.server.wm.WindowContainer.removeImmediately:887 com.android.server.wm.WindowToken.removeImmediately:413 
03-05 05:20:16.641 I/removeFromHistory( 1919): ActivityRecord{6803dc u0 com.superpartybyai.app/.MainActivity t-1 f} mVisible=false mOccludesParent=true mode=fullscreen boundsRect(0, 0 - 720, 1612)} reason appDied Callers=com.android.server.wm.ActivityRecord.handleAppDied:5434 com.android.server.wm.WindowProcessController.handleAppDied:1524 com.android.server.wm.ActivityTaskManagerService$LocalService.handleAppDied:7561 com.android.server.am.ActivityManagerService.handleAppDiedLocked:3728 com.android.server.am.ActivityManagerService.appDiedLocked:3843 com.android.server.am.ActivityManagerService$AppDeathRecipient.binderDied:1747 android.os.IBinder$DeathRecipient.binderDied:329 android.os.BinderProxy.sendDeathNotice:749 
03-05 05:20:16.644 I/ActivityManager( 1919): Dying app: ProcessRecord{fc5e809 7658:com.facebook.appmanager/u0a182}, pid: 7658, isNeedClearup: true, isFromBinderDied:true
03-05 05:20:16.645 W/HwAudioServiceEx( 1919): SoundEffectState bundle get reserved is invalid
03-05 05:20:16.646 I/HwPowerManagerService( 1919): appdie release wakelock, pid = 7658, uid = 10182
03-05 05:20:16.647 I/ShellTaskOrganizer( 2382): onTaskVanished: 25870, listener: FullscreenTaskListener:TASK_LISTENER_TYPE_FULLSCREEN
03-05 05:20:16.647 I/FullscreenTaskListener( 2382): onTaskVanished taskId=25870
03-05 05:20:16.655 D/DisplayManagerService( 1919): Drop pending events for gone uid 10182
03-05 05:20:16.663 D/HwActivityManagerServiceEx( 1919): getPackageNameForPid callingAppId: 1000
03-05 05:20:16.663 D/HwActivityManagerServiceEx( 1919): getPackageNameForPid callingAppId: 1000
03-05 05:20:16.664 D/HwActivityManagerServiceEx( 1919): getPackageNameForPid callingAppId: 1000
03-05 05:20:16.664 V/WindowManager( 1919): Attaching Window{523a174 u0 Toast} token=WindowToken{183cd6b type=2005 android.os.Binder@f5beaba}
03-05 05:20:16.669 I/HnAwareStartSurfaceController( 1919): activityRecord: ActivityRecord{c423c3f u0 com.hihonor.android.launcher/.unihome.UniHomeLauncher t5 mVisible=true mOccludesParent=true mode=fullscreen boundsRect(0, 0 - 720, 1612)} mCurrentAppStartingSurface: null
03-05 05:20:16.671 D/HwWindowManagerServiceEx( 1919): recompute display mode
03-05 05:20:16.671 I/WindowManager( 1919): handleTopActivityLaunchingInDifferentOrientation background visible activity to cover config
03-05 05:20:16.684 D/CoreBackPreview( 1919): Window{523a174 u0 Toast}: Setting back callback OnBackInvokedCallbackInfo{mCallback=android.window.IOnBackInvokedCallback$Stub$Proxy@2011712, mPriority=0, mIsAnimationCallback=false}
03-05 05:20:16.690 I/UsageStatsService( 1919): reportEvent : component= ComponentInfo{com.whatsapp/com.whatsapp.home.ui.HomeActivity} eventType= 24
03-05 05:20:16.695 W/UsageStatsService( 1919): Unexpected activity event reported! (com.whatsapp/com.whatsapp.home.ui.HomeActivity event : 23 instanceId : 197684119)
03-05 05:20:16.695 I/HwBrightnessPgSceneDetection( 1919): isHealthEyeWhenFlod() sIsContainsFoldPkgfalse
03-05 05:20:16.696 I/ActivityManager( 1919): Dying app: ProcessRecord{7f492e9 11310:com.hihonor.contacts/u0a50}, pid: 11310, isNeedClearup: true, isFromBinderDied:true
03-05 05:20:16.696 I/UsageStatsService( 1919): reportEvent : component= ComponentInfo{com.superpartybyai.app/com.superpartybyai.app.MainActivity} eventType= 24
03-05 05:20:16.697 W/HwAudioServiceEx( 1919): SoundEffectState bundle get reserved is invalid
03-05 05:20:16.697 W/UsageStatsService( 1919): Unexpected activity event reported! (com.superpartybyai.app/com.superpartybyai.app.MainActivity event : 23 instanceId : 106922440)
03-05 05:20:16.697 I/HwPowerManagerService( 1919): appdie release wakelock, pid = 11310, uid = 10050
03-05 05:20:16.712 D/HwWindowManagerServiceEx( 1919): recompute display mode
03-05 05:20:16.712 I/WindowManager( 1919): handleTopActivityLaunchingInDifferentOrientation background visible activity to cover config
03-05 05:20:16.716 I/WindowManager( 1919): WIN DEATH: Window{90102f3 u0 com.hihonor.contacts/com.android.contacts.activities.DialtactsActivity}
03-05 05:20:16.716 I/WindowManager( 1919): cancelAnimation
03-05 05:20:16.716 I/WindowManager( 1919): mActivityRecord.cancelAnimation
03-05 05:20:16.724 I/WindowManager( 1919): setSurfaceControl null, caller = com.android.server.wm.WindowContainer.removeImmediately:874 com.android.server.wm.WindowState.removeImmediately:3014 com.android.server.wm.WindowState.removeIfPossible:3189 com.android.server.wm.WindowState$DeathRecipient.binderDied:3836 android.os.IBinder$DeathRecipient.binderDied:329 android.os.BinderProxy.sendDeathNotice:749 <bottom of call stack> <bottom of call stack> <bottom of call stack> <bottom of call stack> 
03-05 05:20:16.724 I/HnAwareStartSurfaceController( 1919): activityRecord: ActivityRecord{c423c3f u0 com.hihonor.android.launcher/.unihome.UniHomeLauncher t5 mVisible=true mOccludesParent=true mode=fullscreen boundsRect(0, 0 - 720, 1612)} mCurrentAppStartingSurface: null
03-05 05:20:16.742 I/HwForceDarkManager( 2382): setAllowedHwForceDark:false package:com.android.systemui mCurrProcessState:2 mIsPackageNameChange:true hwForceDarkState:0 isViewAllowedForceDark:true isLastHonorForceDark:false
03-05 05:20:16.744 D/DisplayManagerService( 1919): Drop pending events for gone uid 10050
03-05 05:20:16.760 V/WindowManager( 1919): Loading animations: layout params pkg=com.android.systemui resId=0x0
03-05 05:20:16.760 D/HwAppTransitionImpl( 1919): windowAnimations = 0 dose not come from system, not to override it.
03-05 05:20:16.761 I/hnWindowInfomationUpdate( 1919): addOrUpdateWindowInformation end ... 
03-05 05:20:16.763 I/WindowManager( 1919): removeWindowToken: displayid:0 binder:Token{bed934b ActivityRecord{1af32f u0 com.hihonor.contacts/com.android.contacts.activities.DialtactsActivity t25857 f} mVisible=false mOccludesParent=true mode=fullscreen boundsRect(0, 0 - 720, 1612)}} token:ActivityRecord{1af32f u0 com.hihonor.contacts/com.android.contacts.activities.DialtactsActivity t25857 f} mVisible=false mOccludesParent=true mode=fullscreen boundsRect(0, 0 - 720, 1612)}
03-05 05:20:16.764 I/ActivityTaskManager( 1919): destroy for ActivityRecord{1af32f u0 com.hihonor.contacts/com.android.contacts.activities.DialtactsActivity t25857 f} mVisible=false mOccludesParent=true mode=fullscreen boundsRect(0, 0 - 720, 1612)}, mLetterbox: null
03-05 05:20:16.764 I/WindowManager( 1919): removeWindowToken: displayid:0 binder:Token{bed934b ActivityRecord{1af32f u0 com.hihonor.contacts/com.android.contacts.activities.DialtactsActivity t25857 f} mVisible=false mOccludesParent=true mode=fullscreen boundsRect(0, 0 - 720, 1612)}} token:null
03-05 05:20:16.765 I/WindowManager( 1919): setSurfaceControl null, caller = com.android.server.wm.ActivityRecord.setSurfaceControl:2183 com.android.server.wm.WindowContainer.removeImmediately:874 com.android.server.wm.WindowToken.removeImmediately:413 com.android.server.wm.ActivityRecord.removeImmediately:5453 com.android.server.wm.ActivityRecord.removeIfPossible:5460 com.android.server.wm.ActivityRecord.onRemovedFromDisplay:5547 com.android.server.wm.DisplayContent.removeAppToken:1835 com.android.server.wm.ActivityRecord.removeFromHistory:5133 com.android.server.wm.ActivityRecord.handleAppDied:5434 com.android.server.wm.WindowProcessController.handleAppDied:1524 
03-05 05:20:16.772 I/WindowManager( 1919): setSurfaceControl null, caller = com.android.server.wm.TaskFragment.setSurfaceControl:3124 com.android.server.wm.Task.setSurfaceControl:5814 com.android.server.wm.WindowContainer.removeImmediately:874 com.android.server.wm.TaskFragment.removeImmediately:3444 com.android.server.wm.Task.removeImmediately:3739 com.android.server.wm.Task.removeIfPossible:1123 com.android.server.wm.Task.removeChild:2046 com.android.server.wm.Task.removeChild:1989 com.android.server.wm.WindowContainer.removeImmediately:887 com.android.server.wm.WindowToken.removeImmediately:413 
03-05 05:20:16.774 I/removeFromHistory( 1919): ActivityRecord{1af32f u0 com.hihonor.contacts/com.android.contacts.activities.DialtactsActivity t-1 f} mVisible=false mOccludesParent=true mode=fullscreen boundsRect(0, 0 - 720, 1612)} reason appDied Callers=com.android.server.wm.ActivityRecord.handleAppDied:5434 com.android.server.wm.WindowProcessController.handleAppDied:1524 com.android.server.wm.ActivityTaskManagerService$LocalService.handleAppDied:7561 com.android.server.am.ActivityManagerService.handleAppDiedLocked:3728 com.android.server.am.ActivityManagerService.appDiedLocked:3843 com.android.server.am.ActivityManagerService$AppDeathRecipient.binderDied:1747 android.os.IBinder$DeathRecipient.binderDied:329 android.os.BinderProxy.sendDeathNotice:749 
03-05 05:20:16.777 I/ShellTaskOrganizer( 2382): onTaskVanished: 25857, listener: FullscreenTaskListener:TASK_LISTENER_TYPE_FULLSCREEN
03-05 05:20:16.777 I/FullscreenTaskListener( 2382): onTaskVanished taskId=25857
03-05 05:20:16.778 I/HwBrightnessPgSceneDetection( 1919): isHealthEyeWhenFlod() sIsContainsFoldPkgfalse
