03-05 05:20:24.371 I/WMTransition( 1919): Start calculating TransitionInfo based on participants: {ActivityRecord{330880 u0 eu.mobile.mypos/.redesign.ui.login.welcome.WelcomeActivity t-1 f} mVisible=false mOccludesParent=true mode=fullscreen boundsRect(0, 0 - 720, 1612)}, ActivityRecord{4092d13 u0 eu.mobile.mypos/.redesign.ui.login.welcome.WelcomeActivity t-1 f} mVisible=false mOccludesParent=true mode=fullscreen boundsRect(0, 0 - 720, 1612)}, ActivityRecord{6c60657 u0 eu.mobile.mypos/.redesign.ui.login.welcome.WelcomeActivity t25852 mVisible=true mOccludesParent=true mode=fullscreen boundsRect(0, 0 - 720, 1612)}, ActivityRecord{9a5e10a u0 eu.mobile.mypos/.redesign.ui.login.welcome.WelcomeActivity t-1 f} mVisible=false mOccludesParent=true mode=fullscreen boundsRect(0, 0 - 720, 1612)}, ActivityRecord{b8e3af9 u0 eu.mobile.mypos/.activities.mainScreenModule.MainActivity t25852 f} mVisible=true mOccludesParent=true mode=fullscreen boundsRect(0, 0 - 720, 1612)}, ActivityRecord{f041468 u0 eu.mobile.mypos/.redesign.ui.login.welcome.WelcomeActivity t-1 f} mVisible=false mOccludesParent=true mode=fullscreen boundsRect(0, 0 - 720, 1612)}}
03-05 05:20:24.371 I/WMTransition( 1919): Initial targets: {802=ActivityRecord{b8e3af9 u0 eu.mobile.mypos/.activities.mainScreenModule.MainActivity t25852 f} mVisible=true mOccludesParent=true mode=fullscreen boundsRect(0, 0 - 720, 1612)}, 804=ActivityRecord{6c60657 u0 eu.mobile.mypos/.redesign.ui.login.welcome.WelcomeActivity t25852 mVisible=true mOccludesParent=true mode=fullscreen boundsRect(0, 0 - 720, 1612)}}
03-05 05:20:24.371 I/WMTransition( 1919): Final targets: [ActivityRecord{6c60657 u0 eu.mobile.mypos/.redesign.ui.login.welcome.WelcomeActivity t25852 mVisible=true mOccludesParent=true mode=fullscreen boundsRect(0, 0 - 720, 1612)}, ActivityRecord{b8e3af9 u0 eu.mobile.mypos/.activities.mainScreenModule.MainActivity t25852 f} mVisible=true mOccludesParent=true mode=fullscreen boundsRect(0, 0 - 720, 1612)}]
03-05 05:20:24.374 D/HwWindowManagerServiceEx( 1919): constructHnTransitionAnimationInfo wc size : 2
03-05 05:20:24.374 I/HwWindowManagerServiceEx( 1919): constructHnTransitionAnimationInfo type: open activity : ActivityRecord{6c60657 u0 eu.mobile.mypos/.redesign.ui.login.welcome.WelcomeActivity t25852 mVisible=true mOccludesParent=true mode=fullscreen boundsRect(0, 0 - 720, 1612)}
03-05 05:20:24.374 D/HwWindowManagerServiceEx( 1919): mIntelligentCardPosition = null
03-05 05:20:24.374 I/HwWindowManagerServiceEx( 1919): constructHnTransitionAnimationInfo type: close activity : ActivityRecord{b8e3af9 u0 eu.mobile.mypos/.activities.mainScreenModule.MainActivity t25852 f} mVisible=true mOccludesParent=true mode=fullscreen boundsRect(0, 0 - 720, 1612)}
03-05 05:20:24.374 D/HwWindowManagerServiceEx( 1919): mIntelligentCardPosition = null
03-05 05:20:24.374 I/HnTransitionEx( 1919): isActivityInRecentsTransient :false
03-05 05:20:24.375 D/HwMultiWindowManager( 1919): setParticialSplitScreenStatus: status=false
03-05 05:20:24.378 I/WindowManager( 1919): Win Window{6863441 u0 NotificationShade}, animationWallpaper=false, hasWallpaper=false, w.isOnScreen()=false, w.isDrawFinishedLw()=false
03-05 05:20:24.379 I/WindowManager( 1919): removeLeash, the window position need update Window{6a6046d u0 NavigationBar0}
03-05 05:20:24.379 I/HwBrightnessPgSceneDetection( 1919): isHealthEyeWhenFlod() sIsContainsFoldPkgfalse
03-05 05:20:24.380 V/WindowManager( 1919): Sent Transition #17409 createdAt=03-05 05:20:24.048 via request=TransitionRequestInfo { type = OPEN, triggerTask = TaskInfo{userId=0 taskId=25852 displayId=0 isRunning=true baseIntent=Intent { act=android.intent.action.MAIN cat=[android.intent.category.LAUNCHER] flg=0x10200000 cmp=eu.mobile.mypos/.redesign.ui.login.welcome.WelcomeActivity } baseActivity=ComponentInfo{eu.mobile.mypos/eu.mobile.mypos.activities.mainScreenModule.MainActivity} topActivity=ComponentInfo{eu.mobile.mypos/eu.mobile.mypos.redesign.ui.login.welcome.WelcomeActivity} origActivity=null realActivity=ComponentInfo{eu.mobile.mypos/eu.mobile.mypos.redesign.ui.login.welcome.WelcomeActivity} numActivities=2 lastActiveTime=1337183102 isSupportsHwFreeForm=true appOrientationPolicy=1 affinity=10213:eu.mobile.mypos freeformPaddingType=0 shouldFreeformSetSurfaceCorner=false supportsHnSplitScreenMultiWindow=true supportsHnTopBotSplitScreenfalse supportsMultiWindow=true resizeMode=1 isResizeable=true minWidth=-1 minHeight=-1 defaultMinSize=220 token=WCT{RemoteToken{95be84e Task{a1deb38 #25852 type=standard A=10213:eu.mobile.mypos}}} topActivityType=1 pictureInPictureParams=null isAutoRemoveRecents=false shouldDockBigOverlays=false launchIntoPipHostTaskId=-1 lastParentTaskIdBeforePip=-1 displayCutoutSafeInsets=Rect(0, 64 - 0, 0) topActivityInfo=ActivityInfo{d31e002 eu.mobile.mypos.redesign.ui.login.welcome.WelcomeActivity} windowMode=1 launchCookies=[] positionInParent=Point(0, 0) parentTaskId=-1 isFocused=true isVisible=true isFreeformEnterPip=false isVisibleRequested=true isSleeping=false topActivityInSizeCompat=false topActivityEligibleForLetterboxEducation= false topActivityLetterboxed= false isFromDoubleTap= false topActivityLetterboxVerticalPosition= -1 topActivityLetterboxHorizontalPosition= -1 topActivityLetterboxWidth=-1 topActivityLetterboxHeight=-1 locusId=null displayAreaFeatureId=1 cameraCompatControlState=hidden targetScaleForVerticalInwardFold=1.0}, remoteTransition = null, displayChange = null }
03-05 05:20:24.380 V/WindowManager( 1919):     startWCT=WindowContainerTransaction { changes = {} hops = [] errorCallbackToken=null taskFragmentOrganizer=null }
03-05 05:20:24.381 V/WindowManager( 1919):     info={id=17409 t=OPEN f=0x0 trk=0 includeEmbeddedWindow=false isKeyGuardLocked=false r=[0@Point(0, 0)#true] c=[{null m=OPEN f=FILLS_TASK|IS_BEHIND_STARTING_WINDOW leash=Surface(name=ActivityRecord{6c60657 u0 eu.mobile.mypos/.redesign.ui.login.welcome.WelcomeActivity t25852 mVisible=false mOccludesParent=true mode=fullscreen boundsRect(0, 0 - 720, 1612)})/@0x3824735 sb=Rect(0, 0 - 0, 0) eb=Rect(0, 0 - 720, 1612) d=-1->0 r=-1->0:-1 mSkipAnimation=false taskId = 25852},{null m=CLOSE f=FILLS_TASK|IS_BEHIND_STARTING_WINDOW leash=Surface(name=ActivityRecord{b8e3af9 u0 eu.mobile.mypos/.activities.mainScreenModule.MainActivity t25852 mVisible=false mOccludesParent=true mode=fullscreen boundsRect(0, 0 - 720, 1612)})/@0x6aa1cdd sb=Rect(0, 0 - 720, 1612) eb=Rect(0, 0 - 720, 1612) d=0 mSkipAnimation=false taskId = 25852}]}
03-05 05:20:24.382 I/WindowManager( 1919): removeLeash, the window position need update Window{bd39648 u0 StatusBar}
03-05 05:20:24.388 I/HwPowerManagerServiceEx( 1919): no need to notifyScreenState, not registered
03-05 05:20:24.395 I/HnAwareStartSurfaceController( 1919): activityRecord: ActivityRecord{b8e3af9 u0 eu.mobile.mypos/.activities.mainScreenModule.MainActivity t25852 f} mVisible=true mOccludesParent=true mode=fullscreen boundsRect(0, 0 - 720, 1612)} mCurrentAppStartingSurface: null
03-05 05:20:24.399 I/WindowManagerShell( 2382): onTransitionReady android.os.BinderProxy@acbcce4: {id=17409 t=OPEN f=0x0 trk=0 includeEmbeddedWindow=false isKeyGuardLocked=false r=[0@Point(0, 0)#true] c=[{null m=OPEN f=FILLS_TASK|IS_BEHIND_STARTING_WINDOW leash=Surface(name=ActivityRecord{6c60657 u0 eu.mobile.mypos/.redesign.ui.login.welcome.WelcomeActivity t25852 mVisible=false mOccludesParent=true mode=fullscreen boundsRect(0, 0 - 720, 1612)})/@0x7ff490a sb=Rect(0, 0 - 0, 0) eb=Rect(0, 0 - 720, 1612) d=-1->0 r=-1->0:-1 mSkipAnimation=false taskId = 25852},{null m=CLOSE f=FILLS_TASK|IS_BEHIND_STARTING_WINDOW leash=Surface(name=ActivityRecord{b8e3af9 u0 eu.mobile.mypos/.activities.mainScreenModule.MainActivity t25852 mVisible=false mOccludesParent=true mode=fullscreen boundsRect(0, 0 - 720, 1612)})/@0x7af557b sb=Rect(0, 0 - 720, 1612) eb=Rect(0, 0 - 720, 1612) d=0 mSkipAnimation=false taskId = 25852}]}
03-05 05:20:24.399 I/ShellTransitions( 2382): Transition ready: (#17409)android.os.BinderProxy@acbcce4@0 abort? false and playing: null
03-05 05:20:24.399 I/WindowManagerShell( 2382): Playing animation for (#17409)android.os.BinderProxy@acbcce4@0
03-05 05:20:24.399 V/WindowManagerShell( 2382):  try handler com.android.wm.shell.hnmultiwindow.MultiWindowTransitionHandler@26882cb
03-05 05:20:24.399 I/MultiWindowTransitionHandler( 2382): shouldStartAnimation: false TransitionInfo: {id=17409 t=OPEN f=0x0 trk=0 includeEmbeddedWindow=false isKeyGuardLocked=false r=[0@Point(0, 0)#true] c=[{null m=OPEN f=FILLS_TASK|IS_BEHIND_STARTING_WINDOW leash=Surface(name=ActivityRecord{6c60657 u0 eu.mobile.mypos/.redesign.ui.login.welcome.WelcomeActivity t25852 mVisible=false mOccludesParent=true mode=fullscreen boundsRect(0, 0 - 720, 1612)})/@0x7ff490a sb=Rect(0, 0 - 0, 0) eb=Rect(0, 0 - 720, 1612) d=-1->0 r=-1->0:-1 mSkipAnimation=false taskId = 25852},{null m=CLOSE f=FILLS_TASK|IS_BEHIND_STARTING_WINDOW leash=Surface(name=ActivityRecord{b8e3af9 u0 eu.mobile.mypos/.activities.mainScreenModule.MainActivity t25852 mVisible=false mOccludesParent=true mode=fullscreen boundsRect(0, 0 - 720, 1612)})/@0x7af557b sb=Rect(0, 0 - 720, 1612) eb=Rect(0, 0 - 720, 1612) d=0 mSkipAnimation=false taskId = 25852}]}
03-05 05:20:24.399 D/MultiWindowTransitionHandler( 2382): transitType: 1
03-05 05:20:24.399 V/WindowManagerShell( 2382):  try handler com.android.wm.shell.hnmagicwindow.HnMagicWindowTransitionController@25bbaa8
03-05 05:20:24.399 V/WindowManagerShell( 2382):  try handler com.android.wm.shell.activityembedding.ActivityEmbeddingController@9ddd9c1
03-05 05:20:24.399 V/WindowManagerShell( 2382):  try handler com.android.wm.shell.transition.DefaultMixedHandler@814b566
03-05 05:20:24.399 V/WindowManagerShell( 2382):  try handler com.android.wm.shell.keyguard.KeyguardTransitionHandler@86cf833
03-05 05:20:24.399 V/WindowManagerShell( 2382):  try handler com.android.wm.shell.recents.RecentsTransitionHandler@47767f0
03-05 05:20:24.399 I/ShellRecents( 2382): RecentsTransitionHandler.startAnimation: no controller found
03-05 05:20:24.400 V/WindowManagerShell( 2382):  try handler com.android.wm.shell.pip.PipTransition@c229169
03-05 05:20:24.400 V/WindowManagerShell( 2382):  try handler com.android.wm.shell.splitscreen.StageCoordinator@1284ba
03-05 05:20:24.400 I/HwBrightnessPgSceneDetection( 1919): isHealthEyeWhenFlod() sIsContainsFoldPkgfalse
03-05 05:20:24.402 V/WindowManagerShell( 2382):  try handler com.android.wm.shell.freeform.FreeformTaskTransitionHandler@33c17ee
03-05 05:20:24.402 V/WindowManagerShell( 2382):  try handler com.android.wm.shell.transition.RemoteTransitionHandler@ff4e48f
03-05 05:20:24.402 V/WindowManagerShell( 2382): Transition doesn't have explicit remote, search filters for match for {id=17409 t=OPEN f=0x0 trk=0 includeEmbeddedWindow=false isKeyGuardLocked=false r=[0@Point(0, 0)#true] c=[{null m=OPEN f=FILLS_TASK|IS_BEHIND_STARTING_WINDOW leash=Surface(name=ActivityRecord{6c60657 u0 eu.mobile.mypos/.redesign.ui.login.welcome.WelcomeActivity t25852 mVisible=false mOccludesParent=true mode=fullscreen boundsRect(0, 0 - 720, 1612)})/@0x7ff490a sb=Rect(0, 0 - 0, 0) eb=Rect(0, 0 - 720, 1612) d=-1->0 r=-1->0:-1 mSkipAnimation=false taskId = 25852},{null m=CLOSE f=FILLS_TASK|IS_BEHIND_STARTING_WINDOW leash=Surface(name=ActivityRecord{b8e3af9 u0 eu.mobile.mypos/.activities.mainScreenModule.MainActivity t25852 mVisible=false mOccludesParent=true mode=fullscreen boundsRect(0, 0 - 720, 1612)})/@0x7af557b sb=Rect(0, 0 - 720, 1612) eb=Rect(0, 0 - 720, 1612) d=0 mSkipAnimation=false taskId = 25852}]}
03-05 05:20:24.403 V/WindowManagerShell( 2382):  Checking filter Pair{{types=[] flags=0x0] notFlags=0x100 checks=[{atype=home independent=true modes=[OPEN,TO_FRONT] flags=NONE mustBeTask=false order=ANY topActivity=ComponentInfo{com.hihonor.android.launcher/com.hihonor.android.launcher.unihome.UniHomeLauncher}},{atype=standard independent=true modes=[CLOSE,TO_BACK] flags=NONE mustBeTask=false order=ANY topActivity=null},{NOT atype=standard independent=true modes=[] flags=TRANSLUCENT mustBeTask=false order=ANY topActivity=null}]} RemoteTransition { remoteTransition = android.window.IRemoteTransition$Stub$Proxy@da18310, backRemoteTransition = , appThread = android.app.IApplicationThread$Stub$Proxy@213de09, debugName = QuickstepLaunchHome }}
03-05 05:20:24.403 V/WindowManagerShell( 2382):  Delegate animation for #17409 to null
03-05 05:20:24.403 E/RemoteTransitionHandler( 2382): pending remote null
03-05 05:20:24.403 V/WindowManagerShell( 2382):  try handler com.android.wm.shell.transition.DefaultTransitionHandler@e83131c
03-05 05:20:24.405 I/WindowManagerShell( 2382): start default transition animation, info = {id=17409 t=OPEN f=0x0 trk=0 includeEmbeddedWindow=false isKeyGuardLocked=false r=[0@Point(0, 0)#true] c=[{null m=OPEN f=FILLS_TASK|IS_BEHIND_STARTING_WINDOW leash=Surface(name=ActivityRecord{6c60657 u0 eu.mobile.mypos/.redesign.ui.login.welcome.WelcomeActivity t25852 mVisible=false mOccludesParent=true mode=fullscreen boundsRect(0, 0 - 720, 1612)})/@0x7ff490a sb=Rect(0, 0 - 0, 0) eb=Rect(0, 0 - 720, 1612) d=-1->0 r=-1->0:-1 mSkipAnimation=false taskId = 25852},{null m=CLOSE f=FILLS_TASK|IS_BEHIND_STARTING_WINDOW leash=Surface(name=ActivityRecord{b8e3af9 u0 eu.mobile.mypos/.activities.mainScreenModule.MainActivity t25852 mVisible=false mOccludesParent=true mode=fullscreen boundsRect(0, 0 - 720, 1612)})/@0x7af557b sb=Rect(0, 0 - 720, 1612) eb=Rect(0, 0 - 720, 1612) d=0 mSkipAnimation=false taskId = 25852}]}
03-05 05:20:24.408 I/DefaultTransitionHandler( 2382): start default transition, wallpaperTransit: 0
03-05 05:20:24.409 I/DefaultTransitionHandler( 2382): loadAnimation: type=OPEN flags=0 changeMode=2 changeFlags=FILLS_TASK|IS_BEHIND_STARTING_WINDOW isOpeningType=true enter=false isTask=false overrideType=0 endBounds=Rect(0, 0 - 720, 1612) options =  null 
03-05 05:20:24.432 D/HnTransitionAnimationAdapter( 2382): Bundle : Bundle[{wallpaper_transit=0, local_anim_config=true}]
03-05 05:20:24.435 D/HnTransitionAnimationAdapter( 2382): build ActivityAnimation : mIsEnter false
03-05 05:20:24.466 I/AppsFilter( 1919): interaction: PackageSetting{5552b4b com.superpartybyai.app/10327} -> PackageSetting{c8408b3 eu.mobile.mypos/10213} BLOCKED
03-05 05:20:24.468 V/WindowManagerShell( 2382): loadAnimation: anim=android.view.animation.AnimationSet@c399fae animAttr=0x5 type=OPEN isEntrance=false
03-05 05:20:24.476 D/DefaultTransitionHandler( 2382): frameRate = -1
03-05 05:20:24.476 I/OverlayManager( 1919): reconcileSettingsForPackage : pkgName = eu.mobile.mypos, userId = 0, flags = 0
03-05 05:20:24.480 D/PackageManager( 1919): shouldGenerateServicesMap intent Intent { act=android.intent.action.PACKAGE_CHANGED dat=package: flg=0x45000010 (has extras) }, ret false, userId 0
03-05 05:20:24.485 I/DefaultTransitionHandler( 2382): loadAnimation: type=OPEN flags=0 changeMode=1 changeFlags=FILLS_TASK|IS_BEHIND_STARTING_WINDOW isOpeningType=true enter=true isTask=false overrideType=0 endBounds=Rect(0, 0 - 720, 1612) options =  null 
03-05 05:20:24.497 D/HnTransitionAnimationAdapter( 2382): Bundle : Bundle[{wallpaper_transit=0, local_anim_config=true}]
03-05 05:20:24.497 D/HnTransitionAnimationAdapter( 2382): build ActivityAnimation : mIsEnter true
03-05 05:20:24.499 D/AccessibilityManagerService( 1919): onPackageModified: eu.mobile.mypos
03-05 05:20:24.499 V/WindowManagerShell( 2382): loadAnimation: anim=android.view.animation.AnimationSet@e8408ba animAttr=0x4 type=OPEN isEntrance=true
03-05 05:20:24.501 D/DefaultTransitionHandler( 2382): frameRate = -1
03-05 05:20:24.507 I/[SPMN]  ( 1919): insert SECURE -- name = accessibility_enabled, package = android, user = 0, value = 0
03-05 05:20:24.508 W/WindowMagnificationMgr( 1919): requestConnection duplicated request: connect=false, mConnectionState=DISCONNECTED
03-05 05:20:24.508 I/WindowManagerShell( 2382):  animated by com.android.wm.shell.transition.DefaultTransitionHandler@e83131c
03-05 05:20:24.517 I/ActivityThread(13424): add activity client record, r= ActivityRecord{db470a0 token=android.os.BinderProxy@baaf5a3 {eu.mobile.mypos/eu.mobile.mypos.redesign.ui.login.welcome.WelcomeActivity}} token= android.os.BinderProxy@baaf5a3
03-05 05:20:24.520 I/BLASTSyncEngine( 1919): transaction commit callback: 17409
03-05 05:20:24.523 I/ActivityTaskManager( 1919): START u0 {cmp=eu.mobile.mypos/.redesign.ui.login.shortLogin.ShortLoginActivity (has extras)} with LAUNCH_MULTIPLE from uid 10213
03-05 05:20:24.524 D/HwGameAssistantController( 1919): isGameForeground? false
03-05 05:20:24.524 I/ActivityTaskManager( 1919): ActivityRecord info: ActivityInfo{9ac7d0f eu.mobile.mypos.redesign.ui.login.shortLogin.ShortLoginActivity}
03-05 05:20:24.526 I/TransitionController( 1919): first create transition: TransitionRecord{a22977a id=-1 type=OPEN flags=0x0}, caller: com.android.server.wm.ActivityStarter.executeRequest:1793 com.android.server.wm.HwActivityStarter.executeRequest:352 com.android.server.wm.ActivityStarter.execute:1001 com.android.server.wm.HwActivityStarter.execute:683 com.android.server.wm.ActivityTaskManagerService.startActivityAsUser:1565 
03-05 05:20:24.526 D/ActivityTaskManager( 1919): TaskLaunchParamsModifier:task=null activity=ActivityRecord{526019c u0 eu.mobile.mypos/.redesign.ui.login.shortLogin.ShortLoginActivity display-area-from-source=DefaultTaskDisplayArea@244227113 display-id=0 task-display-area-windowing-mode=1 suggested-display-area=DefaultTaskDisplayArea@244227113
03-05 05:20:24.526 I/ActivityStarter( 1919): shouldShowFreeformWindow realCallingPackage =eu.mobile.mypos isRes= true rotation= 0 orientation = 1 isPortarait = true sourceRecord = ActivityRecord{6c60657 u0 eu.mobile.mypos/.redesign.ui.login.welcome.WelcomeActivity t25852 mVisible=true mOccludesParent=true mode=fullscreen boundsRect(0, 0 - 720, 1612)} isMagicWin = false isForceRotation = false r.packageName = eu.mobile.mypos isAE= false sourceLaunchedFromPackage= eu.mobile.mypos isInBlackList= false r.info = ActivityInfo{9ac7d0f eu.mobile.mypos.redesign.ui.login.shortLogin.ShortLoginActivity}
03-05 05:20:24.526 D/ActivityTaskManager( 1919): TaskLaunchParamsModifier:task=Task{a1deb38 #25852 type=standard A=10213:eu.mobile.mypos} activity=ActivityRecord{526019c u0 eu.mobile.mypos/.redesign.ui.login.shortLogin.ShortLoginActivity t-1 mVisible=false mOccludesParent=true mode=undefined boundsRect(0, 0 - 0, 0)} display-area-from-source=DefaultTaskDisplayArea@244227113 display-id=0 task-display-area-windowing-mode=1 suggested-display-area=DefaultTaskDisplayArea@244227113 inherit-from-source=fullscreen non-freeform-task-display-area display-area=DefaultTaskDisplayArea@244227113 activity-requested-portrait freeform-size-mismatch=Rect(184, 438 - 537, 1158)
03-05 05:20:24.527 I/HwActivityTaskManagerServiceEx( 1919): isAppIsImportingData AMS return -> isCloningAppCloning=false
03-05 05:20:24.527 I/WindowManager( 1919): addWindowToken: displayid:0 binder:Token{d3ddb2b ActivityRecord{526019c u0 eu.mobile.mypos/.redesign.ui.login.shortLogin.ShortLoginActivity t-1 mVisible=false mOccludesParent=true mode=undefined boundsRect(0, 0 - 0, 0)}} token:ActivityRecord{526019c u0 eu.mobile.mypos/.redesign.ui.login.shortLogin.ShortLoginActivity t-1 mVisible=false mOccludesParent=true mode=undefined boundsRect(0, 0 - 0, 0)}
03-05 05:20:24.527 D/ActivityTaskManager( 1919): setEnterOrExitFullScreenVideo isEnterOrExitFullScreenVideo = false
03-05 05:20:24.527 D/HwWindowManagerServiceEx( 1919): recompute display mode
03-05 05:20:24.527 I/ActivityTaskManager( 1919): onConfigurationChanged recordWindowInformationForPerformance this = ActivityRecord{526019c u0 eu.mobile.mypos/.redesign.ui.login.shortLogin.ShortLoginActivity t25852 mVisible=false mOccludesParent=true mode=fullscreen boundsRect(0, 0 - 720, 1612)}
03-05 05:20:24.527 I/hnWindowInfomationUpdate( 1919): toSaveActivityMode start ...title=eu.mobile.mypos/eu.mobile.mypos.redesign.ui.login.shortLogin.ShortLoginActivity,returnNum=1isVisible=false
03-05 05:20:24.527 I/hnWindowInfomationUpdate( 1919): toSaveActivityMode start ...mShownWindowMap.size()=2
03-05 05:20:24.530 D/HwTaskEx( 1919): updateHwPCMultiCastOverrideConfiguration
03-05 05:20:24.532 I/ActivityTaskManager( 1919): task snapshot clear window but ForceRotateState is true!
03-05 05:20:24.532 I/WMTransition( 1919): ReadyTracker addGroup Display{#0 state=ON size=720x1612 ROTATION_0}
03-05 05:20:24.549 I/HnAwareStartSurfaceController( 1919): not match conditions, can't pauseImmediately! mStartType = 0 mFirstStart = false
03-05 05:20:24.549 I/ActivityTaskManager( 1919): shouldPauseImmediately = false
03-05 05:20:24.550 I/TransitionController( 1919): setReady falase, wc: Task{a1deb38 #25852 type=standard A=10213:eu.mobile.mypos} com.android.server.wm.TaskFragment.startPausing:2127 com.android.server.wm.TaskFragment.resumeTopActivity:1471 com.android.server.wm.Task.resumeTopActivityInnerLocked:6918 com.android.server.wm.Task.resumeTopActivityUncheckedLocked:6813 com.android.server.wm.RootWindowContainer.resumeFocusedTasksTopActivities:2816 com.android.server.wm.ActivityStarter.startActivityInner:2808 com.android.server.wm.ActivityStarter.startActivityUnchecked:2048 com.android.server.wm.ActivityStarter.executeRequest:1793 com.android.server.wm.HwActivityStarter.executeRequest:352 com.android.server.wm.ActivityStarter.execute:1001 com.android.server.wm.HwActivityStarter.execute:683 com.android.server.wm.ActivityTaskManagerService.startActivityAsUser:1565 com.android.server.wm.ActivityTaskManagerService.startActivityAsUser:1516 com.android.server.wm.ActivityTaskManagerService.startActivity:1491 android.app.IActivityTaskManager$Stub.onTransact:983 
03-05 05:20:24.551 I/HwPowerManagerServiceEx( 1919): no need to notifyScreenState, not registered
03-05 05:20:24.553 I/DE J DES( 1919): [effect] MEMC do nothing
03-05 05:20:24.554 I/WindowManagerShell( 2382): Transition requested: android.os.BinderProxy@dd9f686 null
03-05 05:20:24.556 W/HwAudioServiceEx( 1919): SoundEffectState bundle get reserved is invalid
03-05 05:20:24.558 V/ActivityManager( 1919): startProcess: name=com.android.nfc:load app=null knownToBeDead=true thread=null pid=-1 preloadStatus=-1
03-05 05:20:24.583 D/SearchManagerService( 1919): onPackageModified eu.mobile.mypos
03-05 05:20:24.583 D/SearchManagerService( 1919): updateSearchableListByPackageName size 1
03-05 05:20:24.583 D/Searchables( 1919): updateSearchableListByModifiedPackage packageName eu.mobile.mypos
03-05 05:20:24.584 I/ActivityTaskManager( 1919):  (BAL_ALLOW_VISIBLE_WINDOW) result code=0
03-05 05:20:24.585 D/Searchables( 1919): updateSearchableListByModifiedPackage localSearchList is []
03-05 05:20:24.586 D/Searchables( 1919): modified package ONLINESEARCH online_search_count 0
03-05 05:20:24.586 D/Searchables( 1919): updateSearchableListByModifiedPackage localSearchablesMap 0 localSearchablesList 0 localSearchablesInGlobalSearchList 0 localOnlineSearchablesInGlobalSearchList 0
03-05 05:20:24.587 D/SearchManagerService( 1919): updateSearchableListByPackageName size 1 end
03-05 05:20:24.591 I/VRI[MainActivity](13424): send MSG_WINDOW_FOCUS_CHANGED msg
03-05 05:20:24.597 I/DE J DES( 1919): [effect] now QR status:CLOSE
03-05 05:20:24.597 I/DE J DES( 1919): [effect] MEMC do nothing
03-05 05:20:24.599 W/HwAudioServiceEx( 1919): SoundEffectState bundle get reserved is invalid
03-05 05:20:24.604 D/ActivityThread(13424): Won't deliver top position change in state=2
03-05 05:20:24.607 D/CompatibilityChangeReporter( 1919): Compat change id reported: 201794303; UID 10025; state: ENABLED
03-05 05:20:24.609 D/CompatibilityChangeReporter( 1919): Compat change id reported: 135634846; UID 1027; state: DISABLED
03-05 05:20:24.609 D/CompatibilityChangeReporter( 1919): Compat change id reported: 207133734; UID 10025; state: ENABLED
03-05 05:20:24.609 D/CompatibilityChangeReporter( 1919): Compat change id reported: 177438394; UID 1027; state: DISABLED
03-05 05:20:24.609 D/CompatibilityChangeReporter( 1919): Compat change id reported: 135772972; UID 1027; state: DISABLED
03-05 05:20:24.609 D/CompatibilityChangeReporter( 1919): Compat change id reported: 135754954; UID 1027; state: ENABLED
03-05 05:20:24.610 W/ActivityManager( 1919): Slow operation: 52ms so far, now at startProcess: done starting proc!
03-05 05:20:24.611 W/ProcBatteryStats( 1919): timer is not running , not stop, name: eu.mobile.mypos, uid: 10213, tag: *job*/eu.mobile.mypos/androidx.work.impl.background.systemjob.SystemJobService#494
03-05 05:20:24.612 I/HwPowerManagerServiceEx( 1919): no need to notifyScreenState, not registered
03-05 05:20:24.615 D/TrustManagerService( 1919): refreshAgentList(-1)
03-05 05:20:24.621 W/JobScheduler( 1919): Job didn't exist in JobStore: 289da65 #u0a213/494 eu.mobile.mypos/androidx.work.impl.background.systemjob.SystemJobService
03-05 05:20:24.626 D/ActivityThread(13424): Won't deliver top position change in state=2
03-05 05:20:24.627 D/PackageManager( 1919): shouldGenerateServicesMap intent Intent { act=android.intent.action.PACKAGE_CHANGED dat=package: flg=0x45000010 (has extras) }, ret false, userId 0
03-05 05:20:24.630 D/HwWindowManagerServiceEx( 1919): recompute display mode
03-05 05:20:24.630 D/HwWindowManagerServiceEx( 1919): recompute display mode
03-05 05:20:24.633 D/HwWindowManagerServiceEx( 1919): recompute display mode
03-05 05:20:24.633 D/HwWindowManagerServiceEx( 1919): recompute display mode
03-05 05:20:24.634 D/HwWindowManagerServiceEx( 1919): recompute display mode
03-05 05:20:24.634 D/HwWindowManagerServiceEx( 1919): recompute display mode
03-05 05:20:24.637 I/WMTransition( 1919): Start calculating TransitionInfo based on participants: {Window{2bba4d3 u0 Splash Screen eu.mobile.mypos}, ActivityRecord{526019c u0 eu.mobile.mypos/.redesign.ui.login.shortLogin.ShortLoginActivity t25852 mVisible=true mOccludesParent=true mode=fullscreen boundsRect(0, 0 - 720, 1612)}, ActivityRecord{6c60657 u0 eu.mobile.mypos/.redesign.ui.login.welcome.WelcomeActivity t25852 f} mVisible=true mOccludesParent=true mode=fullscreen boundsRect(0, 0 - 720, 1612)}}
03-05 05:20:24.637 I/WMTransition( 1919): Initial targets: {812=ActivityRecord{6c60657 u0 eu.mobile.mypos/.redesign.ui.login.welcome.WelcomeActivity t25852 f} mVisible=true mOccludesParent=true mode=fullscreen boundsRect(0, 0 - 720, 1612)}, 813=ActivityRecord{526019c u0 eu.mobile.mypos/.redesign.ui.login.shortLogin.ShortLoginActivity t25852 mVisible=true mOccludesParent=true mode=fullscreen boundsRect(0, 0 - 720, 1612)}}
03-05 05:20:24.637 I/WMTransition( 1919): Final targets: [ActivityRecord{526019c u0 eu.mobile.mypos/.redesign.ui.login.shortLogin.ShortLoginActivity t25852 mVisible=true mOccludesParent=true mode=fullscreen boundsRect(0, 0 - 720, 1612)}, ActivityRecord{6c60657 u0 eu.mobile.mypos/.redesign.ui.login.welcome.WelcomeActivity t25852 f} mVisible=true mOccludesParent=true mode=fullscreen boundsRect(0, 0 - 720, 1612)}]
03-05 05:20:24.640 D/HwWindowManagerServiceEx( 1919): constructHnTransitionAnimationInfo wc size : 2
03-05 05:20:24.640 I/HwWindowManagerServiceEx( 1919): constructHnTransitionAnimationInfo type: open activity : ActivityRecord{526019c u0 eu.mobile.mypos/.redesign.ui.login.shortLogin.ShortLoginActivity t25852 mVisible=true mOccludesParent=true mode=fullscreen boundsRect(0, 0 - 720, 1612)}
03-05 05:20:24.640 D/HwWindowManagerServiceEx( 1919): mIntelligentCardPosition = null
03-05 05:20:24.640 I/HwWindowManagerServiceEx( 1919): constructHnTransitionAnimationInfo type: close activity : ActivityRecord{6c60657 u0 eu.mobile.mypos/.redesign.ui.login.welcome.WelcomeActivity t25852 f} mVisible=true mOccludesParent=true mode=fullscreen boundsRect(0, 0 - 720, 1612)}
03-05 05:20:24.640 D/HwWindowManagerServiceEx( 1919): mIntelligentCardPosition = null
03-05 05:20:24.640 I/HnTransitionEx( 1919): isActivityInRecentsTransient :false
03-05 05:20:24.640 D/HwMultiWindowManager( 1919): setParticialSplitScreenStatus: status=false
03-05 05:20:24.642 I/HwBrightnessPgSceneDetection( 1919): isHealthEyeWhenFlod() sIsContainsFoldPkgfalse
03-05 05:20:24.642 I/HwBrightnessPgSceneDetection( 1919): isHealthEyeWhenFlod() sIsContainsFoldPkgfalse
03-05 05:20:24.642 I/HwBrightnessPgSceneDetection( 1919): isHealthEyeWhenFlod() sIsContainsFoldPkgfalse
03-05 05:20:24.642 I/UsageStatsService( 1919): reportEvent : component= ComponentInfo{eu.mobile.mypos/eu.mobile.mypos.redesign.ui.login.welcome.WelcomeActivity} eventType= 2
03-05 05:20:24.642 I/UsageStatsService( 1919): reportEvent : component= ComponentInfo{eu.mobile.mypos/eu.mobile.mypos.redesign.ui.login.shortLogin.ShortLoginActivity} eventType= 1
03-05 05:20:24.643 I/HwBrightnessPgSceneDetection( 1919): isHealthEyeWhenFlod() sIsContainsFoldPkgfalse
03-05 05:20:24.645 I/WindowManagerShell( 2382): onTransitionReady android.os.BinderProxy@dd9f686: {id=17410 t=OPEN f=0x0 trk=0 includeEmbeddedWindow=false isKeyGuardLocked=false r=[0@Point(0, 0)#true] c=[{null m=OPEN f=STARTING_WINDOW_TRANSFER|FILLS_TASK|IS_BEHIND_STARTING_WINDOW leash=Surface(name=ActivityRecord{526019c u0 eu.mobile.mypos/.redesign.ui.login.shortLogin.ShortLoginActivity t25852 mVisible=false mOccludesParent=true mode=fullscreen boundsRect(0, 0 - 720, 1612)})/@0xe4ef512 sb=Rect(0, 0 - 0, 0) eb=Rect(0, 0 - 720, 1612) d=-1->0 r=-1->0:-1 mSkipAnimation=false taskId = 25852},{null m=CLOSE f=FILLS_TASK|IS_BEHIND_STARTING_WINDOW|IS_OCCLUDED leash=Surface(name=ActivityRecord{6c60657 u0 eu.mobile.mypos/.redesign.ui.login.welcome.WelcomeActivity t25852 mVisible=false mOccludesParent=true mode=fullscreen boundsRect(0, 0 - 720, 1612)})/@0x43604e3 sb=Rect(0, 0 - 720, 1612) eb=Rect(0, 0 - 720, 1612) d=0 mSkipAnimation=false taskId = 25852}]}
03-05 05:20:24.646 I/ViewRootImpl(13424): focus window changed, set pointer icon to default
03-05 05:20:24.649 I/WindowManagerShell( 2382): Non-visible anim so abort: (#17410)android.os.BinderProxy@dd9f686@0
03-05 05:20:24.649 I/ShellTransitions( 2382): advance apply when transfer startingWindow
03-05 05:20:24.649 E/WindowManager( 1919): Process Permission error! uid:10213
03-05 05:20:24.649 I/InputManager( 1919): setPointerIconType, iconType:10001, mPointerIconId:10001
03-05 05:20:24.654 V/ActivityThread(13424): Handling launch of ActivityRecord{1c6ff45 token=android.os.BinderProxy@b2bb3bc {eu.mobile.mypos/eu.mobile.mypos.redesign.ui.login.shortLogin.ShortLoginActivity}}
03-05 05:20:24.654 V/WindowManager( 1919): Sent Transition #17410 createdAt=03-05 05:20:24.525 via request=TransitionRequestInfo { type = OPEN, triggerTask = TaskInfo{userId=0 taskId=25852 displayId=0 isRunning=true baseIntent=Intent { act=android.intent.action.MAIN cat=[android.intent.category.LAUNCHER] flg=0x10200000 cmp=eu.mobile.mypos/.redesign.ui.login.welcome.WelcomeActivity } baseActivity=ComponentInfo{eu.mobile.mypos/eu.mobile.mypos.redesign.ui.login.welcome.WelcomeActivity} topActivity=ComponentInfo{eu.mobile.mypos/eu.mobile.mypos.redesign.ui.login.shortLogin.ShortLoginActivity} origActivity=null realActivity=ComponentInfo{eu.mobile.mypos/eu.mobile.mypos.redesign.ui.login.welcome.WelcomeActivity} numActivities=2 lastActiveTime=1337183594 isSupportsHwFreeForm=true appOrientationPolicy=1 affinity=10213:eu.mobile.mypos freeformPaddingType=0 shouldFreeformSetSurfaceCorner=false supportsHnSplitScreenMultiWindow=true supportsHnTopBotSplitScreenfalse supportsMultiWindow=true resizeMode=1 isResizeable=true minWidth=-1 minHeight=-1 defaultMinSize=220 token=WCT{RemoteToken{95be84e Task{a1deb38 #25852 type=standard A=10213:eu.mobile.mypos}}} topActivityType=1 pictureInPictureParams=null isAutoRemoveRecents=false shouldDockBigOverlays=false launchIntoPipHostTaskId=-1 lastParentTaskIdBeforePip=-1 displayCutoutSafeInsets=Rect(0, 64 - 0, 0) topActivityInfo=ActivityInfo{9ac7d0f eu.mobile.mypos.redesign.ui.login.shortLogin.ShortLoginActivity} windowMode=1 launchCookies=[] positionInParent=Point(0, 0) parentTaskId=-1 isFocused=true isVisible=true isFreeformEnterPip=false isVisibleRequested=true isSleeping=false topActivityInSizeCompat=false topActivityEligibleForLetterboxEducation= false topActivityLetterboxed= false isFromDoubleTap= false topActivityLetterboxVerticalPosition= -1 topActivityLetterboxHorizontalPosition= -1 topActivityLetterboxWidth=-1 topActivityLetterboxHeight=-1 locusId=null displayAreaFeatureId=1 cameraCompatControlState=hidden targetScaleForVerticalInwardFold=1.0}, remoteTransition = null, displayChange = null }
03-05 05:20:24.654 V/WindowManager( 1919):     startWCT=WindowContainerTransaction { changes = {} hops = [] errorCallbackToken=null taskFragmentOrganizer=null }
03-05 05:20:24.657 I/ShellTransitions( 2382): Transition ready: (#17410)android.os.BinderProxy@dd9f686@0 abort? true and playing: (#17409)android.os.BinderProxy@acbcce4@0
03-05 05:20:24.657 I/WindowManagerShell( 2382): Transition was merged: (#17410)android.os.BinderProxy@dd9f686@0 into (#17409)android.os.BinderProxy@acbcce4@0
03-05 05:20:24.659 V/WindowManager( 1919):     info={id=17410 t=OPEN f=0x0 trk=0 includeEmbeddedWindow=false isKeyGuardLocked=false r=[0@Point(0, 0)#true] c=[{null m=OPEN f=STARTING_WINDOW_TRANSFER|FILLS_TASK|IS_BEHIND_STARTING_WINDOW leash=Surface(name=ActivityRecord{526019c u0 eu.mobile.mypos/.redesign.ui.login.shortLogin.ShortLoginActivity t25852 mVisible=false mOccludesParent=true mode=fullscreen boundsRect(0, 0 - 720, 1612)})/@0xa5ec664 sb=Rect(0, 0 - 0, 0) eb=Rect(0, 0 - 720, 1612) d=-1->0 r=-1->0:-1 mSkipAnimation=false taskId = 25852},{null m=CLOSE f=FILLS_TASK|IS_BEHIND_STARTING_WINDOW|IS_OCCLUDED leash=Surface(name=ActivityRecord{6c60657 u0 eu.mobile.mypos/.redesign.ui.login.welcome.WelcomeActivity t25852 mVisible=false mOccludesParent=true mode=fullscreen boundsRect(0, 0 - 720, 1612)})/@0x3824735 sb=Rect(0, 0 - 720, 1612) eb=Rect(0, 0 - 720, 1612) d=0 mSkipAnimation=false taskId = 25852}]}
03-05 05:20:24.662 V/ActivityThread(13424): callActivityOnCreate
03-05 05:20:24.667 I/BLASTSyncEngine( 1919): transaction commit callback: 17410
03-05 05:20:24.683 I/PowerManagerService( 1919): wakeLock.mDisabled:false, mDeviceIdleMode:false, mProcState:0
03-05 05:20:24.684 I/HwPowerManagerServiceEx( 1919): no need to notifyScreenState, not registered
03-05 05:20:24.710 D/CompatibilityChangeReporter( 1919): Compat change id reported: 218533173; UID 10213; state: ENABLED
03-05 05:20:24.711 D/CompatibilityChangeReporter( 1919): Compat change id reported: 262645982; UID 10213; state: ENABLED
03-05 05:20:24.712 W/ActivityManager( 1919): Slow operation: 107ms so far, now at startProcess: returned from zygote!
03-05 05:20:24.714 W/ActivityManager( 1919): Slow operation: 109ms so far, now at startProcess: done updating battery stats
03-05 05:20:24.714 W/ActivityManager( 1919): Slow operation: 109ms so far, now at startProcess: building log message
03-05 05:20:24.714 I/ActivityManager( 1919): Start proc 13658:com.android.nfc:load/1027 for service {com.android.nfc/com.android.nfc.ComponentLoadService}
03-05 05:20:24.714 W/ActivityManager( 1919): Slow operation: 109ms so far, now at startProcess: starting to update pids map
03-05 05:20:24.714 W/ActivityManager( 1919): Slow operation: 109ms so far, now at startProcess: done updating pids map
03-05 05:20:24.716 E/ProcessInfoCollector( 1919): getProcessInfo: failed to find this proc.
03-05 05:20:24.732 I/InputManager( 1919): updateSharedDeviceIds add device:Input Device -1: Virtual
03-05 05:20:24.732 I/InputManager( 1919):   Descriptor: a718a782d34bc767f4689c232d64d527998ea7fd
03-05 05:20:24.732 I/InputManager( 1919):   Generation: 3
03-05 05:20:24.732 I/InputManager( 1919):   Location: built-in
03-05 05:20:24.732 I/InputManager( 1919):   Keyboard Type: alphabetic
03-05 05:20:24.732 I/InputManager( 1919):   Has Vibrator: false
03-05 05:20:24.732 I/InputManager( 1919):   Has Sensor: false
03-05 05:20:24.732 I/InputManager( 1919):   Has battery: false
03-05 05:20:24.732 I/InputManager( 1919):   Has mic: false
03-05 05:20:24.732 I/InputManager( 1919):   Is Touch Keyboard: false
03-05 05:20:24.732 I/InputManager( 1919):   Has app switch: false
03-05 05:20:24.732 I/InputManager( 1919):   USI Version: null
03-05 05:20:24.732 I/InputManager( 1919):   Sources: 0x301 ( keyboard dpad )
03-05 05:20:24.780 I/ActivityThread(13424): add activity client record, r= ActivityRecord{1c6ff45 token=android.os.BinderProxy@b2bb3bc {eu.mobile.mypos/eu.mobile.mypos.redesign.ui.login.shortLogin.ShortLoginActivity}} token= android.os.BinderProxy@b2bb3bc
03-05 05:20:24.789 I/BiometricUtils( 1919): getRealUserId, callinguserid is 0, and realUserId is 0
03-05 05:20:24.790 I/BiometricService( 1919): canAuthenticate getRealUserId
03-05 05:20:24.790 D/BiometricService( 1919): canAuthenticate: User=0, Caller=0, Authenticators=255
03-05 05:20:24.792 D/BiometricService/PreAuthInfo( 1919): Package: eu.mobile.mypos Sensor ID: 0 Modality: 2 Status: 7
03-05 05:20:24.792 I/LockoutTracker( 1919): Get LockoutMode for user: 0, and failedAttempts is 0
03-05 05:20:24.792 D/BiometricService/PreAuthInfo( 1919): getCanAuthenticateInternal Modality: 2 AuthenticatorStatus: 7
03-05 05:20:24.793 D/AuthService( 1919): canAuthenticate, userId: 0, callingUserId: 0, authenticators: 255, result: 11
03-05 05:20:24.812 D/HwPackageManagerServiceExImpl( 1919): Drawable icon:android.graphics.drawable.BitmapDrawable@d04aa5c packageName: eu.mobile.mypos
03-05 05:20:24.819 D/HwWindowStateEx( 1919): construct win com.android.server.wm.HwWindowStateEx@f8d0ee1,comp ComponentInfo{eu.mobile.mypos/eu.mobile.mypos.redesign.ui.login.shortLogin.ShortLoginActivity},mLayoutInCutoutLandscape false
03-05 05:20:24.820 V/WindowManager( 1919): Attaching Window{c9e1406 u0 eu.mobile.mypos/eu.mobile.mypos.redesign.ui.login.shortLogin.ShortLoginActivity} token=ActivityRecord{526019c u0 eu.mobile.mypos/.redesign.ui.login.shortLogin.ShortLoginActivity t25852 mVisible=true mOccludesParent=true mode=fullscreen boundsRect(0, 0 - 720, 1612)}
03-05 05:20:24.828 I/HwForceDarkManager(13424): setAllowedHwForceDark:false package:eu.mobile.mypos mCurrProcessState:0 mIsPackageNameChange:false hwForceDarkState:0 isViewAllowedForceDark:true isLastHonorForceDark:false
03-05 05:20:24.834 W/HwAudioServiceEx( 1919): SoundEffectState bundle get reserved is invalid
03-05 05:20:24.836 I/DE J DES( 1919): [effect] now QR status:CLOSE
03-05 05:20:24.838 I/DE J DES( 1919): [effect] MEMC do nothing
03-05 05:20:24.845 D/CoreBackPreview( 1919): Window{c9e1406 u0 eu.mobile.mypos/eu.mobile.mypos.redesign.ui.login.shortLogin.ShortLoginActivity}: Setting back callback OnBackInvokedCallbackInfo{mCallback=android.window.IOnBackInvokedCallback$Stub$Proxy@fbda4db, mPriority=0, mIsAnimationCallback=false}
03-05 05:20:24.848 D/ActivityThread(13658): Attach thread to application
03-05 05:20:24.858 D/CompatibilityChangeReporter( 1919): Compat change id reported: 168419799; UID 1027; state: DISABLED
03-05 05:20:24.859 D/CompatibilityChangeReporter( 1919): Compat change id reported: 273564678; UID 1027; state: DISABLED
03-05 05:20:24.867 D/HwWindowManagerServiceEx( 1919): recompute display mode
03-05 05:20:24.867 D/HwWindowManagerServiceEx( 1919): recompute display mode
03-05 05:20:24.883 D/CompatibilityChangeReporter( 1919): Compat change id reported: 261072174; UID 1027; state: ENABLED
03-05 05:20:24.886 I/WindowManager( 1919): Changing focus from null to Window{c9e1406 u0 eu.mobile.mypos/eu.mobile.mypos.redesign.ui.login.shortLogin.ShortLoginActivity} mode 0 displayId=0
03-05 05:20:24.887 I/HwBrightnessPgSceneDetection( 1919): isHealthEyeWhenFlod() sIsContainsFoldPkgfalse
03-05 05:20:24.887 V/HwPhoneWindowManager( 1919): updateSystemUiColorLw window=Window{c9e1406 u0 eu.mobile.mypos/eu.mobile.mypos.redesign.ui.login.shortLogin.ShortLoginActivity},MagicStyle=0,StatusBarColor=0x0,NavigationBarColor=0xfffcfcfc, mForceNotchStatusBar=false
03-05 05:20:24.888 I/WindowManager( 1919): removeLeash, the window position need update Window{6a6046d u0 NavigationBar0}
03-05 05:20:24.891 I/HwCommandQueue( 2382): updateBarBgColor
03-05 05:20:24.891 D/HwCommandQueue( 2382): CommandQueue, setBarBackgroundColor
03-05 05:20:24.891 I/WindowManager( 1919): removeLeash, the window position need update Window{bd39648 u0 StatusBar}
03-05 05:20:24.896 I/HwDisplayContentEx( 1919): currentFocus windowstate not null
03-05 05:20:24.896 E/ZrHung.AppEyeFocusWindow( 1919): cancel check
03-05 05:20:24.896 I/HwDisplayContentEx( 1919): trans currentFocus windowstate not null
03-05 05:20:24.897 D/HwWindowManagerServiceEx( 1919): recompute display mode
03-05 05:20:24.935 E/HwWindowManagerServiceEx( 1919): transition is null
03-05 05:20:24.936 I/hnWindowInfomationUpdate( 1919): addOrUpdateWindowInformation end ... 
03-05 05:20:24.947 D/TaskOrganizerController( 1919): removeStartingWindow contains googlepatch
03-05 05:20:24.950 E/HwWindowManagerServiceEx( 1919): transition is null
03-05 05:20:24.956 V/ActivityTaskManager( 1919): Activity idle: ActivityRecord{526019c u0 eu.mobile.mypos/.redesign.ui.login.shortLogin.ShortLoginActivity t25852 mVisible=true mOccludesParent=true mode=fullscreen boundsRect(0, 0 - 720, 1612)}
03-05 05:20:24.958 D/HwWindowManagerServiceEx( 1919): recompute display mode
03-05 05:20:24.958 D/HwWindowManagerServiceEx( 1919): recompute display mode
03-05 05:20:24.958 I/ActivityTaskManager( 1919): animating need stay in stopping state: eu.mobile.mypos/.activities.mainScreenModule.MainActivity
03-05 05:20:24.958 I/ActivityTaskManager( 1919): animating need stay in stopping state: eu.mobile.mypos/.redesign.ui.login.welcome.WelcomeActivity
03-05 05:20:24.961 I/DefaultTransitionHandler( 2382): onAnimationEnd, Surface(name=ActivityRecord{b8e3af9 u0 eu.mobile.mypos/.activities.mainScreenModule.MainActivity t25852 mVisible=false mOccludesParent=true mode=fullscreen boundsRect(0, 0 - 720, 1612)})/@0x7af557b
03-05 05:20:24.962 I/HwPowerManagerServiceEx( 1919): no need to notifyScreenState, not registered
03-05 05:20:24.964 I/DefaultTransitionHandler( 2382): onAnimationEnd, Surface(name=ActivityRecord{6c60657 u0 eu.mobile.mypos/.redesign.ui.login.welcome.WelcomeActivity t25852 mVisible=false mOccludesParent=true mode=fullscreen boundsRect(0, 0 - 720, 1612)})/@0x7ff490a
03-05 05:20:24.965 I/DE J DES( 1919): [effect] QR do nothing
03-05 05:20:24.965 I/DE J DES( 1919): [effect] MEMC do nothing
03-05 05:20:24.969 I/NotificationService( 1919): cancelToast pkg=com.hihonor.android.launcher token=android.os.BinderProxy@35919ed
03-05 05:20:24.969 W/NotificationService( 1919): Toast already cancelled. pkg=com.hihonor.android.launcher token=android.os.BinderProxy@35919ed
03-05 05:20:24.972 I/ShellTransitions( 2382): Active animation finished=(#17409)android.os.BinderProxy@acbcce4@0, merged=[(#17410)android.os.BinderProxy@dd9f686@0], aborted=false
03-05 05:20:24.972 V/WindowManagerShell( 2382): Transition animation finished (aborted=false), notifying core (#17409)android.os.BinderProxy@acbcce4@0
03-05 05:20:24.973 I/AlarmManager( 1919): remove alarm reason:0 alarms:[Alarm{59f3f4a type 3 origWhen 1337750537 whenElapsed 1337750537 PendingIntent{bde8cb5: PendingIntentRecord{aa6a122 com.google.android.gms/com.google.android.gms.scheduler broadcastIntent}} com.google.android.gms procName com.google.android.gms.persistent}]
03-05 05:20:24.975 I/VRI[ShortLoginActivity](13424): send MSG_WINDOW_FOCUS_CHANGED msg
03-05 05:20:24.975 I/HnAlarmManagerService( 1919): SHB_ELAPSED, alarm: 27c754a, pkg=com.google.android.gms, whenElapsed=1337189016, shbElapsed= 0
03-05 05:20:24.983 I/HwBrightnessPgSceneDetection( 1919): isHealthEyeWhenFlod() sIsContainsFoldPkgfalse
03-05 05:20:24.983 I/HwBrightnessPgSceneDetection( 1919): isHealthEyeWhenFlod() sIsContainsFoldPkgfalse
03-05 05:20:24.983 I/HwBrightnessPgSceneDetection( 1919): isHealthEyeWhenFlod() sIsContainsFoldPkgfalse
03-05 05:20:24.988 I/WindowManager( 1919): LauncherPermanent keep UniHomeLauncher permanent
03-05 05:20:24.989 V/InputMethodManagerService( 1919): startInputOrWindowGainedFocusInternalLocked: reason=WINDOW_FOCUS_GAIN client=android.os.BinderProxy@4193424 inputContext=null editorInfo=android.view.inputmethod.EditorInfo@bf6acbb startInputFlags=VIEW_HAS_FOCUS|INITIAL_CONNECTION softInputMode=STATE_UNSPECIFIED|ADJUST_PAN|IS_FORWARD_NAVIGATION windowFlags=#81810100 unverifiedTargetSdkVersion=35 userId=0 imeDispatcher=android.window.ImeOnBackInvokedDispatcher@44ab5d8
03-05 05:20:24.999 I/TransitionController( 1919): finishTransition TransitionRecord{cc30149 id=17409 type=OPEN flags=0x0}
03-05 05:20:25.002 V/WindowManager( 1919): Finish Transition #17409: created at 03-05 05:20:24.048 collect-started=0.271ms request-sent=10.48ms started=15.01ms ready=173.137ms sent=326.98ms finished=951.319ms
03-05 05:20:25.013 V/WindowManager( 1919): Loading animations: layout params pkg=eu.mobile.mypos resId=0x10302ff
03-05 05:20:25.013 V/WindowManager( 1919): Loading animations: picked package=android
03-05 05:20:25.017 I/PreventAccidentalTouchManager( 1919): updateFocusedWindow: focusedWindowForHideIme=null
03-05 05:20:25.017 I/InputMethodManagerService( 1919): hideCurrentInputLocked: reason 12
03-05 05:20:25.018 D/HwPackageManagerServiceExImpl( 1919): Drawable icon:android.graphics.drawable.BitmapDrawable@acff833 packageName: eu.mobile.mypos
03-05 05:20:25.018 E/ProcessInfoCollector( 1919): getProcessInfo: proc should not less than zero.
03-05 05:20:25.018 I/JobScheduler( 1919): isReadyToBeExecutedLocked, job is prohibit by iaware: JobStatus{9921da9 androidx.work.systemjobscheduler:u0a234/2224 @androidx.work.systemjobscheduler@com.google.android.apps.walletnfcrel/androidx.work.impl.background.systemjob.SystemJobService u=0 s=10234 TIME=-4h44m26s106ms:none NET CHARGING READY}
03-05 05:20:25.030 I/ActivityTaskManager( 1919): remove inputSink surface ActivityRecord{b8e3af9 u0 eu.mobile.mypos/.activities.mainScreenModule.MainActivity t25852 f} mVisible=false mOccludesParent=true mode=fullscreen boundsRect(0, 0 - 720, 1612)}
03-05 05:20:25.030 I/hnWindowInfomationUpdate( 1919): addOrUpdateWindowInformation end ... 
03-05 05:20:25.031 E/ProcessInfoCollector( 1919): getProcessInfo: proc should not less than zero.
03-05 05:20:25.031 I/JobScheduler( 1919): isReadyToBeExecutedLocked, job is prohibit by iaware: JobStatus{a85bff5 androidx.work.systemjobscheduler:u0a222/10402 @androidx.work.systemjobscheduler@com.instagram.android/androidx.work.impl.background.systemjob.SystemJobService u=0 s=10222 TIME=-3m30s856ms:none NET READY}
03-05 05:20:25.031 I/UsageStatsService( 1919): reportEvent : component= ComponentInfo{com.hihonor.android.launcher/com.hihonor.android.launcher.unihome.UniHomeLauncher} eventType= 23
03-05 05:20:25.033 V/InputMethodManagerService( 1919): Creating new accessibility sessions for client ClientState{1abcde5 mUid=10213 mPid=13424 mSelfReportedDisplayId=0}
03-05 05:20:25.038 I/WindowManager( 1919): Win Window{6863441 u0 NotificationShade}, animationWallpaper=false, hasWallpaper=false, w.isOnScreen()=false, w.isDrawFinishedLw()=false
03-05 05:20:25.044 I/WindowManager( 1919): removeLeash, the window position need update Window{beb012 u0 InputMethod}
03-05 05:20:25.054 I/WindowManager( 1919): Starting window doesn't consider insets. this=Window{2bba4d3 u0 Splash Screen eu.mobile.mypos}
03-05 05:20:25.055 V/ActivityTaskManager( 1919): Activity idle: null
03-05 05:20:25.055 D/HwWindowManagerServiceEx( 1919): recompute display mode
03-05 05:20:25.055 D/HwWindowManagerServiceEx( 1919): recompute display mode
03-05 05:20:25.055 I/ActivityTaskManager( 1919): animating need stay in stopping state: eu.mobile.mypos/.redesign.ui.login.welcome.WelcomeActivity
03-05 05:20:25.062 I/TransitionController( 1919): finishTransition TransitionRecord{a22977a id=17410 type=OPEN flags=0x0}
03-05 05:20:25.064 V/WindowManager( 1919): Finish Transition #17410: created at 03-05 05:20:24.525 collect-started=0.269ms request-sent=25.764ms started=65.682ms ready=108.131ms sent=114.817ms finished=537.352ms
03-05 05:20:25.067 I/HwBrightnessPgSceneDetection( 1919): isHealthEyeWhenFlod() sIsContainsFoldPkgfalse
03-05 05:20:25.068 D/HwActivityManagerServiceEx( 1919): getPackageNameForPid callingAppId: 1000
03-05 05:20:25.077 I/AppEyeTopApp( 1919): handleTopAppChange, bg, disable pid=2822, uid=10114
03-05 05:20:25.084 I/WindowManagerShell( 2382): Track 0 became idle
03-05 05:20:25.084 I/WindowManagerShell( 2382): All active transition animations finished
03-05 05:20:25.084 I/ActivityTaskManager( 1919): remove inputSink surface ActivityRecord{6c60657 u0 eu.mobile.mypos/.redesign.ui.login.welcome.WelcomeActivity t25852 f} mVisible=false mOccludesParent=true mode=fullscreen boundsRect(0, 0 - 720, 1612)}
03-05 05:20:25.087 E/ProcessInfoCollector( 1919): getProcessInfo: proc should not less than zero.
03-05 05:20:25.087 I/JobScheduler( 1919): isReadyToBeExecutedLocked, job is prohibit by iaware: JobStatus{e6e17ab #u0a125/100050 com.microsoft.appmanager/com.microsoft.mmx.agents.EventAggregatorJob u=0 s=10125 TIME=-15d11h25m48s119ms:-15d11h25m48s119ms NET BATNOTLOW PERIODIC PERSISTED READY}
03-05 05:20:25.088 I/HwBrightnessPgSceneDetection( 1919): isHealthEyeWhenFlod() sIsContainsFoldPkgfalse
03-05 05:20:25.105 V/ActivityTaskManager( 1919): Activity idle: null
03-05 05:20:25.105 D/HwWindowManagerServiceEx( 1919): recompute display mode
03-05 05:20:25.105 D/HwWindowManagerServiceEx( 1919): recompute display mode
03-05 05:20:25.109 I/HwBrightnessPgSceneDetection( 1919): isHealthEyeWhenFlod() sIsContainsFoldPkgfalse
03-05 05:20:25.109 E/WindowManager( 1919): Process Permission error! uid:1027
03-05 05:20:25.109 E/WindowManager( 1919): check permission error, current package is android.uid.nfc:1027 , it is not systemApp, callers is com.hihonor.android.view.IHwWindowManager$Stub.onTransact:1227 android.os.Binder.execTransactInternal:1366 android.os.Binder.execTransact:1310 <bottom of call stack> <bottom of call stack> <bottom of call stack> <bottom of call stack> <bottom of call stack> <bottom of call stack> <bottom of call stack> 
03-05 05:20:25.113 I/ActivityThread(13658): Init compatible state: true
