03-05 05:20:24.079 I/WindowManager( 1919): addWindowToken: displayid:0 binder:Token{1664db2 ActivityRecord{f041468 u0 eu.mobile.mypos/.redesign.ui.login.welcome.WelcomeActivity t-1 mVisible=false mOccludesParent=true mode=undefined boundsRect(0, 0 - 0, 0)}} token:ActivityRecord{f041468 u0 eu.mobile.mypos/.redesign.ui.login.welcome.WelcomeActivity t-1 mVisible=false mOccludesParent=true mode=undefined boundsRect(0, 0 - 0, 0)}
03-05 05:20:24.079 D/ActivityTaskManager( 1919): setEnterOrExitFullScreenVideo isEnterOrExitFullScreenVideo = false
03-05 05:20:24.079 D/HwWindowManagerServiceEx( 1919): recompute display mode
03-05 05:20:24.080 I/ActivityTaskManager( 1919): onConfigurationChanged recordWindowInformationForPerformance this = ActivityRecord{f041468 u0 eu.mobile.mypos/.redesign.ui.login.welcome.WelcomeActivity t25852 mVisible=false mOccludesParent=true mode=fullscreen boundsRect(0, 0 - 720, 1612)}
03-05 05:20:24.080 I/hnWindowInfomationUpdate( 1919): toSaveActivityMode start ...title=eu.mobile.mypos/eu.mobile.mypos.redesign.ui.login.welcome.WelcomeActivity,returnNum=1isVisible=false
03-05 05:20:24.080 I/hnWindowInfomationUpdate( 1919): toSaveActivityMode start ...mShownWindowMap.size()=1
03-05 05:20:24.080 I/HwPowerManagerServiceEx( 1919): no need to notifyScreenState, not registered
03-05 05:20:24.080 W/ProcBatteryStats( 1919): timer is running , not start, name: com.android.phone, uid: 1001, tag: *telephony-radio*
03-05 05:20:24.081 D/HwTaskEx( 1919): updateHwPCMultiCastOverrideConfiguration
03-05 05:20:24.082 I/ActivityTaskManager( 1919): task snapshot clear window but ForceRotateState is true!
03-05 05:20:24.082 D/HwActivityRecordEx( 1919): changeSplashThemeIfNeeded, enableChangeSplashTheme=true, mTargetSdk=35, isNeededMainSplash=false, useLegacy=false, resolvedTheme=2132148237, resultTheme=2132148237
03-05 05:20:24.082 D/TaskOrganizerController( 1919): addStartingWindow contains googlepatch
03-05 05:20:24.083 I/HwTaskEx( 1919): setSideAndNotchFlagForSnapshot layoutInDisplaySideMode=1
03-05 05:20:24.083 I/HwActivityTaskManagerServiceEx( 1919): [snapshot cache] Iaware Snapshot cache is closed
03-05 05:20:24.084 D/HnAwareStartSurfaceController( 1919): completePauseForAdvanceAttachSurface mStartType=0 mFirstStart=false
03-05 05:20:24.085 I/ShellStartingWindow( 2382): start add StartingWindow
03-05 05:20:24.085 D/HnAwareStartSurfaceController( 1919): completePauseForAdvanceAttachSurface mStartType=0 mFirstStart=false
03-05 05:20:24.085 I/TransitionController( 1919): setReady falase, wc: ActivityRecord{f041468 u0 eu.mobile.mypos/.redesign.ui.login.welcome.WelcomeActivity t25852 mVisible=false mOccludesParent=true mode=fullscreen boundsRect(0, 0 - 720, 1612)} com.android.server.wm.ActivityStarter.handleStartResult:2264 com.android.server.wm.ActivityStarter.startActivityUnchecked:2083 com.android.server.wm.ActivityStarter.executeRequest:1793 com.android.server.wm.HwActivityStarter.executeRequest:352 com.android.server.wm.ActivityStarter.execute:1001 com.android.server.wm.HwActivityStarter.execute:683 com.android.server.wm.ActivityTaskManagerService.startActivityAsUser:1565 com.android.server.wm.ActivityTaskManagerService.startActivityAsUser:1516 com.android.server.wm.ActivityTaskManagerService.startActivity:1491 android.app.IActivityTaskManager$Stub.onTransact:983 com.android.server.wm.ActivityTaskManagerService.onTransact:6657 android.os.Binder.execTransactInternal:1366 android.os.Binder.execTransact:1310 <bottom of call stack> <bottom of call stack> 
03-05 05:20:24.087 I/ActivityTaskManager( 1919):  (BAL_ALLOW_VISIBLE_WINDOW) result code=0
03-05 05:20:24.089 I/HwPowerManagerServiceEx( 1919): no need to notifyScreenState, not registered
03-05 05:20:24.091 W/ActivityTaskManager( 1919): Duplicate finish request for r=ActivityRecord{b8e3af9 u0 eu.mobile.mypos/.activities.mainScreenModule.MainActivity t25852 f} mVisible=true mOccludesParent=true mode=fullscreen boundsRect(0, 0 - 720, 1612)}
03-05 05:20:24.094 I/ActivityTaskManager( 1919): START u0 {flg=0x4000000 cmp=eu.mobile.mypos/.redesign.ui.login.welcome.WelcomeActivity} with LAUNCH_MULTIPLE from uid 10213
03-05 05:20:24.096 D/HwGameAssistantController( 1919): isGameForeground? false
03-05 05:20:24.096 I/ActivityTaskManager( 1919): ActivityRecord info: ActivityInfo{de78103 eu.mobile.mypos.redesign.ui.login.welcome.WelcomeActivity}
03-05 05:20:24.098 D/ActivityTaskManager( 1919): TaskLaunchParamsModifier:task=null activity=ActivityRecord{330880 u0 eu.mobile.mypos/.redesign.ui.login.welcome.WelcomeActivity display-area-from-source=DefaultTaskDisplayArea@244227113 display-id=0 task-display-area-windowing-mode=1 suggested-display-area=DefaultTaskDisplayArea@244227113
03-05 05:20:24.099 I/ActivityStarter( 1919): shouldShowFreeformWindow realCallingPackage =eu.mobile.mypos isRes= true rotation= 0 orientation = 1 isPortarait = true sourceRecord = ActivityRecord{b8e3af9 u0 eu.mobile.mypos/.activities.mainScreenModule.MainActivity t25852 f} mVisible=true mOccludesParent=true mode=fullscreen boundsRect(0, 0 - 720, 1612)} isMagicWin = false isForceRotation = false r.packageName = eu.mobile.mypos isAE= false sourceLaunchedFromPackage= eu.mobile.mypos isInBlackList= false r.info = ActivityInfo{de78103 eu.mobile.mypos.redesign.ui.login.welcome.WelcomeActivity}
03-05 05:20:24.099 D/ActivityTaskManager( 1919): TaskLaunchParamsModifier:task=Task{a1deb38 #25852 type=standard A=10213:eu.mobile.mypos} activity=ActivityRecord{330880 u0 eu.mobile.mypos/.redesign.ui.login.welcome.WelcomeActivity t-1 mVisible=false mOccludesParent=true mode=undefined boundsRect(0, 0 - 0, 0)} display-area-from-source=DefaultTaskDisplayArea@244227113 display-id=0 task-display-area-windowing-mode=1 suggested-display-area=DefaultTaskDisplayArea@244227113 inherit-from-source=fullscreen non-freeform-task-display-area display-area=DefaultTaskDisplayArea@244227113 activity-requested-portrait freeform-size-mismatch=Rect(184, 438 - 537, 1158)
03-05 05:20:24.099 I/HwActivityTaskManagerServiceEx( 1919): isAppIsImportingData AMS return -> isCloningAppCloning=false
03-05 05:20:24.101 I/WindowManager( 1919): removeWindowToken: displayid:0 binder:Token{1664db2 ActivityRecord{f041468 u0 eu.mobile.mypos/.redesign.ui.login.welcome.WelcomeActivity t25852 f} mVisible=false mOccludesParent=true mode=fullscreen boundsRect(0, 0 - 720, 1612)}} token:ActivityRecord{f041468 u0 eu.mobile.mypos/.redesign.ui.login.welcome.WelcomeActivity t25852 f} mVisible=false mOccludesParent=true mode=fullscreen boundsRect(0, 0 - 720, 1612)}
03-05 05:20:24.101 I/ActivityTaskManager( 1919): destroy for ActivityRecord{f041468 u0 eu.mobile.mypos/.redesign.ui.login.welcome.WelcomeActivity t25852 f} mVisible=false mOccludesParent=true mode=fullscreen boundsRect(0, 0 - 720, 1612)}, mLetterbox: null
03-05 05:20:24.101 I/UsageStatsService( 1919): reportEvent : component= ComponentInfo{eu.mobile.mypos/eu.mobile.mypos.redesign.ui.login.welcome.WelcomeActivity} eventType= 24
03-05 05:20:24.101 I/WindowManager( 1919): removeWindowToken: displayid:0 binder:Token{1664db2 ActivityRecord{f041468 u0 eu.mobile.mypos/.redesign.ui.login.welcome.WelcomeActivity t25852 f} mVisible=false mOccludesParent=true mode=fullscreen boundsRect(0, 0 - 720, 1612)}} token:null
03-05 05:20:24.102 I/WindowManager( 1919): setSurfaceControl null, caller = com.android.server.wm.ActivityRecord.setSurfaceControl:2183 com.android.server.wm.WindowContainer.removeImmediately:874 com.android.server.wm.WindowToken.removeImmediately:413 com.android.server.wm.ActivityRecord.removeImmediately:5453 com.android.server.wm.ActivityRecord.removeIfPossible:5460 com.android.server.wm.ActivityRecord.onRemovedFromDisplay:5547 com.android.server.wm.DisplayContent.removeAppToken:1835 com.android.server.wm.ActivityRecord.removeFromHistory:5133 com.android.server.wm.ActivityRecord.destroyImmediately:5068 com.android.server.wm.ActivityRecord.destroyIfPossible:4934 
03-05 05:20:24.103 I/removeFromHistory( 1919): ActivityRecord{f041468 u0 eu.mobile.mypos/.redesign.ui.login.welcome.WelcomeActivity t-1 f} mVisible=false mOccludesParent=true mode=fullscreen boundsRect(0, 0 - 720, 1612)} reason finish-imm:finishIfPossible hadNoApp Callers=com.android.server.wm.ActivityRecord.destroyImmediately:5068 com.android.server.wm.ActivityRecord.destroyIfPossible:4934 com.android.server.wm.ActivityRecord.completeFinishing:4892 com.android.server.wm.ActivityRecord.completeFinishing:4773 com.android.server.wm.ActivityRecord.finishIfPossible:4725 com.android.server.wm.ActivityRecord.finishIfPossible:4507 com.android.server.wm.Task.clearTopActivities:2205 com.android.server.wm.Task.performClearTop:2163 
03-05 05:20:24.103 I/WindowManager( 1919): addWindowToken: displayid:0 binder:Token{bd72a5f ActivityRecord{330880 u0 eu.mobile.mypos/.redesign.ui.login.welcome.WelcomeActivity t-1 mVisible=false mOccludesParent=true mode=undefined boundsRect(0, 0 - 0, 0)}} token:ActivityRecord{330880 u0 eu.mobile.mypos/.redesign.ui.login.welcome.WelcomeActivity t-1 mVisible=false mOccludesParent=true mode=undefined boundsRect(0, 0 - 0, 0)}
03-05 05:20:24.103 D/ActivityTaskManager( 1919): setEnterOrExitFullScreenVideo isEnterOrExitFullScreenVideo = false
03-05 05:20:24.105 D/HwWindowManagerServiceEx( 1919): recompute display mode
03-05 05:20:24.105 I/ActivityTaskManager( 1919): onConfigurationChanged recordWindowInformationForPerformance this = ActivityRecord{330880 u0 eu.mobile.mypos/.redesign.ui.login.welcome.WelcomeActivity t25852 mVisible=false mOccludesParent=true mode=fullscreen boundsRect(0, 0 - 720, 1612)}
03-05 05:20:24.105 I/hnWindowInfomationUpdate( 1919): toSaveActivityMode start ...title=eu.mobile.mypos/eu.mobile.mypos.redesign.ui.login.welcome.WelcomeActivity,returnNum=1isVisible=false
03-05 05:20:24.105 I/hnWindowInfomationUpdate( 1919): toSaveActivityMode start ...mShownWindowMap.size()=1
03-05 05:20:24.108 D/HwTaskEx( 1919): updateHwPCMultiCastOverrideConfiguration
03-05 05:20:24.109 I/ActivityTaskManager( 1919): task snapshot clear window but ForceRotateState is true!
03-05 05:20:24.109 D/HwActivityRecordEx( 1919): changeSplashThemeIfNeeded, enableChangeSplashTheme=true, mTargetSdk=35, isNeededMainSplash=false, useLegacy=false, resolvedTheme=2132148237, resultTheme=2132148237
03-05 05:20:24.109 D/TaskOrganizerController( 1919): addStartingWindow contains googlepatch
03-05 05:20:24.110 I/HwTaskEx( 1919): setSideAndNotchFlagForSnapshot layoutInDisplaySideMode=1
03-05 05:20:24.110 I/HwActivityTaskManagerServiceEx( 1919): [snapshot cache] Iaware Snapshot cache is closed
03-05 05:20:24.110 I/ShellStartingWindow( 2382): legacyDrawable: null ,finalType: 3
03-05 05:20:24.110 I/ShellStartingWindow( 2382):  getFromCache,hash: 99517973 ,packageName: eu.mobile.mypos ,result: fffafafa ,configHash: 236956934 ,windowBgColor: 0 ,windowBgResId: 17171087
03-05 05:20:24.111 D/HnAwareStartSurfaceController( 1919): completePauseForAdvanceAttachSurface mStartType=0 mFirstStart=false
03-05 05:20:24.112 D/HnAwareStartSurfaceController( 1919): completePauseForAdvanceAttachSurface mStartType=0 mFirstStart=false
03-05 05:20:24.112 I/TransitionController( 1919): setReady falase, wc: ActivityRecord{330880 u0 eu.mobile.mypos/.redesign.ui.login.welcome.WelcomeActivity t25852 mVisible=false mOccludesParent=true mode=fullscreen boundsRect(0, 0 - 720, 1612)} com.android.server.wm.ActivityStarter.handleStartResult:2264 com.android.server.wm.ActivityStarter.startActivityUnchecked:2083 com.android.server.wm.ActivityStarter.executeRequest:1793 com.android.server.wm.HwActivityStarter.executeRequest:352 com.android.server.wm.ActivityStarter.execute:1001 com.android.server.wm.HwActivityStarter.execute:683 com.android.server.wm.ActivityTaskManagerService.startActivityAsUser:1565 com.android.server.wm.ActivityTaskManagerService.startActivityAsUser:1516 com.android.server.wm.ActivityTaskManagerService.startActivity:1491 android.app.IActivityTaskManager$Stub.onTransact:983 com.android.server.wm.ActivityTaskManagerService.onTransact:6657 android.os.Binder.execTransactInternal:1366 android.os.Binder.execTransact:1310 <bottom of call stack> <bottom of call stack> 
03-05 05:20:24.113 I/ShellStartingWindow( 2382): start add StartingWindow
03-05 05:20:24.114 W/UsageStatsService( 1919): Unexpected activity event reported! (eu.mobile.mypos/eu.mobile.mypos.redesign.ui.login.welcome.WelcomeActivity event : 23 instanceId : 23481778)
03-05 05:20:24.114 I/ActivityTaskManager( 1919):  (BAL_ALLOW_VISIBLE_WINDOW) result code=0
03-05 05:20:24.115 W/ActivityTaskManager( 1919): Duplicate finish request for r=ActivityRecord{b8e3af9 u0 eu.mobile.mypos/.activities.mainScreenModule.MainActivity t25852 f} mVisible=true mOccludesParent=true mode=fullscreen boundsRect(0, 0 - 720, 1612)}
03-05 05:20:24.117 W/WindowManager( 1919): Attempted to add application window with unknown token Token{1664db2 ActivityRecord{f041468 u0 eu.mobile.mypos/.redesign.ui.login.welcome.WelcomeActivity t-1 f} mVisible=false mOccludesParent=true mode=fullscreen boundsRect(0, 0 - 720, 1612)}}.  Aborting.
03-05 05:20:24.120 W/ProcBatteryStats( 1919): timer is not running , not stop, name: com.android.phone, uid: 1001, tag: *telephony-radio*
03-05 05:20:24.124 I/ActivityTaskManager( 1919): START u0 {flg=0x4000000 cmp=eu.mobile.mypos/.redesign.ui.login.welcome.WelcomeActivity} with LAUNCH_MULTIPLE from uid 10213
03-05 05:20:24.124 I/HwPowerManagerServiceEx( 1919): no need to notifyScreenState, not registered
03-05 05:20:24.126 D/HwGameAssistantController( 1919): isGameForeground? false
03-05 05:20:24.126 I/ActivityTaskManager( 1919): ActivityRecord info: ActivityInfo{cb79d75 eu.mobile.mypos.redesign.ui.login.welcome.WelcomeActivity}
03-05 05:20:24.127 D/ActivityTaskManager( 1919): TaskLaunchParamsModifier:task=null activity=ActivityRecord{9a5e10a u0 eu.mobile.mypos/.redesign.ui.login.welcome.WelcomeActivity display-area-from-source=DefaultTaskDisplayArea@244227113 display-id=0 task-display-area-windowing-mode=1 suggested-display-area=DefaultTaskDisplayArea@244227113
03-05 05:20:24.127 I/ActivityStarter( 1919): shouldShowFreeformWindow realCallingPackage =eu.mobile.mypos isRes= true rotation= 0 orientation = 1 isPortarait = true sourceRecord = ActivityRecord{b8e3af9 u0 eu.mobile.mypos/.activities.mainScreenModule.MainActivity t25852 f} mVisible=true mOccludesParent=true mode=fullscreen boundsRect(0, 0 - 720, 1612)} isMagicWin = false isForceRotation = false r.packageName = eu.mobile.mypos isAE= false sourceLaunchedFromPackage= eu.mobile.mypos isInBlackList= false r.info = ActivityInfo{cb79d75 eu.mobile.mypos.redesign.ui.login.welcome.WelcomeActivity}
03-05 05:20:24.128 D/ActivityTaskManager( 1919): TaskLaunchParamsModifier:task=Task{a1deb38 #25852 type=standard A=10213:eu.mobile.mypos} activity=ActivityRecord{9a5e10a u0 eu.mobile.mypos/.redesign.ui.login.welcome.WelcomeActivity t-1 mVisible=false mOccludesParent=true mode=undefined boundsRect(0, 0 - 0, 0)} display-area-from-source=DefaultTaskDisplayArea@244227113 display-id=0 task-display-area-windowing-mode=1 suggested-display-area=DefaultTaskDisplayArea@244227113 inherit-from-source=fullscreen non-freeform-task-display-area display-area=DefaultTaskDisplayArea@244227113 activity-requested-portrait freeform-size-mismatch=Rect(184, 438 - 537, 1158)
03-05 05:20:24.128 I/HwActivityTaskManagerServiceEx( 1919): isAppIsImportingData AMS return -> isCloningAppCloning=false
03-05 05:20:24.129 I/WindowManager( 1919): removeWindowToken: displayid:0 binder:Token{bd72a5f ActivityRecord{330880 u0 eu.mobile.mypos/.redesign.ui.login.welcome.WelcomeActivity t25852 f} mVisible=false mOccludesParent=true mode=fullscreen boundsRect(0, 0 - 720, 1612)}} token:ActivityRecord{330880 u0 eu.mobile.mypos/.redesign.ui.login.welcome.WelcomeActivity t25852 f} mVisible=false mOccludesParent=true mode=fullscreen boundsRect(0, 0 - 720, 1612)}
03-05 05:20:24.129 I/ActivityTaskManager( 1919): destroy for ActivityRecord{330880 u0 eu.mobile.mypos/.redesign.ui.login.welcome.WelcomeActivity t25852 f} mVisible=false mOccludesParent=true mode=fullscreen boundsRect(0, 0 - 720, 1612)}, mLetterbox: null
03-05 05:20:24.129 I/WindowManager( 1919): removeWindowToken: displayid:0 binder:Token{bd72a5f ActivityRecord{330880 u0 eu.mobile.mypos/.redesign.ui.login.welcome.WelcomeActivity t25852 f} mVisible=false mOccludesParent=true mode=fullscreen boundsRect(0, 0 - 720, 1612)}} token:null
03-05 05:20:24.129 W/ShellStartingWindow( 2382): already running, starting window not displayed. Unable to add window -- token android.os.BinderProxy@afc4802 is not valid; is your activity running?
03-05 05:20:24.129 I/UsageStatsService( 1919): reportEvent : component= ComponentInfo{eu.mobile.mypos/eu.mobile.mypos.redesign.ui.login.welcome.WelcomeActivity} eventType= 24
03-05 05:20:24.129 I/WindowManager( 1919): setSurfaceControl null, caller = com.android.server.wm.ActivityRecord.setSurfaceControl:2183 com.android.server.wm.WindowContainer.removeImmediately:874 com.android.server.wm.WindowToken.removeImmediately:413 com.android.server.wm.ActivityRecord.removeImmediately:5453 com.android.server.wm.ActivityRecord.removeIfPossible:5460 com.android.server.wm.ActivityRecord.onRemovedFromDisplay:5547 com.android.server.wm.DisplayContent.removeAppToken:1835 com.android.server.wm.ActivityRecord.removeFromHistory:5133 com.android.server.wm.ActivityRecord.destroyImmediately:5068 com.android.server.wm.ActivityRecord.destroyIfPossible:4934 
03-05 05:20:24.130 W/UsageStatsService( 1919): Unexpected activity event reported! (eu.mobile.mypos/eu.mobile.mypos.redesign.ui.login.welcome.WelcomeActivity event : 23 instanceId : 198650463)
03-05 05:20:24.130 I/removeFromHistory( 1919): ActivityRecord{330880 u0 eu.mobile.mypos/.redesign.ui.login.welcome.WelcomeActivity t-1 f} mVisible=false mOccludesParent=true mode=fullscreen boundsRect(0, 0 - 720, 1612)} reason finish-imm:finishIfPossible hadNoApp Callers=com.android.server.wm.ActivityRecord.destroyImmediately:5068 com.android.server.wm.ActivityRecord.destroyIfPossible:4934 com.android.server.wm.ActivityRecord.completeFinishing:4892 com.android.server.wm.ActivityRecord.completeFinishing:4773 com.android.server.wm.ActivityRecord.finishIfPossible:4725 com.android.server.wm.ActivityRecord.finishIfPossible:4507 com.android.server.wm.Task.clearTopActivities:2205 com.android.server.wm.Task.performClearTop:2163 
03-05 05:20:24.130 I/WindowManager( 1919): addWindowToken: displayid:0 binder:Token{c719bf1 ActivityRecord{9a5e10a u0 eu.mobile.mypos/.redesign.ui.login.welcome.WelcomeActivity t-1 mVisible=false mOccludesParent=true mode=undefined boundsRect(0, 0 - 0, 0)}} token:ActivityRecord{9a5e10a u0 eu.mobile.mypos/.redesign.ui.login.welcome.WelcomeActivity t-1 mVisible=false mOccludesParent=true mode=undefined boundsRect(0, 0 - 0, 0)}
03-05 05:20:24.130 D/ActivityTaskManager( 1919): setEnterOrExitFullScreenVideo isEnterOrExitFullScreenVideo = false
03-05 05:20:24.130 D/HwWindowManagerServiceEx( 1919): recompute display mode
03-05 05:20:24.130 I/ActivityTaskManager( 1919): onConfigurationChanged recordWindowInformationForPerformance this = ActivityRecord{9a5e10a u0 eu.mobile.mypos/.redesign.ui.login.welcome.WelcomeActivity t25852 mVisible=false mOccludesParent=true mode=fullscreen boundsRect(0, 0 - 720, 1612)}
03-05 05:20:24.130 I/hnWindowInfomationUpdate( 1919): toSaveActivityMode start ...title=eu.mobile.mypos/eu.mobile.mypos.redesign.ui.login.welcome.WelcomeActivity,returnNum=1isVisible=false
03-05 05:20:24.130 I/hnWindowInfomationUpdate( 1919): toSaveActivityMode start ...mShownWindowMap.size()=1
03-05 05:20:24.133 D/HwTaskEx( 1919): updateHwPCMultiCastOverrideConfiguration
03-05 05:20:24.134 I/ActivityTaskManager( 1919): task snapshot clear window but ForceRotateState is true!
03-05 05:20:24.134 D/HwActivityRecordEx( 1919): changeSplashThemeIfNeeded, enableChangeSplashTheme=true, mTargetSdk=35, isNeededMainSplash=false, useLegacy=false, resolvedTheme=2132148237, resultTheme=2132148237
03-05 05:20:24.134 D/TaskOrganizerController( 1919): addStartingWindow contains googlepatch
03-05 05:20:24.134 I/HwTaskEx( 1919): setSideAndNotchFlagForSnapshot layoutInDisplaySideMode=1
03-05 05:20:24.134 I/HwActivityTaskManagerServiceEx( 1919): [snapshot cache] Iaware Snapshot cache is closed
03-05 05:20:24.135 D/HnAwareStartSurfaceController( 1919): completePauseForAdvanceAttachSurface mStartType=0 mFirstStart=false
03-05 05:20:24.136 D/HnAwareStartSurfaceController( 1919): completePauseForAdvanceAttachSurface mStartType=0 mFirstStart=false
03-05 05:20:24.136 I/ShellStartingWindow( 2382): start add StartingWindow
03-05 05:20:24.136 I/TransitionController( 1919): setReady falase, wc: ActivityRecord{9a5e10a u0 eu.mobile.mypos/.redesign.ui.login.welcome.WelcomeActivity t25852 mVisible=false mOccludesParent=true mode=fullscreen boundsRect(0, 0 - 720, 1612)} com.android.server.wm.ActivityStarter.handleStartResult:2264 com.android.server.wm.ActivityStarter.startActivityUnchecked:2083 com.android.server.wm.ActivityStarter.executeRequest:1793 com.android.server.wm.HwActivityStarter.executeRequest:352 com.android.server.wm.ActivityStarter.execute:1001 com.android.server.wm.HwActivityStarter.execute:683 com.android.server.wm.ActivityTaskManagerService.startActivityAsUser:1565 com.android.server.wm.ActivityTaskManagerService.startActivityAsUser:1516 com.android.server.wm.ActivityTaskManagerService.startActivity:1491 android.app.IActivityTaskManager$Stub.onTransact:983 com.android.server.wm.ActivityTaskManagerService.onTransact:6657 android.os.Binder.execTransactInternal:1366 android.os.Binder.execTransact:1310 <bottom of call stack> <bottom of call stack> 
03-05 05:20:24.137 I/ActivityTaskManager( 1919):  (BAL_ALLOW_VISIBLE_WINDOW) result code=0
03-05 05:20:24.140 W/ActivityTaskManager( 1919): Duplicate finish request for r=ActivityRecord{b8e3af9 u0 eu.mobile.mypos/.activities.mainScreenModule.MainActivity t25852 f} mVisible=true mOccludesParent=true mode=fullscreen boundsRect(0, 0 - 720, 1612)}
03-05 05:20:24.144 W/ShellStartingWindow( 2382): view not successfully added to wm, removing view
03-05 05:20:24.146 W/ShellStartingWindow( 2382): failed creating starting window at taskId: 25852
03-05 05:20:24.146 W/ShellStartingWindow( 2382): java.lang.IllegalArgumentException: View=android.widget.FrameLayout{ee77513 V.E...... ......I. 0,0-0,0} not attached to window manager
03-05 05:20:24.146 W/ShellStartingWindow( 2382): 	at android.view.WindowManagerGlobal.findViewLocked(WindowManagerGlobal.java:652)
03-05 05:20:24.146 W/ShellStartingWindow( 2382): 	at android.view.WindowManagerGlobal.removeView(WindowManagerGlobal.java:535)
03-05 05:20:24.146 W/ShellStartingWindow( 2382): 	at com.android.wm.shell.startingsurface.HnSplashscreenWindowCreator.addWindow(HnSplashscreenWindowCreator.java:244)
03-05 05:20:24.146 W/ShellStartingWindow( 2382): 	at com.android.wm.shell.startingsurface.HnSplashscreenWindowCreator.addSplashScreenStartingWindow(HnSplashscreenWindowCreator.java:167)
03-05 05:20:24.146 W/ShellStartingWindow( 2382): 	at com.android.wm.shell.startingsurface.StartingSurfaceDrawer.addSplashScreenStartingWindow(StartingSurfaceDrawer.java:119)
03-05 05:20:24.146 W/ShellStartingWindow( 2382): 	at com.android.wm.shell.startingsurface.StartingWindowController.lambda$addStartingWindow$0(StartingWindowController.java:195)
03-05 05:20:24.146 W/ShellStartingWindow( 2382): 	at com.android.wm.shell.startingsurface.StartingWindowController.$r8$lambda$isc3xKvKIpValFa5jEuhGZmBKqA(StartingWindowController.java:0)
03-05 05:20:24.146 W/ShellStartingWindow( 2382): 	at com.android.wm.shell.startingsurface.StartingWindowController$$ExternalSyntheticLambda0.run(R8$$SyntheticClass:0)
03-05 05:20:24.146 W/ShellStartingWindow( 2382): 	at android.os.Handler.handleCallback(Handler.java:996)
03-05 05:20:24.146 W/ShellStartingWindow( 2382): 	at android.os.Handler.dispatchMessage(Handler.java:110)
03-05 05:20:24.146 W/ShellStartingWindow( 2382): 	at android.os.Looper.loopOnce(Looper.java:210)
03-05 05:20:24.146 W/ShellStartingWindow( 2382): 	at android.os.Looper.loop(Looper.java:302)
03-05 05:20:24.146 W/ShellStartingWindow( 2382): 	at android.os.HandlerThread.run(HandlerThread.java:67)
03-05 05:20:24.147 I/ActivityTaskManager( 1919): START u0 {flg=0x4000000 cmp=eu.mobile.mypos/.redesign.ui.login.welcome.WelcomeActivity} with LAUNCH_MULTIPLE from uid 10213
03-05 05:20:24.155 I/ShellStartingWindow( 2382): legacyDrawable: null ,finalType: 3
03-05 05:20:24.155 I/ShellStartingWindow( 2382):  getFromCache,hash: 99517973 ,packageName: eu.mobile.mypos ,result: fffafafa ,configHash: 236956934 ,windowBgColor: 0 ,windowBgResId: 17171087
03-05 05:20:24.157 D/HwGameAssistantController( 1919): isGameForeground? false
03-05 05:20:24.157 I/ActivityTaskManager( 1919): ActivityRecord info: ActivityInfo{74903d6 eu.mobile.mypos.redesign.ui.login.welcome.WelcomeActivity}
03-05 05:20:24.159 D/ActivityTaskManager( 1919): TaskLaunchParamsModifier:task=null activity=ActivityRecord{6c60657 u0 eu.mobile.mypos/.redesign.ui.login.welcome.WelcomeActivity display-area-from-source=DefaultTaskDisplayArea@244227113 display-id=0 task-display-area-windowing-mode=1 suggested-display-area=DefaultTaskDisplayArea@244227113
03-05 05:20:24.159 I/ActivityStarter( 1919): shouldShowFreeformWindow realCallingPackage =eu.mobile.mypos isRes= true rotation= 0 orientation = 1 isPortarait = true sourceRecord = ActivityRecord{b8e3af9 u0 eu.mobile.mypos/.activities.mainScreenModule.MainActivity t25852 f} mVisible=true mOccludesParent=true mode=fullscreen boundsRect(0, 0 - 720, 1612)} isMagicWin = false isForceRotation = false r.packageName = eu.mobile.mypos isAE= false sourceLaunchedFromPackage= eu.mobile.mypos isInBlackList= false r.info = ActivityInfo{74903d6 eu.mobile.mypos.redesign.ui.login.welcome.WelcomeActivity}
03-05 05:20:24.159 D/ActivityTaskManager( 1919): TaskLaunchParamsModifier:task=Task{a1deb38 #25852 type=standard A=10213:eu.mobile.mypos} activity=ActivityRecord{6c60657 u0 eu.mobile.mypos/.redesign.ui.login.welcome.WelcomeActivity t-1 mVisible=false mOccludesParent=true mode=undefined boundsRect(0, 0 - 0, 0)} display-area-from-source=DefaultTaskDisplayArea@244227113 display-id=0 task-display-area-windowing-mode=1 suggested-display-area=DefaultTaskDisplayArea@244227113 inherit-from-source=fullscreen non-freeform-task-display-area display-area=DefaultTaskDisplayArea@244227113 activity-requested-portrait freeform-size-mismatch=Rect(184, 438 - 537, 1158)
03-05 05:20:24.160 I/HwActivityTaskManagerServiceEx( 1919): isAppIsImportingData AMS return -> isCloningAppCloning=false
03-05 05:20:24.161 I/WindowManager( 1919): removeWindowToken: displayid:0 binder:Token{c719bf1 ActivityRecord{9a5e10a u0 eu.mobile.mypos/.redesign.ui.login.welcome.WelcomeActivity t25852 f} mVisible=false mOccludesParent=true mode=fullscreen boundsRect(0, 0 - 720, 1612)}} token:ActivityRecord{9a5e10a u0 eu.mobile.mypos/.redesign.ui.login.welcome.WelcomeActivity t25852 f} mVisible=false mOccludesParent=true mode=fullscreen boundsRect(0, 0 - 720, 1612)}
03-05 05:20:24.161 I/ActivityTaskManager( 1919): destroy for ActivityRecord{9a5e10a u0 eu.mobile.mypos/.redesign.ui.login.welcome.WelcomeActivity t25852 f} mVisible=false mOccludesParent=true mode=fullscreen boundsRect(0, 0 - 720, 1612)}, mLetterbox: null
03-05 05:20:24.161 I/WindowManager( 1919): removeWindowToken: displayid:0 binder:Token{c719bf1 ActivityRecord{9a5e10a u0 eu.mobile.mypos/.redesign.ui.login.welcome.WelcomeActivity t25852 f} mVisible=false mOccludesParent=true mode=fullscreen boundsRect(0, 0 - 720, 1612)}} token:null
03-05 05:20:24.161 I/WindowManager( 1919): setSurfaceControl null, caller = com.android.server.wm.ActivityRecord.setSurfaceControl:2183 com.android.server.wm.WindowContainer.removeImmediately:874 com.android.server.wm.WindowToken.removeImmediately:413 com.android.server.wm.ActivityRecord.removeImmediately:5453 com.android.server.wm.ActivityRecord.removeIfPossible:5460 com.android.server.wm.ActivityRecord.onRemovedFromDisplay:5547 com.android.server.wm.DisplayContent.removeAppToken:1835 com.android.server.wm.ActivityRecord.removeFromHistory:5133 com.android.server.wm.ActivityRecord.destroyImmediately:5068 com.android.server.wm.ActivityRecord.destroyIfPossible:4934 
03-05 05:20:24.162 I/removeFromHistory( 1919): ActivityRecord{9a5e10a u0 eu.mobile.mypos/.redesign.ui.login.welcome.WelcomeActivity t-1 f} mVisible=false mOccludesParent=true mode=fullscreen boundsRect(0, 0 - 720, 1612)} reason finish-imm:finishIfPossible hadNoApp Callers=com.android.server.wm.ActivityRecord.destroyImmediately:5068 com.android.server.wm.ActivityRecord.destroyIfPossible:4934 com.android.server.wm.ActivityRecord.completeFinishing:4892 com.android.server.wm.ActivityRecord.completeFinishing:4773 com.android.server.wm.ActivityRecord.finishIfPossible:4725 com.android.server.wm.ActivityRecord.finishIfPossible:4507 com.android.server.wm.Task.clearTopActivities:2205 com.android.server.wm.Task.performClearTop:2163 
03-05 05:20:24.162 I/WindowManager( 1919): addWindowToken: displayid:0 binder:Token{65991b0 ActivityRecord{6c60657 u0 eu.mobile.mypos/.redesign.ui.login.welcome.WelcomeActivity t-1 mVisible=false mOccludesParent=true mode=undefined boundsRect(0, 0 - 0, 0)}} token:ActivityRecord{6c60657 u0 eu.mobile.mypos/.redesign.ui.login.welcome.WelcomeActivity t-1 mVisible=false mOccludesParent=true mode=undefined boundsRect(0, 0 - 0, 0)}
03-05 05:20:24.162 D/ActivityTaskManager( 1919): setEnterOrExitFullScreenVideo isEnterOrExitFullScreenVideo = false
03-05 05:20:24.162 D/HwWindowManagerServiceEx( 1919): recompute display mode
03-05 05:20:24.163 I/ActivityTaskManager( 1919): onConfigurationChanged recordWindowInformationForPerformance this = ActivityRecord{6c60657 u0 eu.mobile.mypos/.redesign.ui.login.welcome.WelcomeActivity t25852 mVisible=false mOccludesParent=true mode=fullscreen boundsRect(0, 0 - 720, 1612)}
03-05 05:20:24.163 I/hnWindowInfomationUpdate( 1919): toSaveActivityMode start ...title=eu.mobile.mypos/eu.mobile.mypos.redesign.ui.login.welcome.WelcomeActivity,returnNum=1isVisible=false
03-05 05:20:24.163 I/hnWindowInfomationUpdate( 1919): toSaveActivityMode start ...mShownWindowMap.size()=1
03-05 05:20:24.163 I/UsageStatsService( 1919): reportEvent : component= ComponentInfo{eu.mobile.mypos/eu.mobile.mypos.redesign.ui.login.welcome.WelcomeActivity} eventType= 24
03-05 05:20:24.164 W/UsageStatsService( 1919): Unexpected activity event reported! (eu.mobile.mypos/eu.mobile.mypos.redesign.ui.login.welcome.WelcomeActivity event : 23 instanceId : 208772081)
03-05 05:20:24.165 D/HwTaskEx( 1919): updateHwPCMultiCastOverrideConfiguration
03-05 05:20:24.166 I/ActivityTaskManager( 1919): task snapshot clear window but ForceRotateState is true!
03-05 05:20:24.166 D/HwActivityRecordEx( 1919): changeSplashThemeIfNeeded, enableChangeSplashTheme=true, mTargetSdk=35, isNeededMainSplash=false, useLegacy=false, resolvedTheme=2132148237, resultTheme=2132148237
03-05 05:20:24.166 D/TaskOrganizerController( 1919): addStartingWindow contains googlepatch
03-05 05:20:24.166 I/HwTaskEx( 1919): setSideAndNotchFlagForSnapshot layoutInDisplaySideMode=1
03-05 05:20:24.166 I/HwActivityTaskManagerServiceEx( 1919): [snapshot cache] Iaware Snapshot cache is closed
03-05 05:20:24.168 D/HnAwareStartSurfaceController( 1919): completePauseForAdvanceAttachSurface mStartType=0 mFirstStart=false
03-05 05:20:24.168 D/HnAwareStartSurfaceController( 1919): completePauseForAdvanceAttachSurface mStartType=0 mFirstStart=false
03-05 05:20:24.168 I/TransitionController( 1919): setReady falase, wc: ActivityRecord{6c60657 u0 eu.mobile.mypos/.redesign.ui.login.welcome.WelcomeActivity t25852 mVisible=false mOccludesParent=true mode=fullscreen boundsRect(0, 0 - 720, 1612)} com.android.server.wm.ActivityStarter.handleStartResult:2264 com.android.server.wm.ActivityStarter.startActivityUnchecked:2083 com.android.server.wm.ActivityStarter.executeRequest:1793 com.android.server.wm.HwActivityStarter.executeRequest:352 com.android.server.wm.ActivityStarter.execute:1001 com.android.server.wm.HwActivityStarter.execute:683 com.android.server.wm.ActivityTaskManagerService.startActivityAsUser:1565 com.android.server.wm.ActivityTaskManagerService.startActivityAsUser:1516 com.android.server.wm.ActivityTaskManagerService.startActivity:1491 android.app.IActivityTaskManager$Stub.onTransact:983 com.android.server.wm.ActivityTaskManagerService.onTransact:6657 android.os.Binder.execTransactInternal:1366 android.os.Binder.execTransact:1310 <bottom of call stack> <bottom of call stack> 
03-05 05:20:24.169 I/ShellStartingWindow( 2382): start add StartingWindow
03-05 05:20:24.169 I/ActivityTaskManager( 1919):  (BAL_ALLOW_VISIBLE_WINDOW) result code=0
03-05 05:20:24.171 W/ActivityTaskManager( 1919): Duplicate finish request for r=ActivityRecord{b8e3af9 u0 eu.mobile.mypos/.activities.mainScreenModule.MainActivity t25852 f} mVisible=true mOccludesParent=true mode=fullscreen boundsRect(0, 0 - 720, 1612)}
03-05 05:20:24.172 W/WindowManager( 1919): Attempted to add application window with unknown token Token{bd72a5f ActivityRecord{330880 u0 eu.mobile.mypos/.redesign.ui.login.welcome.WelcomeActivity t-1 f} mVisible=false mOccludesParent=true mode=fullscreen boundsRect(0, 0 - 720, 1612)}}.  Aborting.
03-05 05:20:24.175 V/InputMethodManagerService( 1919): startInputOrWindowGainedFocusInternalLocked: reason=WINDOW_FOCUS_GAIN client=android.os.BinderProxy@4193424 inputContext=null editorInfo=android.view.inputmethod.EditorInfo@19cb7ae startInputFlags=VIEW_HAS_FOCUS|INITIAL_CONNECTION softInputMode=STATE_HIDDEN|ADJUST_RESIZE|IS_FORWARD_NAVIGATION windowFlags=#81810100 unverifiedTargetSdkVersion=35 userId=0 imeDispatcher=android.window.ImeOnBackInvokedDispatcher@e45694f
03-05 05:20:24.175 D/CompatibilityChangeReporter( 1919): Compat change id reported: 214016041; UID 10213; state: ENABLED
03-05 05:20:24.175 I/PreventAccidentalTouchManager( 1919): updateFocusedWindow: focusedWindowForHideIme=null
03-05 05:20:24.175 I/InputMethodManagerService( 1919): hideCurrentInputLocked: reason 13
03-05 05:20:24.176 V/InputMethodManagerService( 1919): unbindCurrentInputLocked: client=android.os.BinderProxy@8842f21
03-05 05:20:24.176 V/InputMethodManagerService( 1919): Creating new session for client ClientState{1abcde5 mUid=10213 mPid=13424 mSelfReportedDisplayId=0}
03-05 05:20:24.177 V/InputMethodManagerService( 1919): Creating new accessibility sessions for client ClientState{1abcde5 mUid=10213 mPid=13424 mSelfReportedDisplayId=0}
03-05 05:20:24.184 V/InputMethodManagerService( 1919): Enabling: SessionState{uid 10213 pid 13424 method e9c2f6a session 4ff3347 channel ClientState{1abcde5 mUid=10213 mPid=13424 mSelfReportedDisplayId=0} (server)}
03-05 05:20:24.189 I/WindowManager( 1919): removeLeash, the window position need update Window{beb012 u0 InputMethod}
03-05 05:20:24.196 E/ActivityThread(13382): Failed to find provider info for 
03-05 05:20:24.196 W/ShellStartingWindow( 2382): already running, starting window not displayed. Unable to add window -- token android.os.BinderProxy@4eae24e is not valid; is your activity running?
03-05 05:20:24.199 I/WindowManager( 1919): Starting window doesn't consider insets. this=Window{37a0c14 u0 Splash Screen eu.mobile.mypos}
03-05 05:20:24.200 W/ShellStartingWindow( 2382): view not successfully added to wm, removing view
03-05 05:20:24.200 D/HwInputMethodManagerService( 1919): removeImeSurfaceFromWindowAsync.android.os.BinderProxy@4a3a2f6
03-05 05:20:24.206 I/ActivityTaskManager( 1919): Making visible and scheduling visibility: ActivityRecord{6c60657 u0 eu.mobile.mypos/.redesign.ui.login.welcome.WelcomeActivity t25852 mVisible=false mOccludesParent=true mode=fullscreen boundsRect(0, 0 - 720, 1612)}
03-05 05:20:24.207 D/HwWindowManagerServiceEx( 1919): recompute display mode
03-05 05:20:24.208 D/HwWindowManagerServiceEx( 1919): recompute display mode
03-05 05:20:24.210 W/ShellStartingWindow( 2382): failed creating starting window at taskId: 25852
03-05 05:20:24.210 W/ShellStartingWindow( 2382): java.lang.IllegalArgumentException: View=android.widget.FrameLayout{f4a4f6f V.E...... ......I. 0,0-0,0} not attached to window manager
03-05 05:20:24.210 W/ShellStartingWindow( 2382): 	at android.view.WindowManagerGlobal.findViewLocked(WindowManagerGlobal.java:652)
03-05 05:20:24.210 W/ShellStartingWindow( 2382): 	at android.view.WindowManagerGlobal.removeView(WindowManagerGlobal.java:535)
03-05 05:20:24.210 W/ShellStartingWindow( 2382): 	at com.android.wm.shell.startingsurface.HnSplashscreenWindowCreator.addWindow(HnSplashscreenWindowCreator.java:244)
03-05 05:20:24.210 W/ShellStartingWindow( 2382): 	at com.android.wm.shell.startingsurface.HnSplashscreenWindowCreator.addSplashScreenStartingWindow(HnSplashscreenWindowCreator.java:167)
03-05 05:20:24.210 W/ShellStartingWindow( 2382): 	at com.android.wm.shell.startingsurface.StartingSurfaceDrawer.addSplashScreenStartingWindow(StartingSurfaceDrawer.java:119)
03-05 05:20:24.210 W/ShellStartingWindow( 2382): 	at com.android.wm.shell.startingsurface.StartingWindowController.lambda$addStartingWindow$0(StartingWindowController.java:195)
03-05 05:20:24.210 W/ShellStartingWindow( 2382): 	at com.android.wm.shell.startingsurface.StartingWindowController.$r8$lambda$isc3xKvKIpValFa5jEuhGZmBKqA(StartingWindowController.java:0)
03-05 05:20:24.210 W/ShellStartingWindow( 2382): 	at com.android.wm.shell.startingsurface.StartingWindowController$$ExternalSyntheticLambda0.run(R8$$SyntheticClass:0)
03-05 05:20:24.210 W/ShellStartingWindow( 2382): 	at android.os.Handler.handleCallback(Handler.java:996)
03-05 05:20:24.210 W/ShellStartingWindow( 2382): 	at android.os.Handler.dispatchMessage(Handler.java:110)
03-05 05:20:24.210 W/ShellStartingWindow( 2382): 	at android.os.Looper.loopOnce(Looper.java:210)
03-05 05:20:24.210 W/ShellStartingWindow( 2382): 	at android.os.Looper.loop(Looper.java:302)
03-05 05:20:24.210 W/ShellStartingWindow( 2382): 	at android.os.HandlerThread.run(HandlerThread.java:67)
03-05 05:20:24.210 I/WindowManager( 1919): Changing focus from Window{4fa2389 u0 eu.mobile.mypos/eu.mobile.mypos.activities.mainScreenModule.MainActivity} to null mode 0 displayId=0
03-05 05:20:24.211 I/WindowManager( 1919): removeLeash, the window position need update Window{6a6046d u0 NavigationBar0}
03-05 05:20:24.213 I/WindowManager( 1919): removeLeash, the window position need update Window{bd39648 u0 StatusBar}
03-05 05:20:24.217 I/HwDisplayContentEx( 1919): currentFocus windowstate null
03-05 05:20:24.217 I/ZrHung.AppEyeFocusWindow( 1919): NFW check null
03-05 05:20:24.220 I/HwAftPolicyService( 1919): Focus Change to null in middle state, ignore!
03-05 05:20:24.220 D/HwWindowManagerServiceEx( 1919): recompute display mode
03-05 05:20:24.221 D/HwWindowManagerServiceEx( 1919): recompute display mode
03-05 05:20:24.221 D/HwWindowManagerServiceEx( 1919): recompute display mode
03-05 05:20:24.221 D/HwWindowManagerServiceEx( 1919): recompute display mode
03-05 05:20:24.234 I/HwBrightnessPgSceneDetection( 1919): isHealthEyeWhenFlod() sIsContainsFoldPkgfalse
03-05 05:20:24.234 I/UsageStatsService( 1919): reportEvent : component= ComponentInfo{eu.mobile.mypos/eu.mobile.mypos.activities.mainScreenModule.MainActivity} eventType= 2
03-05 05:20:24.234 I/UsageStatsService( 1919): reportEvent : component= ComponentInfo{eu.mobile.mypos/eu.mobile.mypos.redesign.ui.login.welcome.WelcomeActivity} eventType= 1
03-05 05:20:24.235 W/WindowManager( 1919): Attempted to add application window with unknown token Token{c719bf1 ActivityRecord{9a5e10a u0 eu.mobile.mypos/.redesign.ui.login.welcome.WelcomeActivity t-1 f} mVisible=false mOccludesParent=true mode=fullscreen boundsRect(0, 0 - 720, 1612)}}.  Aborting.
03-05 05:20:24.235 I/HwBrightnessPgSceneDetection( 1919): isHealthEyeWhenFlod() sIsContainsFoldPkgfalse
03-05 05:20:24.236 W/ShellStartingWindow( 2382): already running, starting window not displayed. Unable to add window -- token android.os.BinderProxy@285bc68 is not valid; is your activity running?
03-05 05:20:24.240 I/ShellStartingWindow( 2382): legacyDrawable: null ,finalType: 3
03-05 05:20:24.241 I/ShellStartingWindow( 2382):  getFromCache,hash: 99517973 ,packageName: eu.mobile.mypos ,result: fffafafa ,configHash: 236956934 ,windowBgColor: 0 ,windowBgResId: 17171087
03-05 05:20:24.243 W/ShellStartingWindow( 2382): view not successfully added to wm, removing view
03-05 05:20:24.244 W/ShellStartingWindow( 2382): failed creating starting window at taskId: 25852
03-05 05:20:24.244 W/ShellStartingWindow( 2382): java.lang.IllegalArgumentException: View=android.widget.FrameLayout{2c91881 V.E...... ......I. 0,0-0,0} not attached to window manager
03-05 05:20:24.244 W/ShellStartingWindow( 2382): 	at android.view.WindowManagerGlobal.findViewLocked(WindowManagerGlobal.java:652)
03-05 05:20:24.244 W/ShellStartingWindow( 2382): 	at android.view.WindowManagerGlobal.removeView(WindowManagerGlobal.java:535)
03-05 05:20:24.244 W/ShellStartingWindow( 2382): 	at com.android.wm.shell.startingsurface.HnSplashscreenWindowCreator.addWindow(HnSplashscreenWindowCreator.java:244)
03-05 05:20:24.244 W/ShellStartingWindow( 2382): 	at com.android.wm.shell.startingsurface.HnSplashscreenWindowCreator.addSplashScreenStartingWindow(HnSplashscreenWindowCreator.java:167)
03-05 05:20:24.244 W/ShellStartingWindow( 2382): 	at com.android.wm.shell.startingsurface.StartingSurfaceDrawer.addSplashScreenStartingWindow(StartingSurfaceDrawer.java:119)
03-05 05:20:24.244 W/ShellStartingWindow( 2382): 	at com.android.wm.shell.startingsurface.StartingWindowController.lambda$addStartingWindow$0(StartingWindowController.java:195)
03-05 05:20:24.244 W/ShellStartingWindow( 2382): 	at com.android.wm.shell.startingsurface.StartingWindowController.$r8$lambda$isc3xKvKIpValFa5jEuhGZmBKqA(StartingWindowController.java:0)
03-05 05:20:24.244 W/ShellStartingWindow( 2382): 	at com.android.wm.shell.startingsurface.StartingWindowController$$ExternalSyntheticLambda0.run(R8$$SyntheticClass:0)
03-05 05:20:24.244 W/ShellStartingWindow( 2382): 	at android.os.Handler.handleCallback(Handler.java:996)
03-05 05:20:24.244 W/ShellStartingWindow( 2382): 	at android.os.Handler.dispatchMessage(Handler.java:110)
03-05 05:20:24.244 W/ShellStartingWindow( 2382): 	at android.os.Looper.loopOnce(Looper.java:210)
03-05 05:20:24.244 W/ShellStartingWindow( 2382): 	at android.os.Looper.loop(Looper.java:302)
03-05 05:20:24.244 W/ShellStartingWindow( 2382): 	at android.os.HandlerThread.run(HandlerThread.java:67)
03-05 05:20:24.245 I/PackageManager( 1919): setEnabledSetting pkg:eu.mobile.mypos, className:androidx.work.impl.background.systemalarm.RescheduleReceiver, newState:2, flags:1, userId:0, CallingPid:13424, CallingUid:10213
03-05 05:20:24.255 D/InputMethodManagerService( 1919): IME window vis: 0 active: 0 inv: 0 displayId: 0
03-05 05:20:24.256 V/ActivityThread(13424): Handling launch of ActivityRecord{db470a0 token=android.os.BinderProxy@baaf5a3 {eu.mobile.mypos/eu.mobile.mypos.redesign.ui.login.welcome.WelcomeActivity}}
03-05 05:20:24.259 D/HwInputMethodManagerService( 1919): removeImeSurfaceFromWindowAsync.android.os.BinderProxy@4b47553
03-05 05:20:24.259 I/WindowManager( 1919): navColorWin was set to default navbar color so should add APPEARANCE_LIGHT_NAVIGATION_BARS 18
03-05 05:20:24.262 D/HwWindowManagerServiceEx( 1919): recompute display mode
03-05 05:20:24.265 I/HwBrightnessPgSceneDetection( 1919): isHealthEyeWhenFlod() sIsContainsFoldPkgfalse
03-05 05:20:24.273 V/ActivityThread(13424): callActivityOnCreate
03-05 05:20:24.284 I/ShellStartingWindow( 2382): legacyDrawable: null ,finalType: 3
03-05 05:20:24.284 I/ShellStartingWindow( 2382):  getFromCache,hash: 99517973 ,packageName: eu.mobile.mypos ,result: fffafafa ,configHash: 236956934 ,windowBgColor: 0 ,windowBgResId: 17171087
03-05 05:20:24.296 D/HwWindowStateEx( 1919): construct win com.android.server.wm.HwWindowStateEx@7485ec2,comp ComponentInfo{eu.mobile.mypos/eu.mobile.mypos.redesign.ui.login.welcome.WelcomeActivity},mLayoutInCutoutLandscape false
03-05 05:20:24.301 V/WindowManager( 1919): Attaching Window{2bba4d3 u0 Splash Screen eu.mobile.mypos} token=ActivityRecord{6c60657 u0 eu.mobile.mypos/.redesign.ui.login.welcome.WelcomeActivity t25852 mVisible=false mOccludesParent=true mode=fullscreen boundsRect(0, 0 - 720, 1612)}
03-05 05:20:24.303 I/PackageManager( 1919): setEnabledSetting pkg:eu.mobile.mypos, className:androidx.work.impl.background.systemalarm.RescheduleReceiver, newState:2, flags:1, userId:0, CallingPid:13424, CallingUid:10213
03-05 05:20:24.308 D/HwWindowManagerServiceEx( 1919): recompute display mode
03-05 05:20:24.312 D/HwWindowManagerServiceEx( 1919): recompute display mode
03-05 05:20:24.316 I/WindowManager( 1919): removeLeash, the window position need update Window{37a0c14 u0 Splash Screen eu.mobile.mypos EXITING}
03-05 05:20:24.316 I/hnWindowInfomationUpdate( 1919): addOrUpdateWindowInformation end ... 
03-05 05:20:24.327 I/VRI[mypos]( 2382): dispatchDetachedFromWindow in doDie
03-05 05:20:24.328 I/WindowManager( 1919): removeLeash, the window position need update Window{4fa2389 u0 eu.mobile.mypos/eu.mobile.mypos.activities.mainScreenModule.MainActivity}
03-05 05:20:24.328 I/hnWindowInfomationUpdate( 1919): toSaveActivityMode start ...title=eu.mobile.mypos/eu.mobile.mypos.activities.mainScreenModule.MainActivity,returnNum=1isVisible=true
03-05 05:20:24.328 I/hnWindowInfomationUpdate( 1919): toSaveActivityMode start ...mShownWindowMap.size()=2
03-05 05:20:24.329 I/hnWindowInfomationUpdate( 1919): addOrUpdateWindowInformation end ... 
03-05 05:20:24.329 I/WindowManager( 1919): setSurfaceControl null, caller = com.android.server.wm.WindowContainer.removeImmediately:874 com.android.server.wm.WindowState.removeImmediately:3014 com.android.server.wm.WindowState.removeIfPossible:3189 com.android.server.wm.WindowManagerService.removeWindow:2604 com.android.server.wm.Session.remove:248 android.view.IWindowSession$Stub.onTransact:858 com.android.server.wm.Session.onTransact:195 android.os.Binder.execTransactInternal:1371 android.os.Binder.execTransact:1310 <bottom of call stack> 
03-05 05:20:24.331 I/WindowManager( 1919): removeLeash, the window position need update Window{6a6046d u0 NavigationBar0}
03-05 05:20:24.333 I/WindowManager( 1919): removeLeash, the window position need update Window{bd39648 u0 StatusBar}
03-05 05:20:24.337 I/WindowManager( 1919): navColorWin was set to default navbar color so should add APPEARANCE_LIGHT_NAVIGATION_BARS 10
03-05 05:20:24.339 I/PowerManagerService( 1919): wakeLock.mDisabled:false, mDeviceIdleMode:false, mProcState:0
03-05 05:20:24.339 I/HwPowerManagerServiceEx( 1919): no need to notifyScreenState, not registered
03-05 05:20:24.340 I/HnAwareStartSurfaceController( 1919): activityRecord: ActivityRecord{b8e3af9 u0 eu.mobile.mypos/.activities.mainScreenModule.MainActivity t25852 f} mVisible=true mOccludesParent=true mode=fullscreen boundsRect(0, 0 - 720, 1612)} mCurrentAppStartingSurface: null
03-05 05:20:24.342 I/WindowManager( 1919): navColorWin was set to default navbar color so should add APPEARANCE_LIGHT_NAVIGATION_BARS 10
03-05 05:20:24.348 I/HwBrightnessPgSceneDetection( 1919): isHealthEyeWhenFlod() sIsContainsFoldPkgfalse
03-05 05:20:24.348 I/HwBrightnessPgSceneDetection( 1919): isHealthEyeWhenFlod() sIsContainsFoldPkgfalse
03-05 05:20:24.349 I/WindowManager( 1919): navColorWin was set to default navbar color so should add APPEARANCE_LIGHT_NAVIGATION_BARS 10
03-05 05:20:24.352 D/HwWindowManagerServiceEx( 1919): recompute display mode
03-05 05:20:24.352 I/HwBrightnessPgSceneDetection( 1919): isHealthEyeWhenFlod() sIsContainsFoldPkgfalse
03-05 05:20:24.355 W/WindowManager( 1919): Failed looking up window session=Session{3b72e9c 2382:u0a10083} callers=com.android.server.wm.WindowManagerService.windowForClientLocked:7386 com.android.server.wm.Session.setOnBackInvokedCallbackInfo:1067 android.view.IWindowSession$Stub.onTransact:1426 
03-05 05:20:24.355 I/WindowManager( 1919): setOnBackInvokedCallback(): No window state for package:com.android.systemui
03-05 05:20:24.356 D/CoreBackPreview( 1919): Window{2bba4d3 u0 Splash Screen eu.mobile.mypos}: Setting back callback OnBackInvokedCallbackInfo{mCallback=android.window.IOnBackInvokedCallback$Stub$Proxy@7e53540, mPriority=0, mIsAnimationCallback=false}
03-05 05:20:24.366 D/UsageStatsService( 1919): User[0] SELECT * FROM 0 WHERE beginTime >= 1772680511158 AND endTime < 1772680824366
03-05 05:20:24.366 D/UsageStatsService( 1919): Got 0 results from disk
03-05 05:20:24.366 D/UsageStatsService( 1919): Current stats beginTime=1772661600000 endTime=1772680824234
03-05 05:20:24.367 I/UsageStatsService( 1919): User[0] Results: 15
03-05 05:20:24.367 I/WindowManager( 1919): navColorWin was set to default navbar color so should add APPEARANCE_LIGHT_NAVIGATION_BARS 10
03-05 05:20:24.368 I/HwWindowManagerServiceEx( 1919): canSetReadyAdvance  : true ActivityRecord: ActivityRecord{6c60657 u0 eu.mobile.mypos/.redesign.ui.login.welcome.WelcomeActivity t25852 mVisible=false mOccludesParent=true mode=fullscreen boundsRect(0, 0 - 720, 1612)}
03-05 05:20:24.370 I/HwWindowManagerServiceEx( 1919): canSetReadyAdvance  : true ActivityRecord: ActivityRecord{6c60657 u0 eu.mobile.mypos/.redesign.ui.login.welcome.WelcomeActivity t25852 mVisible=true mOccludesParent=true mode=fullscreen boundsRect(0, 0 - 720, 1612)}
03-05 05:20:24.370 V/WindowManager( 1919): Loading animations: layout params pkg=eu.mobile.mypos resId=0x10302ff
03-05 05:20:24.370 V/WindowManager( 1919): Loading animations: picked package=android
03-05 05:20:24.370 I/hnWindowInfomationUpdate( 1919): addOrUpdateWindowInformation end ... 
