03-05 05:20:25.133 I/HwBrightnessPgSceneDetection( 1919): isHealthEyeWhenFlod() sIsContainsFoldPkgfalse
03-05 05:20:25.134 D/HwWindowManagerServiceEx( 1919): recompute display mode
03-05 05:20:25.134 I/WindowManager( 1919): handleTopActivityLaunchingInDifferentOrientation background visible activity to cover config
03-05 05:20:25.134 I/hnWindowInfomationUpdate( 1919): toSaveActivityMode start ...title=eu.mobile.mypos/eu.mobile.mypos.activities.mainScreenModule.MainActivity,returnNum=1isVisible=false
03-05 05:20:25.134 I/hnWindowInfomationUpdate( 1919): toSaveActivityMode start ...mShownWindowMap.size()=1
03-05 05:20:25.135 D/HwInputMethodManagerService( 1919): removeImeSurfaceFromWindowAsync.android.os.BinderProxy@4b47553
03-05 05:20:25.137 I/HwPowerManagerServiceEx( 1919): no need to notifyScreenState, not registered
03-05 05:20:25.139 D/InputMethodManagerService( 1919): IME window vis: 0 active: 0 inv: 0 displayId: 0
03-05 05:20:25.139 D/HwInputMethodManagerService( 1919): removeImeSurfaceFromWindowAsync.android.os.BinderProxy@a601048
03-05 05:20:25.153 I/ActivityThread(13424): Remove activity client record, r= ActivityRecord{d93323a token=android.os.BinderProxy@e8fb565 {eu.mobile.mypos/eu.mobile.mypos.activities.mainScreenModule.MainActivity}} token= android.os.BinderProxy@e8fb565
03-05 05:20:25.153 I/VRI[MainActivity](13424): dispatchDetachedFromWindow in doDie
03-05 05:20:25.153 D/CoreBackPreview( 1919): Window{4fa2389 u0 eu.mobile.mypos/eu.mobile.mypos.activities.mainScreenModule.MainActivity}: Setting back callback null
03-05 05:20:25.159 I/hnWindowInfomationUpdate( 1919): addOrUpdateWindowInformation end ... 
03-05 05:20:25.159 I/WindowManager( 1919): setSurfaceControl null, caller = com.android.server.wm.WindowContainer.removeImmediately:874 com.android.server.wm.WindowState.removeImmediately:3014 com.android.server.wm.WindowState.removeIfPossible:3189 com.android.server.wm.WindowManagerService.removeWindow:2604 com.android.server.wm.Session.remove:248 android.view.IWindowSession$Stub.onTransact:858 com.android.server.wm.Session.onTransact:195 android.os.Binder.execTransactInternal:1366 android.os.Binder.execTransact:1310 <bottom of call stack> 
03-05 05:20:25.165 I/WindowManager( 1919): removeWindowToken: displayid:0 binder:Token{177b5ec ActivityRecord{b8e3af9 u0 eu.mobile.mypos/.activities.mainScreenModule.MainActivity t25852 f} mVisible=false mOccludesParent=true mode=fullscreen boundsRect(0, 0 - 720, 1612)}} token:ActivityRecord{b8e3af9 u0 eu.mobile.mypos/.activities.mainScreenModule.MainActivity t25852 f} mVisible=false mOccludesParent=true mode=fullscreen boundsRect(0, 0 - 720, 1612)}
03-05 05:20:25.165 I/ActivityTaskManager( 1919): destroy for ActivityRecord{b8e3af9 u0 eu.mobile.mypos/.activities.mainScreenModule.MainActivity t25852 f} mVisible=false mOccludesParent=true mode=fullscreen boundsRect(0, 0 - 720, 1612)}, mLetterbox: null
03-05 05:20:25.165 I/WindowManager( 1919): removeWindowToken: displayid:0 binder:Token{177b5ec ActivityRecord{b8e3af9 u0 eu.mobile.mypos/.activities.mainScreenModule.MainActivity t25852 f} mVisible=false mOccludesParent=true mode=fullscreen boundsRect(0, 0 - 720, 1612)}} token:null
03-05 05:20:25.166 I/WindowManager( 1919): setSurfaceControl null, caller = com.android.server.wm.ActivityRecord.setSurfaceControl:2183 com.android.server.wm.WindowContainer.removeImmediately:874 com.android.server.wm.WindowToken.removeImmediately:413 com.android.server.wm.ActivityRecord.removeImmediately:5453 com.android.server.wm.ActivityRecord.removeIfPossible:5460 com.android.server.wm.ActivityRecord.onRemovedFromDisplay:5547 com.android.server.wm.DisplayContent.removeAppToken:1835 com.android.server.wm.ActivityRecord.removeFromHistory:5133 com.android.server.wm.ActivityRecord.destroyed:5213 com.android.server.wm.ActivityClientController.activityDestroyed:372 
03-05 05:20:25.166 I/removeFromHistory( 1919): ActivityRecord{b8e3af9 u0 eu.mobile.mypos/.activities.mainScreenModule.MainActivity t-1 f} mVisible=false mOccludesParent=true mode=fullscreen boundsRect(0, 0 - 720, 1612)} reason activityDestroyed Callers=com.android.server.wm.ActivityRecord.destroyed:5213 com.android.server.wm.ActivityClientController.activityDestroyed:372 android.app.IActivityClientController$Stub.onTransact:714 com.android.server.wm.ActivityClientController.onTransact:214 android.os.Binder.execTransactInternal:1371 android.os.Binder.execTransact:1310 <bottom of call stack> <bottom of call stack> 
03-05 05:20:25.167 D/HwWindowManagerServiceEx( 1919): recompute display mode
03-05 05:20:25.167 D/HwWindowManagerServiceEx( 1919): recompute display mode
03-05 05:20:25.167 I/HwBrightnessPgSceneDetection( 1919): isHealthEyeWhenFlod() sIsContainsFoldPkgfalse
03-05 05:20:25.167 I/UsageStatsService( 1919): reportEvent : component= ComponentInfo{eu.mobile.mypos/eu.mobile.mypos.activities.mainScreenModule.MainActivity} eventType= 24
03-05 05:20:25.170 I/ActivityThread(13424): Remove activity client record, r= ActivityRecord{db470a0 token=android.os.BinderProxy@baaf5a3 {eu.mobile.mypos/eu.mobile.mypos.redesign.ui.login.welcome.WelcomeActivity}} token= android.os.BinderProxy@baaf5a3
03-05 05:20:25.171 I/WindowManager( 1919): removeWindowToken: displayid:0 binder:Token{65991b0 ActivityRecord{6c60657 u0 eu.mobile.mypos/.redesign.ui.login.welcome.WelcomeActivity t25852 f} mVisible=false mOccludesParent=true mode=fullscreen boundsRect(0, 0 - 720, 1612)}} token:ActivityRecord{6c60657 u0 eu.mobile.mypos/.redesign.ui.login.welcome.WelcomeActivity t25852 f} mVisible=false mOccludesParent=true mode=fullscreen boundsRect(0, 0 - 720, 1612)}
03-05 05:20:25.171 I/ActivityTaskManager( 1919): destroy for ActivityRecord{6c60657 u0 eu.mobile.mypos/.redesign.ui.login.welcome.WelcomeActivity t25852 f} mVisible=false mOccludesParent=true mode=fullscreen boundsRect(0, 0 - 720, 1612)}, mLetterbox: null
03-05 05:20:25.171 I/WindowManager( 1919): removeWindowToken: displayid:0 binder:Token{65991b0 ActivityRecord{6c60657 u0 eu.mobile.mypos/.redesign.ui.login.welcome.WelcomeActivity t25852 f} mVisible=false mOccludesParent=true mode=fullscreen boundsRect(0, 0 - 720, 1612)}} token:null
03-05 05:20:25.171 I/WindowManager( 1919): setSurfaceControl null, caller = com.android.server.wm.ActivityRecord.setSurfaceControl:2183 com.android.server.wm.WindowContainer.removeImmediately:874 com.android.server.wm.WindowToken.removeImmediately:413 com.android.server.wm.ActivityRecord.removeImmediately:5453 com.android.server.wm.ActivityRecord.removeIfPossible:5460 com.android.server.wm.ActivityRecord.onRemovedFromDisplay:5547 com.android.server.wm.DisplayContent.removeAppToken:1835 com.android.server.wm.ActivityRecord.removeFromHistory:5133 com.android.server.wm.ActivityRecord.destroyed:5213 com.android.server.wm.ActivityClientController.activityDestroyed:372 
03-05 05:20:25.172 I/removeFromHistory( 1919): ActivityRecord{6c60657 u0 eu.mobile.mypos/.redesign.ui.login.welcome.WelcomeActivity t-1 f} mVisible=false mOccludesParent=true mode=fullscreen boundsRect(0, 0 - 720, 1612)} reason activityDestroyed Callers=com.android.server.wm.ActivityRecord.destroyed:5213 com.android.server.wm.ActivityClientController.activityDestroyed:372 android.app.IActivityClientController$Stub.onTransact:714 com.android.server.wm.ActivityClientController.onTransact:214 android.os.Binder.execTransactInternal:1371 android.os.Binder.execTransact:1310 <bottom of call stack> <bottom of call stack> 
03-05 05:20:25.173 D/HwWindowManagerServiceEx( 1919): recompute display mode
03-05 05:20:25.173 D/HwWindowManagerServiceEx( 1919): recompute display mode
03-05 05:20:25.183 I/UsageStatsService( 1919): reportEvent : component= ComponentInfo{eu.mobile.mypos/eu.mobile.mypos.redesign.ui.login.welcome.WelcomeActivity} eventType= 24
03-05 05:20:25.185 I/HnAlarmManagerService( 1919): SHB_ELAPSED, alarm: d95254e, pkg=com.google.android.gms, whenElapsed=316697184229, shbElapsed= 0
03-05 05:20:25.194 D/CompatibilityChangeReporter( 1919): Compat change id reported: 319212206; UID 10213; state: ENABLED
03-05 05:20:25.215 I/PowerManagerService( 1919): wakeLock.mDisabled:false, mDeviceIdleMode:false, mProcState:3
03-05 05:20:25.216 I/HwPowerManagerServiceEx( 1919): no need to notifyScreenState, not registered
03-05 05:20:25.236 I/WindowManager( 1919): navColorWin was set to default navbar color so should add APPEARANCE_LIGHT_NAVIGATION_BARS 18
03-05 05:20:25.239 I/HwBrightnessPgSceneDetection( 1919): isHealthEyeWhenFlod() sIsContainsFoldPkgfalse
03-05 05:20:25.239 D/HwWindowManagerServiceEx( 1919): recompute display mode
03-05 05:20:25.239 I/WindowManager( 1919): handleTopActivityLaunchingInDifferentOrientation background visible activity to cover config
03-05 05:20:25.241 I/VRI[mypos]( 2382): dispatchDetachedFromWindow in doDie
03-05 05:20:25.242 D/CoreBackPreview( 1919): Window{2bba4d3 u0 Splash Screen eu.mobile.mypos EXITING}: Setting back callback null
03-05 05:20:25.242 I/WindowManager( 1919): removeLeash, the window position need update Window{c9e1406 u0 eu.mobile.mypos/eu.mobile.mypos.redesign.ui.login.shortLogin.ShortLoginActivity}
03-05 05:20:25.242 I/hnWindowInfomationUpdate( 1919): toSaveActivityMode start ...title=eu.mobile.mypos/eu.mobile.mypos.redesign.ui.login.shortLogin.ShortLoginActivity,returnNum=1isVisible=true
03-05 05:20:25.243 I/hnWindowInfomationUpdate( 1919): toSaveActivityMode start ...mShownWindowMap.size()=2
03-05 05:20:25.244 D/NotificationListeners( 1919): Removing active service ComponentInfo{com.hihonor.android.launcher/com.hihonor.android.launcher.notification.NotificationListener}
03-05 05:20:25.245 I/WindowManager( 1919): navColorWin was set to default navbar color so should add APPEARANCE_LIGHT_NAVIGATION_BARS 18
03-05 05:20:25.248 I/HwBrightnessPgSceneDetection( 1919): isHealthEyeWhenFlod() sIsContainsFoldPkgfalse
03-05 05:20:25.252 I/WindowManager( 1919): navColorWin was set to default navbar color so should add APPEARANCE_LIGHT_NAVIGATION_BARS 18
03-05 05:20:25.255 I/HwBrightnessPgSceneDetection( 1919): isHealthEyeWhenFlod() sIsContainsFoldPkgfalse
03-05 05:20:25.270 I/HwPowerManagerServiceEx( 1919): no need to notifyScreenState, not registered
03-05 05:20:25.281 I/AppEyeFwkBlock( 1919): do monitor
03-05 05:20:25.296 I/WindowManager( 1919): removeLeash, the window position need update Window{2bba4d3 u0 Splash Screen eu.mobile.mypos EXITING}
03-05 05:20:25.296 I/hnWindowInfomationUpdate( 1919): addOrUpdateWindowInformation end ... 
03-05 05:20:25.297 I/hnWindowInfomationUpdate( 1919): addOrUpdateWindowInformation end ... 
03-05 05:20:25.300 I/WindowManager( 1919): setSurfaceControl null, caller = com.android.server.wm.WindowContainer.removeImmediately:874 com.android.server.wm.WindowState.removeImmediately:3014 com.android.server.wm.WindowState.destroySurface:4311 com.android.server.wm.WindowState.onExitAnimationDone:5952 com.android.server.wm.WindowStateAnimator.onAnimationFinished:250 com.android.server.wm.WindowState.onAnimationFinished:6241 com.android.server.wm.WindowContainer$$ExternalSyntheticLambda4.onAnimationFinished:0 com.android.server.wm.SurfaceAnimator.lambda$getFinishedCallback$0:166 com.android.server.wm.SurfaceAnimator.$r8$lambda$eYT7rjaBOE8bCIRq043wVzQ_RTM:0 com.android.server.wm.SurfaceAnimator$$ExternalSyntheticLambda1.run:0 
03-05 05:20:25.301 I/HnAwareStartSurfaceController( 1919): activityRecord: ActivityRecord{526019c u0 eu.mobile.mypos/.redesign.ui.login.shortLogin.ShortLoginActivity t25852 mVisible=true mOccludesParent=true mode=fullscreen boundsRect(0, 0 - 720, 1612)} mCurrentAppStartingSurface: null
03-05 05:20:25.301 I/HnAwareStartSurfaceController( 1919): activityRecord: ActivityRecord{526019c u0 eu.mobile.mypos/.redesign.ui.login.shortLogin.ShortLoginActivity t25852 mVisible=true mOccludesParent=true mode=fullscreen boundsRect(0, 0 - 720, 1612)} mCurrentAppStartingSurface: null
03-05 05:20:25.303 I/WindowManager( 1919): navColorWin was set to default navbar color so should add APPEARANCE_LIGHT_NAVIGATION_BARS 18
03-05 05:20:25.306 I/HwBrightnessPgSceneDetection( 1919): isHealthEyeWhenFlod() sIsContainsFoldPkgfalse
03-05 05:20:25.314 I/WindowManager( 1919): navColorWin was set to default navbar color so should add APPEARANCE_LIGHT_NAVIGATION_BARS 18
03-05 05:20:25.318 I/HwBrightnessPgSceneDetection( 1919): isHealthEyeWhenFlod() sIsContainsFoldPkgfalse
03-05 05:20:25.362 I/ActivityThread(13658): finishPreloaded preloadStatus 0
03-05 05:20:25.362 I/ActivityManager( 1919): Flag disabled. Ignoring finishAttachApplication from uid: 1027. pid: 13658
03-05 05:20:25.383 I/HwUninstalledAppManager( 1919): getScanInstallList, calling UserId:0, callingUid = 1027, callingPid =  13658
03-05 05:20:25.384 I/HwUninstalledAppManager( 1919): getScanInstallList package:/preload/app/Booking installed in user:0
03-05 05:20:25.384 I/HwUninstalledAppManager( 1919): getScanInstallList package:/preload/app/TiktokEUR installed in user:0
03-05 05:20:25.384 I/HwUninstalledAppManager( 1919): getScanInstallList package:/preload/app/AliExpress installed in user:0
03-05 05:20:25.384 I/HwUninstalledAppManager( 1919): getScanInstallList package:/preload/app/Facebook installed in user:0
03-05 05:20:25.384 I/HwUninstalledAppManager( 1919): getScanInstallList package:/preload/app/Netflix installed in user:0
03-05 05:20:25.795 W/ActivityTaskManager( 1919): Activity destroy timeout for ActivityRecord{b18c3a4 u0 com.google.android.gm/.ui.MailActivityGmail t25856 f} mVisible=false mOccludesParent=true mode=fullscreen boundsRect(0, 0 - 720, 1612)}
03-05 05:20:25.796 I/WindowManager( 1919): removeWindowToken: displayid:0 binder:Token{e4ee33c ActivityRecord{b18c3a4 u0 com.google.android.gm/.ui.MailActivityGmail t25856 f} mVisible=false mOccludesParent=true mode=fullscreen boundsRect(0, 0 - 720, 1612)}} token:ActivityRecord{b18c3a4 u0 com.google.android.gm/.ui.MailActivityGmail t25856 f} mVisible=false mOccludesParent=true mode=fullscreen boundsRect(0, 0 - 720, 1612)}
03-05 05:20:25.796 I/ActivityTaskManager( 1919): destroy for ActivityRecord{b18c3a4 u0 com.google.android.gm/.ui.MailActivityGmail t25856 f} mVisible=false mOccludesParent=true mode=fullscreen boundsRect(0, 0 - 720, 1612)}, mLetterbox: null
03-05 05:20:25.798 I/WindowManager( 1919): setSurfaceControl null, caller = com.android.server.wm.WindowContainer.removeImmediately:874 com.android.server.wm.WindowState.removeImmediately:3014 com.android.server.wm.WindowState.removeIfPossible:3189 com.android.server.wm.WindowToken.removeAllWindowsIfPossible:293 com.android.server.wm.ActivityRecord.removeIfPossible:5459 com.android.server.wm.ActivityRecord.onRemovedFromDisplay:5547 com.android.server.wm.DisplayContent.removeAppToken:1835 com.android.server.wm.ActivityRecord.removeFromHistory:5133 com.android.server.wm.ActivityRecord.destroyed:5213 com.android.server.wm.ActivityRecord$3.run:1321 
03-05 05:20:25.799 I/HnAwareStartSurfaceController( 1919): activityRecord: ActivityRecord{526019c u0 eu.mobile.mypos/.redesign.ui.login.shortLogin.ShortLoginActivity t25852 mVisible=true mOccludesParent=true mode=fullscreen boundsRect(0, 0 - 720, 1612)} mCurrentAppStartingSurface: null
03-05 05:20:25.801 I/WindowManager( 1919): navColorWin was set to default navbar color so should add APPEARANCE_LIGHT_NAVIGATION_BARS 18
03-05 05:20:25.807 I/WindowManager( 1919): removeWindowToken: displayid:0 binder:Token{e4ee33c ActivityRecord{b18c3a4 u0 com.google.android.gm/.ui.MailActivityGmail t25856 f} mVisible=false mOccludesParent=true mode=fullscreen boundsRect(0, 0 - 720, 1612)}} token:null
03-05 05:20:25.807 I/WindowManager( 1919): setSurfaceControl null, caller = com.android.server.wm.ActivityRecord.setSurfaceControl:2183 com.android.server.wm.WindowContainer.removeImmediately:874 com.android.server.wm.WindowToken.removeImmediately:413 com.android.server.wm.ActivityRecord.removeImmediately:5453 com.android.server.wm.ActivityRecord.removeIfPossible:5460 com.android.server.wm.ActivityRecord.onRemovedFromDisplay:5547 com.android.server.wm.DisplayContent.removeAppToken:1835 com.android.server.wm.ActivityRecord.removeFromHistory:5133 com.android.server.wm.ActivityRecord.destroyed:5213 com.android.server.wm.ActivityRecord$3.run:1321 
03-05 05:20:25.811 I/WindowManager( 1919): setSurfaceControl null, caller = com.android.server.wm.TaskFragment.setSurfaceControl:3124 com.android.server.wm.Task.setSurfaceControl:5814 com.android.server.wm.WindowContainer.removeImmediately:874 com.android.server.wm.TaskFragment.removeImmediately:3444 com.android.server.wm.Task.removeImmediately:3739 com.android.server.wm.Task.removeIfPossible:1123 com.android.server.wm.Task.removeChild:2046 com.android.server.wm.Task.removeChild:1989 com.android.server.wm.WindowContainer.removeImmediately:887 com.android.server.wm.WindowToken.removeImmediately:413 
03-05 05:20:25.811 I/removeFromHistory( 1919): ActivityRecord{b18c3a4 u0 com.google.android.gm/.ui.MailActivityGmail t-1 f} mVisible=false mOccludesParent=true mode=fullscreen boundsRect(0, 0 - 720, 1612)} reason destroyTimeout Callers=com.android.server.wm.ActivityRecord.destroyed:5213 com.android.server.wm.ActivityRecord$3.run:1321 android.os.Handler.handleCallback:996 android.os.Handler.dispatchMessage:110 android.os.Looper.loopOnce:210 android.os.Looper.loop:302 android.os.HandlerThread.run:67 com.android.server.ServiceThread.run:46 
03-05 05:20:25.812 D/HwWindowManagerServiceEx( 1919): recompute display mode
03-05 05:20:25.812 D/HwWindowManagerServiceEx( 1919): recompute display mode
03-05 05:20:25.812 I/UsageStatsService( 1919): reportEvent : component= ComponentInfo{com.google.android.gm/com.google.android.gm.ui.MailActivityGmail} eventType= 24
03-05 05:20:25.813 I/HwBrightnessPgSceneDetection( 1919): isHealthEyeWhenFlod() sIsContainsFoldPkgfalse
03-05 05:20:25.813 W/UsageStatsService( 1919): Unexpected activity event reported! (com.google.android.gm/com.google.android.gm.ui.MailActivityGmail event : 23 instanceId : 240051004)
03-05 05:20:25.817 I/WindowManager( 1919): navColorWin was set to default navbar color so should add APPEARANCE_LIGHT_NAVIGATION_BARS 18
03-05 05:20:25.820 I/HwBrightnessPgSceneDetection( 1919): isHealthEyeWhenFlod() sIsContainsFoldPkgfalse
03-05 05:20:25.822 I/ShellTaskOrganizer( 2382): onTaskVanished: 25856, listener: FullscreenTaskListener:TASK_LISTENER_TYPE_FULLSCREEN
03-05 05:20:25.822 I/FullscreenTaskListener( 2382): onTaskVanished taskId=25856
03-05 05:20:25.910 W/ActivityTaskManager( 1919): Activity destroy timeout for ActivityRecord{8758cf2 u0 com.google.android.googlequicksearchbox/com.google.android.apps.search.assistant.surfaces.voice.robin.main.MainActivity t25840 f} mVisible=false mOccludesParent=true mode=fullscreen boundsRect(0, 0 - 720, 1612)}
03-05 05:20:25.910 I/WindowManager( 1919): removeWindowToken: displayid:0 binder:Token{cb863e ActivityRecord{8758cf2 u0 com.google.android.googlequicksearchbox/com.google.android.apps.search.assistant.surfaces.voice.robin.main.MainActivity t25840 f} mVisible=false mOccludesParent=true mode=fullscreen boundsRect(0, 0 - 720, 1612)}} token:ActivityRecord{8758cf2 u0 com.google.android.googlequicksearchbox/com.google.android.apps.search.assistant.surfaces.voice.robin.main.MainActivity t25840 f} mVisible=false mOccludesParent=true mode=fullscreen boundsRect(0, 0 - 720, 1612)}
03-05 05:20:25.910 I/ActivityTaskManager( 1919): destroy for ActivityRecord{8758cf2 u0 com.google.android.googlequicksearchbox/com.google.android.apps.search.assistant.surfaces.voice.robin.main.MainActivity t25840 f} mVisible=false mOccludesParent=true mode=fullscreen boundsRect(0, 0 - 720, 1612)}, mLetterbox: null
03-05 05:20:25.912 I/WindowManager( 1919): setSurfaceControl null, caller = com.android.server.wm.WindowContainer.removeImmediately:874 com.android.server.wm.WindowState.removeImmediately:3014 com.android.server.wm.WindowState.removeIfPossible:3189 com.android.server.wm.WindowToken.removeAllWindowsIfPossible:293 com.android.server.wm.ActivityRecord.removeIfPossible:5459 com.android.server.wm.ActivityRecord.onRemovedFromDisplay:5547 com.android.server.wm.DisplayContent.removeAppToken:1835 com.android.server.wm.ActivityRecord.removeFromHistory:5133 com.android.server.wm.ActivityRecord.destroyed:5213 com.android.server.wm.ActivityRecord$3.run:1321 
03-05 05:20:25.913 I/HnAwareStartSurfaceController( 1919): activityRecord: ActivityRecord{526019c u0 eu.mobile.mypos/.redesign.ui.login.shortLogin.ShortLoginActivity t25852 mVisible=true mOccludesParent=true mode=fullscreen boundsRect(0, 0 - 720, 1612)} mCurrentAppStartingSurface: null
03-05 05:20:25.916 I/WindowManager( 1919): navColorWin was set to default navbar color so should add APPEARANCE_LIGHT_NAVIGATION_BARS 18
03-05 05:20:25.921 I/WindowManager( 1919): removeWindowToken: displayid:0 binder:Token{cb863e ActivityRecord{8758cf2 u0 com.google.android.googlequicksearchbox/com.google.android.apps.search.assistant.surfaces.voice.robin.main.MainActivity t25840 f} mVisible=false mOccludesParent=true mode=fullscreen boundsRect(0, 0 - 720, 1612)}} token:null
03-05 05:20:25.921 I/WindowManager( 1919): setSurfaceControl null, caller = com.android.server.wm.ActivityRecord.setSurfaceControl:2183 com.android.server.wm.WindowContainer.removeImmediately:874 com.android.server.wm.WindowToken.removeImmediately:413 com.android.server.wm.ActivityRecord.removeImmediately:5453 com.android.server.wm.ActivityRecord.removeIfPossible:5460 com.android.server.wm.ActivityRecord.onRemovedFromDisplay:5547 com.android.server.wm.DisplayContent.removeAppToken:1835 com.android.server.wm.ActivityRecord.removeFromHistory:5133 com.android.server.wm.ActivityRecord.destroyed:5213 com.android.server.wm.ActivityRecord$3.run:1321 
03-05 05:20:25.924 I/WindowManager( 1919): setSurfaceControl null, caller = com.android.server.wm.TaskFragment.setSurfaceControl:3124 com.android.server.wm.Task.setSurfaceControl:5814 com.android.server.wm.WindowContainer.removeImmediately:874 com.android.server.wm.TaskFragment.removeImmediately:3444 com.android.server.wm.Task.removeImmediately:3739 com.android.server.wm.Task.removeIfPossible:1123 com.android.server.wm.Task.removeChild:2046 com.android.server.wm.Task.removeChild:1989 com.android.server.wm.WindowContainer.removeImmediately:887 com.android.server.wm.WindowToken.removeImmediately:413 
03-05 05:20:25.925 I/removeFromHistory( 1919): ActivityRecord{8758cf2 u0 com.google.android.googlequicksearchbox/com.google.android.apps.search.assistant.surfaces.voice.robin.main.MainActivity t-1 f} mVisible=false mOccludesParent=true mode=fullscreen boundsRect(0, 0 - 720, 1612)} reason destroyTimeout Callers=com.android.server.wm.ActivityRecord.destroyed:5213 com.android.server.wm.ActivityRecord$3.run:1321 android.os.Handler.handleCallback:996 android.os.Handler.dispatchMessage:110 android.os.Looper.loopOnce:210 android.os.Looper.loop:302 android.os.HandlerThread.run:67 com.android.server.ServiceThread.run:46 
03-05 05:20:25.926 D/HwWindowManagerServiceEx( 1919): recompute display mode
03-05 05:20:25.926 D/HwWindowManagerServiceEx( 1919): recompute display mode
03-05 05:20:25.926 I/UsageStatsService( 1919): reportEvent : component= ComponentInfo{com.google.android.googlequicksearchbox/com.google.android.apps.search.assistant.surfaces.voice.robin.main.MainActivity} eventType= 24
03-05 05:20:25.926 W/UsageStatsService( 1919): Unexpected activity event reported! (com.google.android.googlequicksearchbox/com.google.android.apps.search.assistant.surfaces.voice.robin.main.MainActivity event : 23 instanceId : 13338174)
03-05 05:20:25.926 I/HwBrightnessPgSceneDetection( 1919): isHealthEyeWhenFlod() sIsContainsFoldPkgfalse
03-05 05:20:25.928 I/WindowManager( 1919): navColorWin was set to default navbar color so should add APPEARANCE_LIGHT_NAVIGATION_BARS 18
03-05 05:20:25.933 I/ShellTaskOrganizer( 2382): onTaskVanished: 25840, listener: FullscreenTaskListener:TASK_LISTENER_TYPE_FULLSCREEN
03-05 05:20:25.933 I/FullscreenTaskListener( 2382): onTaskVanished taskId=25840
03-05 05:20:25.934 I/HwBrightnessPgSceneDetection( 1919): isHealthEyeWhenFlod() sIsContainsFoldPkgfalse
03-05 05:20:26.648 I/HwPowerManagerServiceEx( 1919): no need to notifyScreenState, not registered
03-05 05:20:26.694 I/HwFingersSnapshooter[GestureCollectionMotion]( 1919): reset mIsCollectionFinished:true, mIsMoreCollectionsFinished:true, isNeedUpdate:false, mCollectionService:null, mMoreCollectionsService:null
03-05 05:20:26.697 W/HwApsManager(13424): HwApsManagerService, registerCallback, start !
03-05 05:20:26.698 I/HwApsManagerConfig( 1919): registerCallbackLocked success, pkgName:eu.mobile.mypos, callback_count:54
03-05 05:20:26.698 I/HwApsManagerConfig( 1919): doCallbackAtFirstRegisterLocked, start ! pkgName:eu.mobile.mypos
03-05 05:20:27.058 I/HwPowerManagerServiceEx( 1919): no need to notifyScreenState, not registered
03-05 05:20:27.153 I/HwPowerManagerServiceEx( 1919): no need to notifyScreenState, not registered
03-05 05:20:27.156 I/VibratorManagerService( 1919): vibrate: uid is 10083, opPkg is com.android.systemui
03-05 05:20:27.157 I/HnVibratorManagerService( 1919): isNeedDisableVibratorOn camera is not active
03-05 05:20:27.157 D/VibratorManagerService( 1919): Starting vibrate for vibration 1656
03-05 05:20:27.158 I/PowerManagerService( 1919): wakeLock.mDisabled:false, mDeviceIdleMode:false, mProcState:0
03-05 05:20:27.158 I/HwPowerManagerServiceEx( 1919): no need to notifyScreenState, not registered
03-05 05:20:27.159 D/VibrationThread( 1919): Playing vibration id 1656 StartSequentialEffectStep
03-05 05:20:27.159 D/VibrationThread( 1919): StartSequentialEffectStep for effect #0
03-05 05:20:27.160 D/VibrationThread( 1919): Perform HEAVY_CLICK on vibrator 0
03-05 05:20:27.166 I/WindowManager( 1919): navColorWin was set to default navbar color so should add APPEARANCE_LIGHT_NAVIGATION_BARS 18
03-05 05:20:27.169 I/HwBrightnessPgSceneDetection( 1919): isHealthEyeWhenFlod() sIsContainsFoldPkgfalse
03-05 05:20:27.169 I/HnAwareStartSurfaceController( 1919): activityRecord: ActivityRecord{526019c u0 eu.mobile.mypos/.redesign.ui.login.shortLogin.ShortLoginActivity t25852 mVisible=true mOccludesParent=true mode=fullscreen boundsRect(0, 0 - 720, 1612)} mCurrentAppStartingSurface: null
03-05 05:20:27.169 D/HwWindowManagerServiceEx( 1919): recompute display mode
03-05 05:20:27.169 I/WindowManager( 1919): handleTopActivityLaunchingInDifferentOrientation background visible activity to cover config
03-05 05:20:27.176 I/HwForceDarkManager( 2382): setAllowedHwForceDark:false package:com.android.systemui mCurrProcessState:2 mIsPackageNameChange:true hwForceDarkState:0 isViewAllowedForceDark:true isLastHonorForceDark:false
03-05 05:20:27.189 D/VibrationThread( 1919): Turned on vibrator 0, result = 0
03-05 05:20:27.189 D/VibrationThread( 1919): Playing fallback for effect HEAVY_CLICK
03-05 05:20:27.190 D/VibrationThread( 1919): Running amplitude step with 30ms latency.
03-05 05:20:27.190 D/VibrationThread( 1919): Turning on vibrator 0 for 42ms
03-05 05:20:27.193 I/WindowManager( 1919): navColorWin was set to default navbar color so should add APPEARANCE_LIGHT_NAVIGATION_BARS 18
03-05 05:20:27.193 I/VibratorManagerService( 1919): vibrate: uid is 10083, opPkg is com.android.systemui
03-05 05:20:27.193 V/WindowManager( 1919): Loading animations: layout params pkg=com.android.systemui resId=0x0
03-05 05:20:27.193 I/HnVibratorManagerService( 1919): isNeedDisableVibratorOn camera is not active
03-05 05:20:27.193 D/HwAppTransitionImpl( 1919): windowAnimations = 0 dose not come from system, not to override it.
03-05 05:20:27.193 D/VibratorManagerService( 1919): Starting vibrate for vibration 1657
03-05 05:20:27.193 D/VibratorManagerService( 1919): Ignoring incoming vibration in favor of repeating vibration
03-05 05:20:27.194 I/hnWindowInfomationUpdate( 1919): addOrUpdateWindowInformation end ... 
03-05 05:20:27.196 I/HwBrightnessPgSceneDetection( 1919): isHealthEyeWhenFlod() sIsContainsFoldPkgfalse
03-05 05:20:27.197 I/WindowManager( 1919): navColorWin was set to default navbar color so should add APPEARANCE_LIGHT_NAVIGATION_BARS 18
03-05 05:20:27.199 I/HwBrightnessPgSceneDetection( 1919): isHealthEyeWhenFlod() sIsContainsFoldPkgfalse
03-05 05:20:27.199 D/HwWindowManagerServiceEx( 1919): recompute display mode
03-05 05:20:27.199 I/WindowManager( 1919): handleTopActivityLaunchingInDifferentOrientation background visible activity to cover config
03-05 05:20:27.200 D/VibrationThread( 1919): Turned on vibrator 0, result = 42
03-05 05:20:27.200 D/VibrationThread( 1919): Amplitude changed on vibrator 0 to 1.0
03-05 05:20:27.200 D/VibrationThread( 1919): Turned on vibrator 0, result = 42
03-05 05:20:27.202 D/VibrationThread( 1919): Playing vibration id 1656 on vibrator 0 CompleteEffectVibratorStep
03-05 05:20:27.202 D/VibrationThread( 1919): Running complete vibration step on vibrator 0
03-05 05:20:27.202 I/VibratorManagerService( 1919): Vibration 1656 finished with EndInfo{status=FINISHED, endedBy=null}
03-05 05:20:27.202 D/VibratorManagerService( 1919): Reporting vibration 1656 finished with EndInfo{status=FINISHED, endedBy=null}
03-05 05:20:27.202 D/VibratorManagerService( 1919): Vibration for uid=10083 and with attrs=VibrationAttributes: Usage=TOUCH Audio Usage= USAGE_UNKNOWN Flags=0 ended with status FINISHED
03-05 05:20:27.243 D/VibratorManagerService( 1919): Vibration 1656 on vibrator 0 complete, notifying thread
03-05 05:20:27.243 D/VibrationThread( 1919): Vibration complete reported by vibrator 0
03-05 05:20:27.244 D/VibrationThread( 1919): Received completion callback from 0, accepted = true
03-05 05:20:27.244 D/VibrationThread( 1919): Playing vibration id 1656 on vibrator 0 TurnOffVibratorStep (cleanup)
03-05 05:20:27.244 D/VibrationThread( 1919): Turning off vibrator 0
03-05 05:20:27.246 D/VibrationThread( 1919): Playing vibration id 1656 FinishSequentialEffectStep (cleanup)
03-05 05:20:27.246 D/VibrationThread( 1919): FinishSequentialEffectStep for effect #0
03-05 05:20:27.246 I/VibrationThread( 1919): playVibration used total time 44
03-05 05:20:27.248 D/VibratorManagerService( 1919): VibrationThread released after finished vibration
03-05 05:20:27.248 D/VibratorManagerService( 1919): Processing VibrationThread released callback
03-05 05:20:27.248 I/HwPowerManagerServiceEx( 1919): no need to notifyScreenState, not registered
03-05 05:20:27.261 I/HwPowerManagerServiceEx( 1919): no need to notifyScreenState, not registered
03-05 05:20:27.269 I/ActivityManager( 1919): sendIntentSender target:PendingIntentRecord{e48d498 com.hihonor.awareness broadcastIntent}, intent:flg=0x4 hwFlg=0x110
03-05 05:20:27.270 I/PowerManagerService( 1919): wakeLock.mDisabled:false, mDeviceIdleMode:false, mProcState:0
03-05 05:20:27.271 I/HwPowerManagerServiceEx( 1919): no need to notifyScreenState, not registered
03-05 05:20:27.281 I/HwPowerManagerServiceEx( 1919): no need to notifyScreenState, not registered
03-05 05:20:27.284 I/HnAlarmManagerService( 1919): SHB_ELAPSED, alarm: 460e247, pkg=com.hihonor.awareness, whenElapsed=1341058243, shbElapsed= 0
03-05 05:20:27.294 I/NotificationService( 1919): pag com.hihonor.brain dosen't have notification permission
03-05 05:20:27.343 I/HwFingersSnapshooter[GestureCollectionMotion]( 1919): reset mIsCollectionFinished:true, mIsMoreCollectionsFinished:true, isNeedUpdate:false, mCollectionService:null, mMoreCollectionsService:null
03-05 05:20:27.510 V/WindowManager( 1919): Loading animations: layout params pkg=com.android.systemui resId=0x0
03-05 05:20:27.510 D/HwAppTransitionImpl( 1919): windowAnimations = 0 dose not come from system, not to override it.
03-05 05:20:27.511 I/hnWindowInfomationUpdate( 1919): addOrUpdateWindowInformation end ... 
03-05 05:20:27.513 I/WindowManager( 1919): navColorWin was set to default navbar color so should add APPEARANCE_LIGHT_NAVIGATION_BARS 18
03-05 05:20:27.515 I/HwBrightnessPgSceneDetection( 1919): isHealthEyeWhenFlod() sIsContainsFoldPkgfalse
03-05 05:20:27.515 D/HwWindowManagerServiceEx( 1919): recompute display mode
03-05 05:20:27.516 I/WindowManager( 1919): handleTopActivityLaunchingInDifferentOrientation background visible activity to cover config
03-05 05:20:27.701 W/Watchdog( 1919): waitState=[0] waitedHalf=[false]
03-05 05:20:27.702 W/Watchdog( 1919): watchdogKick kickCounter=[150]
03-05 05:20:27.870 D/ActivityTaskManager( 1919): setEnterOrExitFullScreenVideo isEnterOrExitFullScreenVideo = false
03-05 05:20:27.870 D/HwWindowManagerServiceEx( 1919): recompute display mode
03-05 05:20:27.871 I/ActivityTaskManager( 1919): onConfigurationChanged recordWindowInformationForPerformance this = ActivityRecord{3ef4724 u0 com.google.android.youtube/.app.honeycomb.Shell$HomeActivity t25873 mVisible=true mOccludesParent=true mode=pinned boundsRect(381, 462 - 688, 769)}
03-05 05:20:27.871 I/hnWindowInfomationUpdate( 1919): toSaveActivityMode start ...title=com.google.android.youtube/com.google.android.apps.youtube.app.watchwhile.MainActivity,returnNum=6isVisible=true
03-05 05:20:27.871 I/hnWindowInfomationUpdate( 1919): toSaveActivityMode start ...mShownWindowMap.size()=2
03-05 05:20:27.871 D/HwWindowManagerServiceEx( 1919): recompute display mode
03-05 05:20:27.873 I/WindowManager( 1919): navColorWin was set to default navbar color so should add APPEARANCE_LIGHT_NAVIGATION_BARS 18
03-05 05:20:27.876 I/HwBrightnessPgSceneDetection( 1919): isHealthEyeWhenFlod() sIsContainsFoldPkgfalse
03-05 05:20:27.877 I/HwPowerManagerServiceEx( 1919): no need to notifyScreenState, not registered
03-05 05:20:27.881 D/WindowManagerShell( 2382): onTaskInfoChanged: ComponentInfo{com.google.android.youtube/com.google.android.apps.youtube.app.watchwhile.MainActivity}, state=PipTransitionState(mState=entered-pip, mInSwipePipToHomeTransition=false) oldParams=PictureInPictureParams( aspectRatio=1/1 expandedAspectRatio=null sourceRectHint=Rect(381, 1193 - 688, 1500) hasSetActions=true hasSetCloseAction=false isAutoPipEnabled=true isSeamlessResizeEnabled=true title=null subtitle=null isLaunchIntoPip=false) newParams=PictureInPictureParams( aspectRatio=1/1 expandedAspectRatio=null sourceRectHint=Rect(381, 1193 - 688, 1500) hasSetActions=true hasSetCloseAction=false isAutoPipEnabled=true isSeamlessResizeEnabled=true title=null subtitle=null isLaunchIntoPip=false)
03-05 05:20:27.929 I/WindowManager( 1919): navColorWin was set to default navbar color so should add APPEARANCE_LIGHT_NAVIGATION_BARS 18
03-05 05:20:27.932 D/HwWindowManagerServiceEx( 1919): recompute display mode
03-05 05:20:27.932 I/WindowManager( 1919): handleTopActivityLaunchingInDifferentOrientation background visible activity to cover config
03-05 05:20:27.932 I/hnWindowInfomationUpdate( 1919): toSaveActivityMode start ...title=com.google.android.youtube/com.google.android.apps.youtube.app.watchwhile.MainActivity,returnNum=6isVisible=false
03-05 05:20:27.932 I/hnWindowInfomationUpdate( 1919): toSaveActivityMode start ...mShownWindowMap.size()=1
03-05 05:20:27.933 I/HwBrightnessPgSceneDetection( 1919): isHealthEyeWhenFlod() sIsContainsFoldPkgfalse
03-05 05:20:27.974 I/WindowManager( 1919): navColorWin was set to default navbar color so should add APPEARANCE_LIGHT_NAVIGATION_BARS 18
03-05 05:20:27.974 I/hnWindowInfomationUpdate( 1919): toSaveActivityMode start ...title=com.google.android.youtube/com.google.android.apps.youtube.app.watchwhile.MainActivity,returnNum=6isVisible=true
03-05 05:20:27.974 I/hnWindowInfomationUpdate( 1919): toSaveActivityMode start ...mShownWindowMap.size()=2
03-05 05:20:27.975 I/HwFingersSnapshooter[GestureCollectionMotion]( 1919): reset mIsCollectionFinished:true, mIsMoreCollectionsFinished:true, isNeedUpdate:false, mCollectionService:null, mMoreCollectionsService:null
03-05 05:20:27.978 I/WindowManager( 1919): navColorWin was set to default navbar color so should add APPEARANCE_LIGHT_NAVIGATION_BARS 18
03-05 05:20:27.981 I/HwBrightnessPgSceneDetection( 1919): isHealthEyeWhenFlod() sIsContainsFoldPkgfalse
03-05 05:20:27.981 I/HwBrightnessPgSceneDetection( 1919): isHealthEyeWhenFlod() sIsContainsFoldPkgfalse
03-05 05:20:27.981 I/HwPowerManagerServiceEx( 1919): no need to notifyScreenState, not registered
03-05 05:20:27.993 I/WindowManager( 1919): navColorWin was set to default navbar color so should add APPEARANCE_LIGHT_NAVIGATION_BARS 18
03-05 05:20:27.995 I/HwBrightnessPgSceneDetection( 1919): isHealthEyeWhenFlod() sIsContainsFoldPkgfalse
03-05 05:20:28.181 V/ActivityManager( 1919): startProcess: name=com.superpartybyai.app app=null knownToBeDead=true thread=null pid=-1 preloadStatus=-1
03-05 05:20:28.187 D/CompatibilityChangeReporter( 1919): Compat change id reported: 135634846; UID 10327; state: DISABLED
03-05 05:20:28.188 D/CompatibilityChangeReporter( 1919): Compat change id reported: 177438394; UID 10327; state: DISABLED
03-05 05:20:28.188 D/CompatibilityChangeReporter( 1919): Compat change id reported: 135772972; UID 10327; state: DISABLED
03-05 05:20:28.188 D/CompatibilityChangeReporter( 1919): Compat change id reported: 135754954; UID 10327; state: ENABLED
03-05 05:20:28.189 D/CompatibilityChangeReporter( 1919): Compat change id reported: 143937733; UID 10327; state: ENABLED
03-05 05:20:28.209 I/ActivityManager( 1919): Start proc 13713:com.superpartybyai.app/u0a327 for service {com.superpartybyai.app/com.twilio.twilio_voice.service.TVConnectionService}
03-05 05:20:28.211 E/ProcessInfoCollector( 1919): getProcessInfo: failed to find this proc.
03-05 05:20:28.405 D/ActivityThread(13713): Attach thread to application
03-05 05:20:28.417 D/HwWindowManagerServiceEx( 1919): recompute display mode
03-05 05:20:28.417 D/HwWindowManagerServiceEx( 1919): recompute display mode
03-05 05:20:28.422 D/CompatibilityChangeReporter( 1919): Compat change id reported: 265195908; UID 10327; state: ENABLED
03-05 05:20:28.450 E/WindowManager( 1919): Process Permission error! uid:10327
03-05 05:20:28.450 E/WindowManager( 1919): check permission error, current package is com.superpartybyai.app , it is not systemApp, callers is com.hihonor.android.view.IHwWindowManager$Stub.onTransact:1227 android.os.Binder.execTransactInternal:1366 android.os.Binder.execTransact:1310 <bottom of call stack> <bottom of call stack> <bottom of call stack> <bottom of call stack> <bottom of call stack> <bottom of call stack> <bottom of call stack> 
03-05 05:20:28.454 I/ActivityThread(13713): Init compatible state: true
03-05 05:20:28.508 D/CompatibilityChangeReporter( 1919): Compat change id reported: 170503758; UID 10327; state: ENABLED
03-05 05:20:28.680 I/HwPowerManagerServiceEx( 1919): no need to notifyScreenState, not registered
03-05 05:20:28.740 I/HwFingersSnapshooter[GestureCollectionMotion]( 1919): reset mIsCollectionFinished:true, mIsMoreCollectionsFinished:true, isNeedUpdate:false, mCollectionService:null, mMoreCollectionsService:null
03-05 05:20:28.973 I/HwPowerManagerServiceEx( 1919): no need to notifyScreenState, not registered
03-05 05:20:29.040 I/HwFingersSnapshooter[GestureCollectionMotion]( 1919): reset mIsCollectionFinished:true, mIsMoreCollectionsFinished:true, isNeedUpdate:false, mCollectionService:null, mMoreCollectionsService:null
03-05 05:20:29.272 I/HwPowerManagerServiceEx( 1919): no need to notifyScreenState, not registered
03-05 05:20:29.339 I/HwFingersSnapshooter[GestureCollectionMotion]( 1919): reset mIsCollectionFinished:true, mIsMoreCollectionsFinished:true, isNeedUpdate:false, mCollectionService:null, mMoreCollectionsService:null
03-05 05:20:29.493 I/HwPowerManagerServiceEx( 1919): no need to notifyScreenState, not registered
03-05 05:20:29.556 I/HwFingersSnapshooter[GestureCollectionMotion]( 1919): reset mIsCollectionFinished:true, mIsMoreCollectionsFinished:true, isNeedUpdate:false, mCollectionService:null, mMoreCollectionsService:null
03-05 05:20:29.753 I/ActivityThread(13713): finishPreloaded preloadStatus 0
03-05 05:20:29.754 I/ActivityManager( 1919): Flag disabled. Ignoring finishAttachApplication from uid: 10327. pid: 13713
03-05 05:20:29.971 I/ActivityManager( 1919): sendIntentSender target:PendingIntentRecord{aa6a122 com.google.android.gms/com.google.android.gms.scheduler broadcastIntent}, intent:flg=0x4 hwFlg=0x110
03-05 05:20:29.974 I/PowerManagerService( 1919): wakeLock.mDisabled:false, mDeviceIdleMode:false, mProcState:0
03-05 05:20:29.974 I/HwPowerManagerServiceEx( 1919): no need to notifyScreenState, not registered
03-05 05:20:30.001 I/HwPowerManagerServiceEx( 1919): no need to notifyScreenState, not registered
03-05 05:20:30.013 I/PowerManagerService( 1919): wakeLock.mDisabled:false, mDeviceIdleMode:false, mProcState:3
03-05 05:20:30.013 I/HwPowerManagerServiceEx( 1919): no need to notifyScreenState, not registered
03-05 05:20:30.022 I/HnAlarmManagerService( 1919): SHB_ELAPSED, alarm: 449a60d, pkg=com.google.android.gms, whenElapsed=1337750537, shbElapsed= 0
03-05 05:20:30.025 I/HwPowerManagerServiceEx( 1919): no need to notifyScreenState, not registered
03-05 05:20:30.395 D/CompatibilityChangeReporter( 1919): Compat change id reported: 265195908; UID 10025; state: ENABLED
03-05 05:20:30.896 I/ActivityTaskManager( 1919): START u0 {cmp=eu.mobile.mypos/.activities.mainScreenModule.MainActivity (has extras)} with LAUNCH_MULTIPLE from uid 10213
03-05 05:20:30.897 D/HwGameAssistantController( 1919): isGameForeground? false
03-05 05:20:30.897 I/ActivityTaskManager( 1919): ActivityRecord info: ActivityInfo{22f03d3 eu.mobile.mypos.activities.mainScreenModule.MainActivity}
03-05 05:20:30.899 I/TransitionController( 1919): first create transition: TransitionRecord{717d00e id=-1 type=OPEN flags=0x0}, caller: com.android.server.wm.ActivityStarter.executeRequest:1793 com.android.server.wm.HwActivityStarter.executeRequest:352 com.android.server.wm.ActivityStarter.execute:1001 com.android.server.wm.HwActivityStarter.execute:683 com.android.server.wm.ActivityTaskManagerService.startActivityAsUser:1565 
03-05 05:20:30.899 D/ActivityTaskManager( 1919): TaskLaunchParamsModifier:task=null activity=ActivityRecord{9611b10 u0 eu.mobile.mypos/.activities.mainScreenModule.MainActivity display-area-from-source=DefaultTaskDisplayArea@244227113 display-id=0 task-display-area-windowing-mode=1 suggested-display-area=DefaultTaskDisplayArea@244227113
03-05 05:20:30.899 I/ActivityStarter( 1919): shouldShowFreeformWindow realCallingPackage =eu.mobile.mypos isRes= true rotation= 0 orientation = 1 isPortarait = true sourceRecord = ActivityRecord{526019c u0 eu.mobile.mypos/.redesign.ui.login.shortLogin.ShortLoginActivity t25852 mVisible=true mOccludesParent=true mode=fullscreen boundsRect(0, 0 - 720, 1612)} isMagicWin = false isForceRotation = false r.packageName = eu.mobile.mypos isAE= false sourceLaunchedFromPackage= eu.mobile.mypos isInBlackList= false r.info = ActivityInfo{22f03d3 eu.mobile.mypos.activities.mainScreenModule.MainActivity}
03-05 05:20:30.900 D/ActivityTaskManager( 1919): TaskLaunchParamsModifier:task=Task{a1deb38 #25852 type=standard A=10213:eu.mobile.mypos} activity=ActivityRecord{9611b10 u0 eu.mobile.mypos/.activities.mainScreenModule.MainActivity t-1 mVisible=false mOccludesParent=true mode=undefined boundsRect(0, 0 - 0, 0)} display-area-from-source=DefaultTaskDisplayArea@244227113 display-id=0 task-display-area-windowing-mode=1 suggested-display-area=DefaultTaskDisplayArea@244227113 inherit-from-source=fullscreen non-freeform-task-display-area display-area=DefaultTaskDisplayArea@244227113 activity-requested-portrait freeform-size-mismatch=Rect(184, 438 - 537, 1158)
03-05 05:20:30.900 I/HwActivityTaskManagerServiceEx( 1919): isAppIsImportingData AMS return -> isCloningAppCloning=false
03-05 05:20:30.900 I/WindowManager( 1919): addWindowToken: displayid:0 binder:Token{f5c0a2f ActivityRecord{9611b10 u0 eu.mobile.mypos/.activities.mainScreenModule.MainActivity t-1 mVisible=false mOccludesParent=true mode=undefined boundsRect(0, 0 - 0, 0)}} token:ActivityRecord{9611b10 u0 eu.mobile.mypos/.activities.mainScreenModule.MainActivity t-1 mVisible=false mOccludesParent=true mode=undefined boundsRect(0, 0 - 0, 0)}
03-05 05:20:30.901 D/ActivityTaskManager( 1919): setEnterOrExitFullScreenVideo isEnterOrExitFullScreenVideo = false
03-05 05:20:30.901 D/HwWindowManagerServiceEx( 1919): recompute display mode
03-05 05:20:30.901 I/ActivityTaskManager( 1919): onConfigurationChanged recordWindowInformationForPerformance this = ActivityRecord{9611b10 u0 eu.mobile.mypos/.activities.mainScreenModule.MainActivity t25852 mVisible=false mOccludesParent=true mode=fullscreen boundsRect(0, 0 - 720, 1612)}
03-05 05:20:30.901 I/hnWindowInfomationUpdate( 1919): toSaveActivityMode start ...title=eu.mobile.mypos/eu.mobile.mypos.activities.mainScreenModule.MainActivity,returnNum=1isVisible=false
03-05 05:20:30.901 I/hnWindowInfomationUpdate( 1919): toSaveActivityMode start ...mShownWindowMap.size()=2
03-05 05:20:30.903 D/HwTaskEx( 1919): updateHwPCMultiCastOverrideConfiguration
03-05 05:20:30.904 I/ActivityTaskManager( 1919): task snapshot clear window but ForceRotateState is true!
03-05 05:20:30.906 I/HnAwareStartSurfaceController( 1919): not match conditions, can't pauseImmediately! mStartType = 0 mFirstStart = false
03-05 05:20:30.906 I/ActivityTaskManager( 1919): shouldPauseImmediately = false
03-05 05:20:30.907 I/PowerManagerService( 1919): wakeLock.mDisabled:false, mDeviceIdleMode:false, mProcState:0
03-05 05:20:30.907 I/HwPowerManagerServiceEx( 1919): no need to notifyScreenState, not registered
03-05 05:20:30.908 I/TransitionController( 1919): setReady falase, wc: Task{a1deb38 #25852 type=standard A=10213:eu.mobile.mypos} com.android.server.wm.TaskFragment.startPausing:2127 com.android.server.wm.TaskFragment.resumeTopActivity:1471 com.android.server.wm.Task.resumeTopActivityInnerLocked:6918 com.android.server.wm.Task.resumeTopActivityUncheckedLocked:6813 com.android.server.wm.RootWindowContainer.resumeFocusedTasksTopActivities:2816 com.android.server.wm.ActivityStarter.startActivityInner:2808 com.android.server.wm.ActivityStarter.startActivityUnchecked:2048 com.android.server.wm.ActivityStarter.executeRequest:1793 com.android.server.wm.HwActivityStarter.executeRequest:352 com.android.server.wm.ActivityStarter.execute:1001 com.android.server.wm.HwActivityStarter.execute:683 com.android.server.wm.ActivityTaskManagerService.startActivityAsUser:1565 com.android.server.wm.ActivityTaskManagerService.startActivityAsUser:1516 com.android.server.wm.ActivityTaskManagerService.startActivity:1491 android.app.IActivityTaskManager$Stub.onTransact:983 
03-05 05:20:30.908 E/WMTransition( 1919): Trying to add a ready-group twice: Display{#0 state=ON size=720x1612 ROTATION_0}
03-05 05:20:30.909 I/DE J DES( 1919): [effect] MEMC do nothing
03-05 05:20:30.910 W/HwAudioServiceEx( 1919): SoundEffectState bundle get reserved is invalid
03-05 05:20:30.911 I/ActivityTaskManager( 1919):  (BAL_ALLOW_VISIBLE_WINDOW) result code=0
03-05 05:20:30.911 I/WindowManagerShell( 2382): Transition requested: android.os.BinderProxy@6ec6fa5 null
03-05 05:20:30.919 I/ActivityTaskManager( 1919): Making visible and scheduling visibility: ActivityRecord{9611b10 u0 eu.mobile.mypos/.activities.mainScreenModule.MainActivity t25852 mVisible=false mOccludesParent=true mode=fullscreen boundsRect(0, 0 - 720, 1612)}
03-05 05:20:30.919 D/HwWindowManagerServiceEx( 1919): recompute display mode
03-05 05:20:30.920 D/HwWindowManagerServiceEx( 1919): recompute display mode
03-05 05:20:30.920 I/UsageStatsService( 1919): reportEvent : component= ComponentInfo{eu.mobile.mypos/eu.mobile.mypos.redesign.ui.login.shortLogin.ShortLoginActivity} eventType= 2
03-05 05:20:30.921 I/HnAwareStartSurfaceController( 1919): activityRecord: ActivityRecord{526019c u0 eu.mobile.mypos/.redesign.ui.login.shortLogin.ShortLoginActivity t25852 f} mVisible=true mOccludesParent=true mode=fullscreen boundsRect(0, 0 - 720, 1612)} mCurrentAppStartingSurface: null
03-05 05:20:30.921 I/WindowManager( 1919): Changing focus from Window{c9e1406 u0 eu.mobile.mypos/eu.mobile.mypos.redesign.ui.login.shortLogin.ShortLoginActivity} to null mode 0 displayId=0
03-05 05:20:30.922 I/WindowManager( 1919): navColorWin was set to default navbar color so should add APPEARANCE_LIGHT_NAVIGATION_BARS 18
03-05 05:20:30.922 I/HwDisplayContentEx( 1919): currentFocus windowstate null
03-05 05:20:30.922 I/ZrHung.AppEyeFocusWindow( 1919): NFW check null
03-05 05:20:30.922 I/HwAftPolicyService( 1919): Focus Change to null in middle state, ignore!
03-05 05:20:30.925 D/HwWindowManagerServiceEx( 1919): recompute display mode
03-05 05:20:30.925 D/HwWindowManagerServiceEx( 1919): recompute display mode
03-05 05:20:30.926 D/HwWindowManagerServiceEx( 1919): recompute display mode
03-05 05:20:30.926 D/HwWindowManagerServiceEx( 1919): recompute display mode
03-05 05:20:30.926 I/UsageStatsService( 1919): reportEvent : component= ComponentInfo{eu.mobile.mypos/eu.mobile.mypos.activities.mainScreenModule.MainActivity} eventType= 1
03-05 05:20:30.926 I/WindowManager( 1919): navColorWin was set to default navbar color so should add APPEARANCE_LIGHT_NAVIGATION_BARS 18
03-05 05:20:30.931 I/HwBrightnessPgSceneDetection( 1919): isHealthEyeWhenFlod() sIsContainsFoldPkgfalse
03-05 05:20:30.934 V/ActivityThread(13424): Handling launch of ActivityRecord{7fadb8c token=android.os.BinderProxy@a25c8bf {eu.mobile.mypos/eu.mobile.mypos.activities.mainScreenModule.MainActivity}}
03-05 05:20:30.939 V/ActivityThread(13424): callActivityOnCreate
03-05 05:20:30.969 I/ActivityThread(13424): add activity client record, r= ActivityRecord{7fadb8c token=android.os.BinderProxy@a25c8bf {eu.mobile.mypos/eu.mobile.mypos.activities.mainScreenModule.MainActivity}} token= android.os.BinderProxy@a25c8bf
03-05 05:20:30.978 D/HwWindowStateEx( 1919): construct win com.android.server.wm.HwWindowStateEx@e7a89c5,comp ComponentInfo{eu.mobile.mypos/eu.mobile.mypos.activities.mainScreenModule.MainActivity},mLayoutInCutoutLandscape false
