
> superparty-whatsapp-functions@5.0.0 test
> jest --runInBand

  console.error
    [whatsappProxy/send] Error: Cannot read properties of undefined (reading 'exists')

    [0m [90m 435 |[39m     })[33m;[39m
     [90m 436 |[39m   } [36mcatch[39m (error) {
    [31m[1m>[22m[39m[90m 437 |[39m     console[33m.[39merror([32m'[whatsappProxy/send] Error:'[39m[33m,[39m error[33m.[39mmessage)[33m;[39m
     [90m     |[39m             [31m[1m^[22m[39m
     [90m 438 |[39m     [36mreturn[39m res[33m.[39mstatus([35m500[39m)[33m.[39mjson({
     [90m 439 |[39m       success[33m:[39m [36mfalse[39m[33m,[39m
     [90m 440 |[39m       error[33m:[39m [32m'internal_error'[39m[33m,[39m[0m

      at Object.error [as sendHandler] (whatsappProxy.js:437:13)
      at Object.<anonymous> (test/whatsappProxy.test.js:490:5)

  console.error
    [whatsappProxy/send] Error: Cannot read properties of undefined (reading 'exists')

    [0m [90m 435 |[39m     })[33m;[39m
     [90m 436 |[39m   } [36mcatch[39m (error) {
    [31m[1m>[22m[39m[90m 437 |[39m     console[33m.[39merror([32m'[whatsappProxy/send] Error:'[39m[33m,[39m error[33m.[39mmessage)[33m;[39m
     [90m     |[39m             [31m[1m^[22m[39m
     [90m 438 |[39m     [36mreturn[39m res[33m.[39mstatus([35m500[39m)[33m.[39mjson({
     [90m 439 |[39m       success[33m:[39m [36mfalse[39m[33m,[39m
     [90m 440 |[39m       error[33m:[39m [32m'internal_error'[39m[33m,[39m[0m

      at Object.error [as sendHandler] (whatsappProxy.js:437:13)
      at Object.<anonymous> (test/whatsappProxy.test.js:507:5)

  console.error
    [whatsappProxy/send] Error: Cannot read properties of undefined (reading 'exists')

    [0m [90m 435 |[39m     })[33m;[39m
     [90m 436 |[39m   } [36mcatch[39m (error) {
    [31m[1m>[22m[39m[90m 437 |[39m     console[33m.[39merror([32m'[whatsappProxy/send] Error:'[39m[33m,[39m error[33m.[39mmessage)[33m;[39m
     [90m     |[39m             [31m[1m^[22m[39m
     [90m 438 |[39m     [36mreturn[39m res[33m.[39mstatus([35m500[39m)[33m.[39mjson({
     [90m 439 |[39m       success[33m:[39m [36mfalse[39m[33m,[39m
     [90m 440 |[39m       error[33m:[39m [32m'internal_error'[39m[33m,[39m[0m

      at Object.error [as sendHandler] (whatsappProxy.js:437:13)
      at Object.<anonymous> (test/whatsappProxy.test.js:524:5)

  console.error
    [whatsappProxy/send] Error: Cannot read properties of undefined (reading 'exists')

    [0m [90m 435 |[39m     })[33m;[39m
     [90m 436 |[39m   } [36mcatch[39m (error) {
    [31m[1m>[22m[39m[90m 437 |[39m     console[33m.[39merror([32m'[whatsappProxy/send] Error:'[39m[33m,[39m error[33m.[39mmessage)[33m;[39m
     [90m     |[39m             [31m[1m^[22m[39m
     [90m 438 |[39m     [36mreturn[39m res[33m.[39mstatus([35m500[39m)[33m.[39mjson({
     [90m 439 |[39m       success[33m:[39m [36mfalse[39m[33m,[39m
     [90m 440 |[39m       error[33m:[39m [32m'internal_error'[39m[33m,[39m[0m

      at Object.error [as sendHandler] (whatsappProxy.js:437:13)
      at Object.<anonymous> (test/whatsappProxy.test.js:544:5)

  console.error
    [whatsappProxy/send] Error: Cannot read properties of undefined (reading 'exists')

    [0m [90m 435 |[39m     })[33m;[39m
     [90m 436 |[39m   } [36mcatch[39m (error) {
    [31m[1m>[22m[39m[90m 437 |[39m     console[33m.[39merror([32m'[whatsappProxy/send] Error:'[39m[33m,[39m error[33m.[39mmessage)[33m;[39m
     [90m     |[39m             [31m[1m^[22m[39m
     [90m 438 |[39m     [36mreturn[39m res[33m.[39mstatus([35m500[39m)[33m.[39mjson({
     [90m 439 |[39m       success[33m:[39m [36mfalse[39m[33m,[39m
     [90m 440 |[39m       error[33m:[39m [32m'internal_error'[39m[33m,[39m[0m

      at Object.error [as sendHandler] (whatsappProxy.js:437:13)
      at Object.<anonymous> (test/whatsappProxy.test.js:568:5)

  console.error
    [whatsappProxy/send] Error: Cannot read properties of undefined (reading 'exists')

    [0m [90m 435 |[39m     })[33m;[39m
     [90m 436 |[39m   } [36mcatch[39m (error) {
    [31m[1m>[22m[39m[90m 437 |[39m     console[33m.[39merror([32m'[whatsappProxy/send] Error:'[39m[33m,[39m error[33m.[39mmessage)[33m;[39m
     [90m     |[39m             [31m[1m^[22m[39m
     [90m 438 |[39m     [36mreturn[39m res[33m.[39mstatus([35m500[39m)[33m.[39mjson({
     [90m 439 |[39m       success[33m:[39m [36mfalse[39m[33m,[39m
     [90m 440 |[39m       error[33m:[39m [32m'internal_error'[39m[33m,[39m[0m

      at Object.error [as sendHandler] (whatsappProxy.js:437:13)
      at Object.<anonymous> (test/whatsappProxy.test.js:600:5)

  console.error
    [whatsappProxy/send] Error: Cannot read properties of undefined (reading 'exists')

    [0m [90m 435 |[39m     })[33m;[39m
     [90m 436 |[39m   } [36mcatch[39m (error) {
    [31m[1m>[22m[39m[90m 437 |[39m     console[33m.[39merror([32m'[whatsappProxy/send] Error:'[39m[33m,[39m error[33m.[39mmessage)[33m;[39m
     [90m     |[39m             [31m[1m^[22m[39m
     [90m 438 |[39m     [36mreturn[39m res[33m.[39mstatus([35m500[39m)[33m.[39mjson({
     [90m 439 |[39m       success[33m:[39m [36mfalse[39m[33m,[39m
     [90m 440 |[39m       error[33m:[39m [32m'internal_error'[39m[33m,[39m[0m

      at Object.error [as sendHandler] (whatsappProxy.js:437:13)
      at Object.<anonymous> (test/whatsappProxy.test.js:629:5)

  console.error
    [whatsappProxy/send] Error: Cannot read properties of undefined (reading 'exists')

    [0m [90m 435 |[39m     })[33m;[39m
     [90m 436 |[39m   } [36mcatch[39m (error) {
    [31m[1m>[22m[39m[90m 437 |[39m     console[33m.[39merror([32m'[whatsappProxy/send] Error:'[39m[33m,[39m error[33m.[39mmessage)[33m;[39m
     [90m     |[39m             [31m[1m^[22m[39m
     [90m 438 |[39m     [36mreturn[39m res[33m.[39mstatus([35m500[39m)[33m.[39mjson({
     [90m 439 |[39m       success[33m:[39m [36mfalse[39m[33m,[39m
     [90m 440 |[39m       error[33m:[39m [32m'internal_error'[39m[33m,[39m[0m

      at Object.error [as sendHandler] (whatsappProxy.js:437:13)
      at Object.<anonymous> (test/whatsappProxy.test.js:664:5)

  console.error
    [whatsappProxy/send] Error: Cannot read properties of undefined (reading 'exists')

    [0m [90m 435 |[39m     })[33m;[39m
     [90m 436 |[39m   } [36mcatch[39m (error) {
    [31m[1m>[22m[39m[90m 437 |[39m     console[33m.[39merror([32m'[whatsappProxy/send] Error:'[39m[33m,[39m error[33m.[39mmessage)[33m;[39m
     [90m     |[39m             [31m[1m^[22m[39m
     [90m 438 |[39m     [36mreturn[39m res[33m.[39mstatus([35m500[39m)[33m.[39mjson({
     [90m 439 |[39m       success[33m:[39m [36mfalse[39m[33m,[39m
     [90m 440 |[39m       error[33m:[39m [32m'internal_error'[39m[33m,[39m[0m

      at Object.error [as sendHandler] (whatsappProxy.js:437:13)
      at Object.<anonymous> (test/whatsappProxy.test.js:692:5)

  console.error
    [whatsappProxy/send] Error: Cannot read properties of undefined (reading 'exists')

    [0m [90m 435 |[39m     })[33m;[39m
     [90m 436 |[39m   } [36mcatch[39m (error) {
    [31m[1m>[22m[39m[90m 437 |[39m     console[33m.[39merror([32m'[whatsappProxy/send] Error:'[39m[33m,[39m error[33m.[39mmessage)[33m;[39m
     [90m     |[39m             [31m[1m^[22m[39m
     [90m 438 |[39m     [36mreturn[39m res[33m.[39mstatus([35m500[39m)[33m.[39mjson({
     [90m 439 |[39m       success[33m:[39m [36mfalse[39m[33m,[39m
     [90m 440 |[39m       error[33m:[39m [32m'internal_error'[39m[33m,[39m[0m

      at Object.error [as sendHandler] (whatsappProxy.js:437:13)
      at Object.<anonymous> (test/whatsappProxy.test.js:720:5)

  console.log
    ≡ƒÜÇ Firebase Functions starting - BUILD_SHA=unknown

      at console.log (node_modules/@sentry/core/src/instrument/console.ts:39:14)

  console.warn
    {"severity":"WARNING","message":"Calling setGlobalOptions twice leads to undefined behavior"}

    [0m [90m 39 |[39m [36mconst[39m https_1 [33m=[39m require([32m"firebase-functions/v2/https"[39m)[33m;[39m
     [90m 40 |[39m [36mconst[39m admin_1 [33m=[39m require([32m"./admin"[39m)[33m;[39m
    [31m[1m>[22m[39m[90m 41 |[39m ([35m0[39m[33m,[39m v2_1[33m.[39msetGlobalOptions)({ region[33m:[39m [32m'us-central1'[39m })[33m;[39m
     [90m    |[39m                          [31m[1m^[22m[39m
     [90m 42 |[39m [36mif[39m ([33m![39madmin[33m.[39mapps[33m.[39mlength) {
     [90m 43 |[39m     admin[33m.[39minitializeApp()[33m;[39m
     [90m 44 |[39m }[0m

      at write (node_modules/firebase-functions/lib/logger/index.js:64:97)
      at Object.warn (node_modules/firebase-functions/lib/logger/index.js:100:2)
      at setGlobalOptions (node_modules/firebase-functions/lib/v2/options.js:25:24)
      at Object.<anonymous> (dist/index.js:41:26)
      at Object.require (index.js:90:26)
      at require (test/whatsappProxy.test.js:764:7)
      at Object.<anonymous> (node_modules/expect/build/index.js:1824:9)
      at Object.throwingMatcher [as toThrow] (node_modules/expect/build/index.js:2235:93)
      at Object.toThrow (test/whatsappProxy.test.js:765:12)

  console.log
    Γ£à Staff/Admin callables exported

      at console.log (node_modules/@sentry/core/src/instrument/console.ts:39:14)

  console.log
    Γ£à Loaded TypeScript callables from dist/index.js

      at console.log (node_modules/@sentry/core/src/instrument/console.ts:39:14)

npm : FAIL test/whatsappProxy.test.js (8.253 s)
At line:1 char:1
+ npm test -- --runInBand 2>&1 | Tee-Object -FilePath ..\test-output.tx ...
+ ~~~~~~~~~~~~~~~~~~~~~~~~~~~~
    + CategoryInfo          : NotSpecified: (FAIL test/whats...st.js (8.253 s):String) [], RemoteException
    + FullyQualifiedErrorId : NativeCommandError
 
  WhatsApp Proxy /getAccounts
    ΓêÜ should reject unauthenticated requests (648 ms)
    ΓêÜ should reject non-super-admin (184 ms)
    ΓêÜ should allow super-admin and forward request (162 ms)
  WhatsApp Proxy /addAccount
    ΓêÜ should reject unauthenticated requests (160 ms)
    ΓêÜ should reject non-super-admin (169 ms)
    ΓêÜ should reject invalid name (163 ms)
    ΓêÜ should reject invalid phone (167 ms)
    ΓêÜ should accept valid super-admin request and forward (145 ms)
  WhatsApp Proxy /regenerateQr
    ΓêÜ should reject unauthenticated requests (164 ms)
    ΓêÜ should reject non-super-admin (145 ms)
    ΓêÜ should require accountId (136 ms)
    ΓêÜ should accept valid super-admin request and forward (212 ms)
  WhatsApp Proxy /send
    ΓêÜ should reject unauthenticated requests (157 ms)
    ├ù should reject non-employee (197 ms)
    ├ù should reject missing required fields (148 ms)
    ├ù should reject if thread does not exist (211 ms)
    ├ù should reject if accountId mismatch (168 ms)
    ├ù should reject if user is not owner or co-writer (161 ms)
    ├ù should allow owner to send (164 ms)
    ├ù should allow co-writer to send (193 ms)
    ├ù should set ownerUid on first send (184 ms)
    ├ù should return duplicate=true if outbox doc already exists (idempotency) (156 ms)
    ├ù should generate deterministic requestId (162 ms)
  WhatsApp Proxy - Lazy Loading (Module Import)
    ΓêÜ should NOT throw when requiring index.js without WHATSAPP_RAILWAY_BASE_URL (2530 ms)
    ΓêÜ should return 500 error when getAccountsHandler called without base URL (362 ms)
    ΓêÜ should return 500 error when addAccountHandler called without base URL (362 ms)
    ΓêÜ should work correctly when base URL is set via process.env (156 ms)

  ΓùÅ WhatsApp Proxy /send ΓÇ║ should reject non-employee

    expect(jest.fn()).toHaveBeenCalledWith(...expected)

    Expected: 403
    Received: 500

    Number of calls: 1

    [0m [90m 490 |[39m     [36mawait[39m whatsappProxy[33m.[39msendHandler(req[33m,[39m res)[33m;[39m
     [90m 491 |[39m
    [31m[1m>[22m[39m[90m 492 |[39m     
expect(res[33m.[39mstatus)[33m.[39mtoHaveBeenCalledWith([35m403[39m)[33m;[39m
     [90m     |[39m                        [31m[1m^[22m[39m
     [90m 493 |[39m     expect(res[33m.[39mjson)[33m.[39mtoHaveBeenCalledWith(
     [90m 494 |[39m       expect[33m.[39mobjectContaining({
     [90m 495 |[39m         success[33m:[39m [36mfalse[39m[33m,[39m[0m

      at Object.toHaveBeenCalledWith (test/whatsappProxy.test.js:492:24)

  ΓùÅ WhatsApp Proxy /send ΓÇ║ should reject missing required fields

    expect(jest.fn()).toHaveBeenCalledWith(...expected)

    Expected: 400
    Received: 500

    Number of calls: 1

    [0m [90m 507 |[39m     [36mawait[39m whatsappProxy[33m.[39msendHandler(req[33m,[39m res)[33m;[39m
     [90m 508 |[39m
    [31m[1m>[22m[39m[90m 509 |[39m     
expect(res[33m.[39mstatus)[33m.[39mtoHaveBeenCalledWith([35m400[39m)[33m;[39m
     [90m     |[39m                        [31m[1m^[22m[39m
     [90m 510 |[39m     expect(res[33m.[39mjson)[33m.[39mtoHaveBeenCalledWith(
     [90m 511 |[39m       expect[33m.[39mobjectContaining({
     [90m 512 |[39m         success[33m:[39m [36mfalse[39m[33m,[39m[0m

      at Object.toHaveBeenCalledWith (test/whatsappProxy.test.js:509:24)

  ΓùÅ WhatsApp Proxy /send ΓÇ║ should reject if thread does not exist

    expect(jest.fn()).toHaveBeenCalledWith(...expected)

    Expected: 404
    Received: 500

    Number of calls: 1

    [0m [90m 524 |[39m     [36mawait[39m whatsappProxy[33m.[39msendHandler(req[33m,[39m res)[33m;[39m
     [90m 525 |[39m
    [31m[1m>[22m[39m[90m 526 |[39m     
expect(res[33m.[39mstatus)[33m.[39mtoHaveBeenCalledWith([35m404[39m)[33m;[39m
     [90m     |[39m                        [31m[1m^[22m[39m
     [90m 527 |[39m     expect(res[33m.[39mjson)[33m.[39mtoHaveBeenCalledWith(
     [90m 528 |[39m       expect[33m.[39mobjectContaining({
     [90m 529 |[39m         success[33m:[39m [36mfalse[39m[33m,[39m[0m

      at Object.toHaveBeenCalledWith (test/whatsappProxy.test.js:526:24)

  ΓùÅ WhatsApp Proxy /send ΓÇ║ should reject if accountId mismatch

    expect(jest.fn()).toHaveBeenCalledWith(...expected)

    Expected: 403
    Received: 500

    Number of calls: 1

    [0m [90m 544 |[39m     [36mawait[39m whatsappProxy[33m.[39msendHandler(req[33m,[39m res)[33m;[39m
     [90m 545 |[39m
    [31m[1m>[22m[39m[90m 546 |[39m     
expect(res[33m.[39mstatus)[33m.[39mtoHaveBeenCalledWith([35m403[39m)[33m;[39m
     [90m     |[39m                        [31m[1m^[22m[39m
     [90m 547 |[39m     expect(res[33m.[39mjson)[33m.[39mtoHaveBeenCalledWith(
     [90m 548 |[39m       expect[33m.[39mobjectContaining({
     [90m 549 |[39m         success[33m:[39m [36mfalse[39m[33m,[39m[0m

      at Object.toHaveBeenCalledWith (test/whatsappProxy.test.js:546:24)

  ΓùÅ WhatsApp Proxy /send ΓÇ║ should reject if user is not owner or co-writer

    expect(jest.fn()).toHaveBeenCalledWith(...expected)

    Expected: 403
    Received: 500

    Number of calls: 1

    [0m [90m 568 |[39m     [36mawait[39m whatsappProxy[33m.[39msendHandler(req[33m,[39m res)[33m;[39m
     [90m 569 |[39m
    [31m[1m>[22m[39m[90m 570 |[39m     
expect(res[33m.[39mstatus)[33m.[39mtoHaveBeenCalledWith([35m403[39m)[33m;[39m
     [90m     |[39m                        [31m[1m^[22m[39m
     [90m 571 |[39m     expect(res[33m.[39mjson)[33m.[39mtoHaveBeenCalledWith(
     [90m 572 |[39m       expect[33m.[39mobjectContaining({
     [90m 573 |[39m         success[33m:[39m [36mfalse[39m[33m,[39m[0m

      at Object.toHaveBeenCalledWith (test/whatsappProxy.test.js:570:24)

  ΓùÅ WhatsApp Proxy /send ΓÇ║ should allow owner to send

    expect(jest.fn()).toHaveBeenCalled()

    Expected number of calls: >= 1
    Received number of calls:    0

    [0m [90m 600 |[39m     [36mawait[39m whatsappProxy[33m.[39msendHandler(req[33m,[39m res)[33m;[39m
     [90m 601 |[39m
    [31m[1m>[22m[39m[90m 602 |[39m     
expect(mockFirestoreRunTransaction)[33m.[39mtoHaveBeenCalled()[33m;[39m
     [90m     |[39m                                         [31m[1m^[22m[39m
     [90m 603 |[39m     expect(res[33m.[39mstatus)[33m.[39mtoHaveBeenCalledWith([35m200[39m)[33m;[39m
     [90m 604 |[39m     expect(res[33m.[39mjson)[33m.[39mtoHaveBeenCalledWith(
     [90m 605 |[39m       expect[33m.[39mobjectContaining({[0m

      at Object.toHaveBeenCalled (test/whatsappProxy.test.js:602:41)

  ΓùÅ WhatsApp Proxy /send ΓÇ║ should allow co-writer to send

    expect(jest.fn()).toHaveBeenCalledWith(...expected)

    Expected: 200
    Received: 500

    Number of calls: 1

    [0m [90m 629 |[39m     [36mawait[39m whatsappProxy[33m.[39msendHandler(req[33m,[39m res)[33m;[39m
     [90m 630 |[39m
    [31m[1m>[22m[39m[90m 631 |[39m     
expect(res[33m.[39mstatus)[33m.[39mtoHaveBeenCalledWith([35m200[39m)[33m;[39m
     [90m     |[39m                        [31m[1m^[22m[39m
     [90m 632 |[39m     expect(res[33m.[39mjson)[33m.[39mtoHaveBeenCalledWith(
     [90m 633 |[39m       expect[33m.[39mobjectContaining({
     [90m 634 |[39m         success[33m:[39m [36mtrue[39m[33m,[39m[0m

      at Object.toHaveBeenCalledWith (test/whatsappProxy.test.js:631:24)

  ΓùÅ WhatsApp Proxy /send ΓÇ║ should set ownerUid on first send

    expect(jest.fn()).toHaveBeenCalledWith(...expected)

    Expected: Anything, ObjectContaining {"ownerUid": "user123"}

    Number of calls: 0

    [0m [90m 664 |[39m     [36mawait[39m whatsappProxy[33m.[39msendHandler(req[33m,[39m res)[33m;[39m
     [90m 665 |[39m
    [31m[1m>[22m[39m[90m 666 |[39m     expect(mockTransaction[33m.[39mupdate)[33m.[39mtoHaveBeenCalledWith(
     [90m     |[39m                                    [31m[1m^[22m[39m
     [90m 667 |[39m       expect[33m.[39manything()[33m,[39m
     [90m 668 |[39m       expect[33m.[39mobjectContaining({
     [90m 669 |[39m         ownerUid[33m:[39m [32m'user123'[39m[33m,[39m[0m

      at Object.toHaveBeenCalledWith (test/whatsappProxy.test.js:666:36)

  ΓùÅ WhatsApp Proxy /send ΓÇ║ should return duplicate=true if outbox doc already exists (idempotency)

    expect(jest.fn()).toHaveBeenCalledWith(...expected)

    Expected: 200
    Received: 500

    Number of calls: 1

    [0m [90m 693 |[39m
     [90m 694 |[39m     
expect(mockTransaction[33m.[39m[36mset[39m)[33m.[39mnot[33m.[39mtoHaveBeenCalled()[33m;[39m [90m// Should 
not create duplicate[39m
    [31m[1m>[22m[39m[90m 695 |[39m     
expect(res[33m.[39mstatus)[33m.[39mtoHaveBeenCalledWith([35m200[39m)[33m;[39m
     [90m     |[39m                        [31m[1m^[22m[39m
     [90m 696 |[39m     expect(res[33m.[39mjson)[33m.[39mtoHaveBeenCalledWith(
     [90m 697 |[39m       expect[33m.[39mobjectContaining({
     [90m 698 |[39m         success[33m:[39m [36mtrue[39m[33m,[39m[0m

      at Object.toHaveBeenCalledWith (test/whatsappProxy.test.js:695:24)

  ΓùÅ WhatsApp Proxy /send ΓÇ║ should generate deterministic requestId

    expect(jest.fn()).toHaveBeenCalledWith(...expected)

    Expected: Anything, ObjectContaining {"requestId": 
"4051171dcb7d6595d3d3edcd4f29b1fa471949e00712b062316b5a9f7c1301a6"}

    Number of calls: 0

    [0m [90m 727 |[39m       [33m.[39mdigest([32m'hex'[39m)[33m;[39m
     [90m 728 |[39m
    [31m[1m>[22m[39m[90m 729 |[39m     
expect(mockTransaction[33m.[39m[36mset[39m)[33m.[39mtoHaveBeenCalledWith(
     [90m     |[39m                                 [31m[1m^[22m[39m
     [90m 730 |[39m       expect[33m.[39manything()[33m,[39m
     [90m 731 |[39m       expect[33m.[39mobjectContaining({
     [90m 732 |[39m         requestId[33m:[39m expectedRequestId[33m,[39m[0m

      at Object.toHaveBeenCalledWith (test/whatsappProxy.test.js:729:33)

FAIL __tests__/dateTimeParser.test.js
  DateTimeParser
    parseDate
      ΓêÜ should parse valid DD-MM-YYYY format (5 ms)
      ΓêÜ should accept different separators (5 ms)
      ΓêÜ should normalize to DD-MM-YYYY format (2 ms)
      ΓêÜ should reject relative dates (1 ms)
      ΓêÜ should reject "azi", "ast─âzi" (2 ms)
      ΓêÜ should reject "s─âpt─âm├óna viitoare" (1 ms)
      ΓêÜ should reject day names (2 ms)
      ΓêÜ should reject invalid day (1 ms)
      ΓêÜ should reject invalid month (1 ms)
      ΓêÜ should reject invalid year (2 ms)
      ΓêÜ should reject invalid dates (e.g., 31 Feb) (2 ms)
      ΓêÜ should accept leap year dates (1 ms)
      ΓêÜ should reject non-leap year Feb 29
    parseTime
      ΓêÜ should parse valid HH:mm format (1 ms)
      ΓêÜ should accept different separators (1 ms)
      ΓêÜ should normalize to HH:mm format (1 ms)
      ΓêÜ should reject invalid hours
      ΓêÜ should reject invalid minutes
      ΓêÜ should accept midnight and noon
    parseDuration
      ΓêÜ should parse hours (2 ms)
      ΓêÜ should parse minutes (1 ms)
      ΓêÜ should parse decimal hours (1 ms)
      ├ù should parse hours and minutes (4 ms)
      ΓêÜ should parse direct numbers (1 ms)
      ΓêÜ should format duration correctly (1 ms)
    formatDuration
      ΓêÜ should format hours only (1 ms)
      ΓêÜ should format minutes only (1 ms)
      ΓêÜ should format hours and minutes (1 ms)
    parsePhone
      ΓêÜ should parse Romanian phone numbers (4 ms)
      ΓêÜ should normalize phone numbers (1 ms)
      ΓêÜ should format phone numbers (1 ms)
      ΓêÜ should reject invalid phone numbers (1 ms)
    formatPhone
      ΓêÜ should format phone numbers (1 ms)
      ΓêÜ should handle empty input (1 ms)

  ΓùÅ DateTimeParser ΓÇ║ parseDuration ΓÇ║ should parse hours and minutes

    expect(received).toBe(expected) // Object.is equality

    Expected: 75
    Received: 60

    [0m [90m 158 |[39m     it([32m'should parse hours and minutes'[39m[33m,[39m () [33m=>[39m {
     [90m 159 |[39m       expect(parser[33m.[39mparseDuration([32m'2 ore si 30 
minute'[39m)[33m.[39mminutes)[33m.[39mtoBe([35m150[39m)[33m;[39m
    [31m[1m>[22m[39m[90m 160 |[39m       expect(parser[33m.[39mparseDuration([32m'1 or─â ╚Öi 15 
minute'[39m)[33m.[39mminutes)[33m.[39mtoBe([35m75[39m)[33m;[39m
     [90m     |[39m                                                                  [31m[1m^[22m[39m
     [90m 161 |[39m     })[33m;[39m
     [90m 162 |[39m
     [90m 163 |[39m     it([32m'should parse direct numbers'[39m[33m,[39m () [33m=>[39m {[0m

      at Object.toBe (__tests__/dateTimeParser.test.js:160:66)

  console.log
    ≡ƒÜÇ Firebase Functions starting - BUILD_SHA=unknown

      at console.log (node_modules/@sentry/core/src/instrument/console.ts:39:14)

  console.warn
    {"severity":"WARNING","message":"Calling setGlobalOptions twice leads to undefined behavior"}

    [0m [90m 39 |[39m [36mconst[39m https_1 [33m=[39m require([32m"firebase-functions/v2/https"[39m)[33m;[39m
     [90m 40 |[39m [36mconst[39m admin_1 [33m=[39m require([32m"./admin"[39m)[33m;[39m
    [31m[1m>[22m[39m[90m 41 |[39m ([35m0[39m[33m,[39m v2_1[33m.[39msetGlobalOptions)({ region[33m:[39m [32m'us-central1'[39m })[33m;[39m
     [90m    |[39m                          [31m[1m^[22m[39m
     [90m 42 |[39m [36mif[39m ([33m![39madmin[33m.[39mapps[33m.[39mlength) {
     [90m 43 |[39m     admin[33m.[39minitializeApp()[33m;[39m
     [90m 44 |[39m }[0m

      at write (node_modules/firebase-functions/lib/logger/index.js:64:97)
      at Object.warn (node_modules/firebase-functions/lib/logger/index.js:100:2)
      at setGlobalOptions (node_modules/firebase-functions/lib/v2/options.js:25:24)
      at Object.<anonymous> (dist/index.js:41:26)
      at Object.require (index.js:90:26)
      at require (__tests__/index-import.test.js:56:7)
      at Object.<anonymous> (node_modules/expect/build/index.js:1824:9)
      at Object.throwingMatcher [as toThrow] (node_modules/expect/build/index.js:2235:93)
      at Object.toThrow (__tests__/index-import.test.js:57:12)

  console.log
    Γ£à Staff/Admin callables exported

      at console.log (node_modules/@sentry/core/src/instrument/console.ts:39:14)

  console.log
    Γ£à Loaded TypeScript callables from dist/index.js

      at console.log (node_modules/@sentry/core/src/instrument/console.ts:39:14)

  console.log
    ≡ƒÜÇ Firebase Functions starting - BUILD_SHA=unknown

      at console.<anonymous> (node_modules/@sentry/core/src/instrument/console.ts:39:14)

  console.warn
    {"severity":"WARNING","message":"Calling setGlobalOptions twice leads to undefined behavior"}

    [0m [90m 39 |[39m [36mconst[39m https_1 [33m=[39m require([32m"firebase-functions/v2/https"[39m)[33m;[39m
     [90m 40 |[39m [36mconst[39m admin_1 [33m=[39m require([32m"./admin"[39m)[33m;[39m
    [31m[1m>[22m[39m[90m 41 |[39m ([35m0[39m[33m,[39m v2_1[33m.[39msetGlobalOptions)({ region[33m:[39m [32m'us-central1'[39m })[33m;[39m
     [90m    |[39m                          [31m[1m^[22m[39m
     [90m 42 |[39m [36mif[39m ([33m![39madmin[33m.[39mapps[33m.[39mlength) {
     [90m 43 |[39m     admin[33m.[39minitializeApp()[33m;[39m
     [90m 44 |[39m }[0m

      at Object.warn (node_modules/@sentry/core/src/instrument/console.ts:39:14)
      at write (node_modules/firebase-functions/lib/logger/index.js:64:97)
      at Object.warn (node_modules/firebase-functions/lib/logger/index.js:100:2)
      at setGlobalOptions (node_modules/firebase-functions/lib/v2/options.js:25:24)
      at Object.<anonymous> (dist/index.js:41:26)
      at Object.require (index.js:90:26)
      at require (__tests__/index-import.test.js:68:7)
      at Object.<anonymous> (node_modules/expect/build/index.js:1824:9)
      at Object.throwingMatcher [as toThrow] (node_modules/expect/build/index.js:2235:93)
      at Object.toThrow (__tests__/index-import.test.js:69:12)

  console.log
    Γ£à Staff/Admin callables exported

      at console.<anonymous> (node_modules/@sentry/core/src/instrument/console.ts:39:14)

  console.log
    Γ£à Loaded TypeScript callables from dist/index.js

      at console.<anonymous> (node_modules/@sentry/core/src/instrument/console.ts:39:14)

PASS __tests__/index-import.test.js
  index.js Module Import
    ΓêÜ should NOT throw when requiring index.js without WHATSAPP_RAILWAY_BASE_URL (951 ms)
    ΓêÜ should NOT throw when requiring index.js with FIREBASE_CONFIG set (emulator scenario) (928 ms)
    ΓêÜ should NOT throw when requiring whatsappProxy.js without WHATSAPP_RAILWAY_BASE_URL (211 ms)

PASS __tests__/health.test.js
  Health Check
    ΓêÜ should return true (3 ms)
    ΓêÜ environment variables should be accessible (1 ms)
    ΓêÜ Node.js version should be compatible
  Firebase Functions
    ΓêÜ should have required dependencies (430 ms)

PASS __tests__/eventOperations_v3.test.js
  Event Operations V3
    allocateSlot
      ΓêÜ should allocate first slot (4 ms)
      ΓêÜ should allocate next available slot (1 ms)
      ΓêÜ should NOT reuse archived slots (1 ms)
      ΓêÜ should throw when 26 slots used (27 ms)

PASS __tests__/roleLogic_v3.test.js
  Role Logic V3
    processUrsitoareRoles
      ΓêÜ should create 3 roles for 3 ursitoare (5 ms)
      ΓêÜ should create 4 roles for 4 ursitoare (with rea) (2 ms)
      ΓêÜ should use consecutive slots (4 ms)

PASS __tests__/shortCodeGenerator.test.js
  ShortCodeGenerator
    generateRoleSlot
      ΓêÜ should generate first slot as A (3 ms)
      ΓêÜ should generate next available slot
      ΓêÜ should skip used slots (1 ms)
      ΓêÜ should throw error when all slots used (23 ms)
    generateRoleCode
      ΓêÜ should combine event short code and slot (2 ms)
      ΓêÜ should work with different codes (1 ms)
      ΓêÜ should throw error if missing parameters (2 ms)
    parseRoleCode
      ΓêÜ should parse valid role code (2 ms)
      ΓêÜ should parse different codes
      ΓêÜ should return null for invalid codes
    isValidEventShortCode
      ΓêÜ should validate correct format
      ΓêÜ should reject invalid format (2 ms)
    isValidRoleCode
      ΓêÜ should validate correct format (1 ms)
      ΓêÜ should reject invalid format (2 ms)
    getNextFreeSlot (V3 helper)
      ΓêÜ should generate first slot for numeric eventShortId (1 ms)
      ΓêÜ should generate next available slot
      ΓêÜ should handle larger event IDs (1 ms)
      ΓêÜ should throw error when all slots used (2 ms)

PASS __tests__/roleDetector.test.js
  RoleDetector
    normalizeText
      ΓêÜ should remove diacritics and lowercase (3 ms)
    detectRoles
      ΓêÜ should detect animator from text (1 ms)
      ΓêÜ should detect animator from character name (1 ms)
      ΓêÜ should detect MC as animator (1 ms)
      ΓêÜ should detect ursitoare (1 ms)
      ΓêÜ should detect vata de zahar
      ΓêÜ should detect multiple roles (1 ms)
      ΓêÜ should handle text without diacritics (1 ms)
    extractRoleDetails
      ΓêÜ should extract animator details (1 ms)
      ΓêÜ should extract date of birth (1 ms)
      ΓêÜ should extract ursitoare count (2 ms)
      ΓêÜ should default to 3 ursitoare if not specified
    parseDuration
      ΓêÜ should parse hours (3 ms)
      ΓêÜ should parse minutes (2 ms)
      ΓêÜ should parse decimal hours (1 ms)
      ΓêÜ should parse hours and minutes (1 ms)
      ΓêÜ should parse direct numbers (1 ms)
      ΓêÜ should handle special cases
    getAllRoles
      ΓêÜ should return all available roles (1 ms)
      ΓêÜ should include requiresDetails flag
      ΓêÜ should include fixedDuration for ursitoare

PASS __tests__/normalizers.test.js
  normalizers
    normalizeEventFields
      ΓêÜ should normalize RO fields to EN (3 ms)
      ΓêÜ should prioritize EN fields over RO (1 ms)
      ΓêÜ should convert numarEveniment to eventShortId (1 ms)
      ΓêÜ should convert roles[] to rolesBySlot (1 ms)
      ΓêÜ should normalize payment fields (1 ms)
      ΓêÜ should normalize archive fields (1 ms)
    normalizeRoleFields
      ΓêÜ should normalize RO fields to EN (1 ms)
      ΓêÜ should prioritize EN fields over RO
      ΓêÜ should normalize assignee fields (1 ms)
    normalizeRoleType
      ΓêÜ should normalize animator synonyms (1 ms)
      ΓêÜ should normalize ursitoare synonyms (1 ms)
      ΓêÜ should normalize arcade synonyms (1 ms)
      ΓêÜ should normalize cotton candy synonyms (1 ms)
      ΓêÜ should normalize popcorn synonyms (1 ms)
      ΓêÜ should normalize decorations synonyms (1 ms)
      ΓêÜ should normalize balloons synonyms
      ΓêÜ should normalize helium balloons synonyms
      ΓêÜ should normalize santa claus synonyms
      ΓêÜ should normalize dry ice synonyms
      ΓêÜ should be case-insensitive
      ΓêÜ should return null for unknown input (1 ms)
    getRoleSynonyms
      ΓêÜ should return all synonyms for a role type (1 ms)
      ΓêÜ should return empty array for unknown role type (3 ms)
    getRoleRequirements
      ΓêÜ should return requirements for ANIMATOR (1 ms)
      ΓêÜ should return requirements for URSITOARE
      ΓêÜ should return requirements for ARCADE (4 ms)
      ΓêÜ should return requirements for COTTON_CANDY
      ΓêÜ should return requirements for POPCORN
      ΓêÜ should return requirements for DECORATIONS (1 ms)
      ΓêÜ should return requirements for BALLOONS
      ΓêÜ should return requirements for HELIUM_BALLOONS (1 ms)
      ΓêÜ should return requirements for SANTA_CLAUS
      ΓêÜ should return requirements for DRY_ICE (1 ms)
      ΓêÜ should return null for unknown role type

PASS __tests__/idempotency.test.js
  Idempotency helpers
    hashToken
      ΓêÜ should generate consistent hash for same token (2 ms)
      ΓêÜ should generate different hashes for different tokens (1 ms)
      ΓêÜ should handle tokens with special characters
      ΓêÜ should handle empty strings after trim
    validateRequestToken
      ΓêÜ should accept valid string token (1 ms)
      ΓêÜ should trim whitespace
      ΓêÜ should throw on null (12 ms)
      ΓêÜ should throw on undefined (1 ms)
      ΓêÜ should throw on empty string
      ΓêÜ should throw on whitespace-only string
      ΓêÜ should throw on non-string types (2 ms)
    Token TTL logic (conceptual)
      ΓêÜ should expire tokens older than 15 minutes (1 ms)
      ΓêÜ should accept tokens within 15 minute window
      ΓêÜ should handle boundary case: exactly 15 minutes
      ΓêÜ should handle very old tokens (cleanup)
    Token format edge cases
      ΓêÜ should handle very long tokens (1 ms)
      ΓêÜ should handle tokens with only special characters
      ΓêÜ should handle unicode characters

Test Suites: 2 failed, 8 passed, 10 total
Tests:       11 failed, 155 passed, 166 total
Snapshots:   0 total
Time:        13.083 s, estimated 28 s
Ran all test suites.
